
There are no discarded input sections

Memory Configuration

Name             Origin             Length             Attributes
*default*        0x00000000         0xffffffff

Linker script and memory map

                0x00001000                        . = 0x1000

.text           0x00001000     0x4e01
 start.o(.text)
 .text          0x00001000       0x19 start.o
                0x00001000                _start
 kernel.o(.text)
 *fill*         0x00001019        0x7 
 .text          0x00001020      0x4f1 kernel.o
                0x000010f0                kernel_main
 *(.text)
 *fill*         0x00001511        0xf 
 .text          0x00001520      0x231 vga.o
                0x00001520                vga_set_colour
                0x00001540                vga_clear
                0x00001590                vga_putchar
                0x000016c0                vga_print
                0x00001700                vga_init
 *fill*         0x00001751        0xf 
 .text          0x00001760       0xf9 gdt.o
                0x00001760                gdt_init
                0x00001810                gdt_set_tss_entry
 *fill*         0x00001859        0x7 
 .text          0x00001860       0x1d gdt_flush.o
                0x00001860                gdt_flush
 *fill*         0x0000187d        0x3 
 .text          0x00001880      0x25a idt.o
                0x00001880                idt_set_entry
                0x000018c0                idt_init
                0x000019e0                isr_handler
                0x00001a70                irq_handler
 *fill*         0x00001ada        0x6 
 .text          0x00001ae0       0x87 isr.o
                0x00001ae0                isr0
                0x00001ae7                isr1
                0x00001aee                isr2
                0x00001af5                isr3
                0x00001afc                isr128
                0x00001b2d                irq0
                0x00001b34                irq1
                0x00001b3b                isr14
 *fill*         0x00001b67        0x9 
 .text          0x00001b70        0x8 idt_flush.o
                0x00001b70                idt_flush
 *fill*         0x00001b78        0x8 
 .text          0x00001b80       0xef pic.o
                0x00001b80                pic_init
                0x00001c00                pic_send_eoi
                0x00001c20                pic_mask
                0x00001c50                pic_unmask
 *fill*         0x00001c6f        0x1 
 .text          0x00001c70       0xf9 keyboard.o
                0x00001c70                keyboard_handler
                0x00001cc0                keyboard_getchar
                0x00001d30                keyboard_init
                0x00001d40                keyboard_wait
 *fill*         0x00001d69       0x17 
 .text          0x00001d80      0x606 shell.o
                0x00001d80                shell_handle_key
                0x00002320                shell_init
 *fill*         0x00002386       0x1a 
 .text          0x000023a0      0x146 timer.o
                0x000023a0                timer_handler
                0x000024a0                timer_get_ticks
                0x000024b0                timer_get_seconds
                0x000024d0                timer_init
 *fill*         0x000024e6       0x1a 
 .text          0x00002500      0x1ee mem.o
                0x00002500                mem_init
                0x00002530                kmalloc
                0x000025d0                kfree
                0x00002640                mem_print_stats
 *fill*         0x000026ee        0x2 
 .text          0x000026f0      0x2a9 serial.o
                0x000026f0                serial_init
                0x00002870                serial_putchar
                0x00002890                serial_print
                0x00002900                serial_println
 *fill*         0x00002999       0x27 
 .text          0x000029c0      0x407 pmm.o
                0x000029c0                pmm_init
                0x00002c80                pmm_alloc
                0x00002cf0                pmm_free
                0x00002d20                pmm_free_pages
                0x00002d30                pmm_used_pages
                0x00002d40                pmm_print_stats
 *fill*         0x00002dc7       0x39 
 .text          0x00002e00      0x6a0 paging.o
                0x00002e00                paging_init
                0x00002f20                page_fault_handler
                0x00002fc0                map_page
                0x000030c0                map_page_in
                0x000031c0                unmap_page
                0x00003200                get_physical
                0x00003250                paging_clone_directory
                0x000032d0                paging_switch_directory
                0x000032e0                paging_deep_copy_directory
 .text          0x000034a0      0xc77 process.o
                0x00003529                process_init
                0x00003577                process_create
                0x000037c4                process_exit
                0x000037f6                process_print_all
                0x000038b0                process_block
                0x000038c8                process_wake
                0x000038ee                create_user_process
                0x00003be5                process_fork
                0x00003efb                process_exec
 *fill*         0x00004117        0x9 
 .text          0x00004120       0x79 switch.o
                0x00004120                switch_context
 *fill*         0x00004199        0x7 
 .text          0x000041a0      0x1ea scheduler.o
                0x000041a0                scheduler_init
                0x000041d0                scheduler_add
                0x00004230                scheduler_tick
                0x00004300                scheduler_yield
                0x00004330                scheduler_start
 *fill*         0x0000438a       0x16 
 .text          0x000043a0      0x395 syscall.o
                0x000046c0                syscall_handler
                0x00004720                syscall_init
 *fill*         0x00004735        0xb 
 .text          0x00004740      0x55f kprintf.o
                0x00004740                kvsnprintf
                0x00004be0                kprintf
                0x00004c30                kserial_printf
 *fill*         0x00004c9f        0x1 
 .text          0x00004ca0       0xad tss.o
                0x00004ca0                tss_init
                0x00004d40                tss_set_kernel_stack
 *fill*         0x00004d4d        0x3 
 .text          0x00004d50       0x36 usermode.o
                0x00004d50                jump_to_usermode
 *fill*         0x00004d86        0xa 
 .text          0x00004d90       0x2e usermode_asm.o
                0x00004d90                enter_usermode
                0x00004db0                iret_to_usermode
 *fill*         0x00004dbe        0x2 
 .text          0x00004dc0      0xd74 vfs.o
                0x00004dc0                vfs_init
                0x00004e80                vfs_mount
                0x00004ff0                vfs_find_mount
                0x000050e0                vfs_resolve_path
                0x00005170                vfs_alloc_fd
                0x000051c0                vfs_free_fd
                0x000051e0                vfs_get_file
                0x00005210                vfs_open
                0x00005570                vfs_close
                0x00005610                vfs_read
                0x000056a0                vfs_write
                0x00005730                vfs_mkdir
                0x000058f0                vfs_readdir
                0x00005990                vfs_delete
 *fill*         0x00005b34        0xc 
 .text          0x00005b40      0x2c1 shadowfs.o
                0x00005be0                shadowfs_get_ops
                0x00005bf0                shadowfs_mount

.rodata         0x00005e20     0x16f5
 *(.rodata)
 .rodata        0x00005e20       0x48 kernel.o
 *fill*         0x00005e68       0x18 
 .rodata        0x00005e80       0x3b keyboard.o
 *fill*         0x00005ebb        0x1 
 .rodata        0x00005ebc      0x440 process.o
 *fill*         0x000062fc        0x4 
 .rodata        0x00006300       0x20 syscall.o
 .rodata        0x00006320       0x58 kprintf.o
 *(.rodata.*)
 .rodata.str1.1
                0x00006378      0x340 kernel.o
 .rodata.str1.4
                0x000066b8       0x6c kernel.o
 .rodata.str1.1
                0x00006724       0x5e idt.o
 .rodata.str1.1
                0x00006782       0xb0 shell.o
 *fill*         0x00006832        0x2 
 .rodata.str1.4
                0x00006834      0x158 shell.o
 .rodata.str1.1
                0x0000698c       0x89 mem.o
 .rodata.str1.1
                0x00006a15       0x3c serial.o
 *fill*         0x00006a51        0x3 
 .rodata.str1.4
                0x00006a54       0x24 pmm.o
 .rodata.str1.1
                0x00006a78       0x6a pmm.o
 *fill*         0x00006ae2        0x2 
 .rodata.str1.4
                0x00006ae4      0x1e3 paging.o
 .rodata.str1.1
                0x00006cc7       0xa0 paging.o
 .rodata.str1.1
                0x00006d67       0x19 scheduler.o
 .rodata.str1.4
                0x00006d80       0x77 scheduler.o
 *fill*         0x00006df7        0x1 
 .rodata.str1.4
                0x00006df8       0x72 syscall.o
 .rodata.str1.1
                0x00006e6a       0xbc syscall.o
 .rodata.str1.1
                0x00006f26       0x18 kprintf.o
 .rodata.str1.1
                0x00006f3e       0x32 tss.o
 .rodata.str1.4
                0x00006f70       0x28 usermode.o
 .rodata.str1.1
                0x00006f98      0x11d vfs.o
 *fill*         0x000070b5        0x3 
 .rodata.str1.4
                0x000070b8      0x311 vfs.o
 *fill*         0x000073c9        0x3 
 .rodata.str1.4
                0x000073cc      0x12c shadowfs.o
 .rodata.str1.1
                0x000074f8       0x1d shadowfs.o

.data           0x00008000     0x6520
                0x00008000                        __bss_start = .
 *(.bss)
 .bss           0x00008000        0x0 kernel.o
 .bss           0x00008000        0xc vga.o
 *fill*         0x0000800c       0x14 
 .bss           0x00008020       0x50 gdt.o
 *fill*         0x00008070       0x10 
 .bss           0x00008080      0x820 idt.o
 .bss           0x000088a0        0x0 pic.o
 .bss           0x000088a0        0x5 keyboard.o
                0x000088a0                keyboard_waiting
 *fill*         0x000088a5       0x1b 
 .bss           0x000088c0      0x120 shell.o
 .bss           0x000089e0        0x4 timer.o
 .bss           0x000089e4        0x8 mem.o
 .bss           0x000089ec        0x0 serial.o
 .bss           0x000089ec        0x8 pmm.o
 *fill*         0x000089f4      0x60c 
 .bss           0x00009000     0x2000 paging.o
                0x00009000                kernel_directory
 .bss           0x0000b000       0x48 process.o
                0x0000b000                process_table
                0x0000b040                current_process
                0x0000b044                next_pid
 .bss           0x0000b048        0x8 scheduler.o
 .bss           0x0000b050        0x0 syscall.o
 .bss           0x0000b050        0x0 kprintf.o
 *fill*         0x0000b050       0x10 
 .bss           0x0000b060       0x68 tss.o
 *fill*         0x0000b0c8      0xf38 
 .bss           0x0000c000     0x1000 usermode.o
 .bss           0x0000d000     0x1520 vfs.o
 .bss           0x0000e520        0x0 shadowfs.o
 *(COMMON)
                0x0000e520                        __bss_end = .
LOAD start.o
LOAD kernel.o
LOAD vga.o
LOAD gdt.o
LOAD gdt_flush.o
LOAD idt.o
LOAD isr.o
LOAD idt_flush.o
LOAD pic.o
LOAD keyboard.o
LOAD shell.o
LOAD timer.o
LOAD mem.o
LOAD serial.o
LOAD pmm.o
LOAD paging.o
LOAD process.o
LOAD switch.o
LOAD scheduler.o
LOAD syscall.o
LOAD kprintf.o
LOAD tss.o
LOAD usermode.o
LOAD usermode_asm.o
LOAD vfs.o
LOAD shadowfs.o
OUTPUT(kernel.bin binary)

.data           0x0000e520       0x30
 .data          0x0000e520        0x0 kernel.o
 .data          0x0000e520        0x0 vga.o
 .data          0x0000e520        0x0 gdt.o
 .data          0x0000e520        0x0 idt.o
 .data          0x0000e520        0x0 pic.o
 .data          0x0000e520        0x0 keyboard.o
 .data          0x0000e520        0x0 shell.o
 .data          0x0000e520        0x0 timer.o
 .data          0x0000e520        0x0 mem.o
 .data          0x0000e520        0x0 serial.o
 .data          0x0000e520        0x0 pmm.o
 .data          0x0000e520        0x0 paging.o
 .data          0x0000e520        0x0 process.o
 .data          0x0000e520        0x0 scheduler.o
 .data          0x0000e520        0x0 syscall.o
 .data          0x0000e520        0x0 kprintf.o
 .data          0x0000e520        0x0 tss.o
 .data          0x0000e520        0x0 usermode.o
 .data          0x0000e520        0x0 vfs.o
 .data          0x0000e520       0x30 shadowfs.o

.comment        0x00000000      0x17c
 .comment       0x00000000       0x13 kernel.o
 .comment       0x00000013       0x13 vga.o
 .comment       0x00000026       0x13 gdt.o
 .comment       0x00000039       0x13 idt.o
 .comment       0x0000004c       0x13 pic.o
 .comment       0x0000005f       0x13 keyboard.o
 .comment       0x00000072       0x13 shell.o
 .comment       0x00000085       0x13 timer.o
 .comment       0x00000098       0x13 mem.o
 .comment       0x000000ab       0x13 serial.o
 .comment       0x000000be       0x13 pmm.o
 .comment       0x000000d1       0x13 paging.o
 .comment       0x000000e4       0x13 process.o
 .comment       0x000000f7       0x13 scheduler.o
 .comment       0x0000010a       0x13 syscall.o
 .comment       0x0000011d       0x13 kprintf.o
 .comment       0x00000130       0x13 tss.o
 .comment       0x00000143       0x13 usermode.o
 .comment       0x00000156       0x13 vfs.o
 .comment       0x00000169       0x13 shadowfs.o
