
There are no discarded input sections

Memory Configuration

Name             Origin             Length             Attributes
*default*        0x00000000         0xffffffff

Linker script and memory map

                0x00001000                        . = 0x1000

.text           0x00001000     0x45b8
 start.o(.text)
 .text          0x00001000       0x32 start.o
                0x00001000                _start
 kernel.o(.text)
 .text          0x00001032      0x51f kernel.o
                0x000010cf                kernel_main
 *(.text)
 *fill*         0x00001551        0xf 
 .text          0x00001560      0x1e3 vga.o
                0x00001560                vga_set_colour
                0x00001574                vga_clear
                0x000015b2                vga_putchar
                0x00001700                vga_print
                0x0000172f                vga_init
 .text          0x00001743      0x18a gdt.o
                0x00001743                gdt_init
                0x0000187f                gdt_set_tss_entry
 *fill*         0x000018cd        0x3 
 .text          0x000018d0       0x1d gdt_flush.o
                0x000018d0                gdt_flush
 *fill*         0x000018ed        0x1 
 .text          0x000018ee      0x1ec idt.o
                0x000018ee                idt_set_entry
                0x0000192d                idt_init
                0x000019fc                isr_handler
                0x00001a89                irq_handler
 *fill*         0x00001ada        0x6 
 .text          0x00001ae0       0x87 isr.o
                0x00001ae0                isr0
                0x00001ae7                isr1
                0x00001aee                isr2
                0x00001af5                isr3
                0x00001afc                isr128
                0x00001b2d                irq0
                0x00001b34                irq1
                0x00001b3b                isr14
 *fill*         0x00001b67        0x9 
 .text          0x00001b70        0x8 idt_flush.o
                0x00001b70                idt_flush
 .text          0x00001b78       0xd5 pic.o
                0x00001b78                pic_init
                0x00001bec                pic_send_eoi
                0x00001c05                pic_mask
                0x00001c2e                pic_unmask
 .text          0x00001c4d       0xa7 keyboard.o
                0x00001c4d                keyboard_handler
                0x00001c8b                keyboard_init
                0x00001c8c                keyboard_wait
                0x00001cb6                keyboard_getchar
 *fill*         0x00001cf4        0xc 
 .text          0x00001d00      0x52d shell.o
                0x00001d68                shell_handle_key
                0x0000221b                shell_init
 *fill*         0x0000222d       0x13 
 .text          0x00002240      0x12e timer.o
                0x00002240                timer_handler
                0x0000233f                timer_get_ticks
                0x00002345                timer_get_seconds
                0x00002358                timer_init
 *fill*         0x0000236e        0x2 
 .text          0x00002370      0x1ef mem.o
                0x00002370                mem_init
                0x00002398                kmalloc
                0x0000243b                kfree
                0x00002499                mem_print_stats
 .text          0x0000255f       0xed serial.o
                0x0000255f                serial_putchar
                0x0000257a                serial_print
                0x000025bd                serial_println
                0x000025dc                serial_init
 *fill*         0x0000264c       0x14 
 .text          0x00002660      0x304 pmm.o
                0x00002692                pmm_init
                0x0000283a                pmm_alloc
                0x000028ac                pmm_free
                0x000028ca                pmm_free_pages
                0x000028d6                pmm_used_pages
                0x000028dc                pmm_print_stats
 *fill*         0x00002964       0x1c 
 .text          0x00002980      0x603 paging.o
                0x000029c6                paging_init
                0x00002a9f                page_fault_handler
                0x00002b40                map_page
                0x00002c06                map_page_in
                0x00002ce1                unmap_page
                0x00002d1f                get_physical
                0x00002d6d                paging_clone_directory
                0x00002de6                paging_switch_directory
                0x00002df5                paging_deep_copy_directory
 *fill*         0x00002f83       0x1d 
 .text          0x00002fa0      0x8e8 process.o
                0x00002fa0                process_init
                0x00002ff9                process_create
                0x000031cc                process_exit
                0x000031f6                process_print_all
                0x00003294                process_block
                0x000032a7                process_wake
                0x000032c0                create_user_process
                0x000034c6                process_fork
                0x0000371a                process_exec
 *fill*         0x00003888        0x8 
 .text          0x00003890       0x79 switch.o
                0x00003890                switch_context
 .text          0x00003909      0x1bf scheduler.o
                0x00003909                scheduler_init
                0x00003932                scheduler_add
                0x0000398d                scheduler_tick
                0x00003a50                scheduler_yield
                0x00003a73                scheduler_start
 *fill*         0x00003ac8       0x18 
 .text          0x00003ae0      0x362 syscall.o
                0x00003dd9                syscall_handler
                0x00003e2d                syscall_init
 *fill*         0x00003e42       0x3e 
 .text          0x00003e80      0x41b kprintf.o
                0x00003f27                kvsnprintf
                0x000041da                kprintf
                0x0000422e                kserial_printf
 *fill*         0x0000429b        0x5 
 .text          0x000042a0       0x90 tss.o
                0x000042a0                tss_init
                0x00004323                tss_set_kernel_stack
 .text          0x00004330       0x38 usermode.o
                0x00004330                jump_to_usermode
 *fill*         0x00004368        0x8 
 .text          0x00004370       0x2e usermode_asm.o
                0x00004370                enter_usermode
                0x00004390                iret_to_usermode
 *fill*         0x0000439e        0x2 
 .text          0x000043a0      0xd22 vfs.o
                0x000043a0                vfs_init
                0x00004431                vfs_mount
                0x00004580                vfs_find_mount
                0x00004632                vfs_resolve_path
                0x000047ea                vfs_alloc_fd
                0x00004837                vfs_free_fd
                0x00004851                vfs_get_file
                0x0000486e                vfs_open
                0x00004b2e                vfs_close
                0x00004bbd                vfs_read
                0x00004c49                vfs_write
                0x00004cd5                vfs_mkdir
                0x00004eae                vfs_readdir
                0x00004f37                vfs_delete
 *fill*         0x000050c2       0x1e 
 .text          0x000050e0      0x482 shadowfs.o
                0x000053fe                shadowfs_get_ops
                0x00005404                shadowfs_mount
 .text          0x00005562       0x56 panic.o
                0x00005562                kpanic

.rodata         0x000055c0     0x18a9
 *(.rodata)
 .rodata        0x000055c0       0x48 kernel.o
 *fill*         0x00005608       0x18 
 .rodata        0x00005620       0x3b keyboard.o
 *fill*         0x0000565b        0x5 
 .rodata        0x00005660       0x20 syscall.o
 .rodata        0x00005680       0x58 kprintf.o
 *(.rodata.*)
 .rodata.str1.1
                0x000056d8      0x34f kernel.o
 *fill*         0x00005a27        0x1 
 .rodata.str1.4
                0x00005a28       0xc0 kernel.o
 .rodata.str1.1
                0x00005ae8       0x5e idt.o
 .rodata.str1.1
                0x00005b46       0xb0 shell.o
 *fill*         0x00005bf6        0x2 
 .rodata.str1.4
                0x00005bf8      0x158 shell.o
 .rodata.str1.4
                0x00005d50       0x1f mem.o
 .rodata.str1.1
                0x00005d6f       0xa6 mem.o
 .rodata.str1.1
                0x00005e15       0x3e serial.o
 *fill*         0x00005e53        0x1 
 .rodata.str1.4
                0x00005e54       0x47 pmm.o
 .rodata.str1.1
                0x00005e9b       0x6a pmm.o
 *fill*         0x00005f05        0x3 
 .rodata.str1.4
                0x00005f08      0x1e7 paging.o
 .rodata.str1.1
                0x000060ef       0xbe paging.o
 *fill*         0x000061ad        0x3 
 .rodata.str1.4
                0x000061b0      0x338 process.o
 .rodata.str1.1
                0x000064e8       0xb8 process.o
 .rodata.str1.1
                0x000065a0       0x19 scheduler.o
 *fill*         0x000065b9        0x3 
 .rodata.str1.4
                0x000065bc       0x77 scheduler.o
 *fill*         0x00006633        0x1 
 .rodata.str1.4
                0x00006634       0x72 syscall.o
 .rodata.str1.1
                0x000066a6       0xbc syscall.o
 .rodata.str1.1
                0x00006762       0x18 kprintf.o
 .rodata.str1.1
                0x0000677a       0x32 tss.o
 .rodata.str1.4
                0x000067ac       0x28 usermode.o
 .rodata.str1.1
                0x000067d4      0x169 vfs.o
 *fill*         0x0000693d        0x3 
 .rodata.str1.4
                0x00006940      0x339 vfs.o
 *fill*         0x00006c79        0x3 
 .rodata.str1.4
                0x00006c7c      0x12c shadowfs.o
 .rodata.str1.1
                0x00006da8       0x6c shadowfs.o
 .rodata.str1.1
                0x00006e14       0x55 panic.o

.data           0x00006e80       0x30
 *(.data)
 .data          0x00006e80        0x0 kernel.o
 .data          0x00006e80        0x0 vga.o
 .data          0x00006e80        0x0 gdt.o
 .data          0x00006e80        0x0 idt.o
 .data          0x00006e80        0x0 pic.o
 .data          0x00006e80        0x0 keyboard.o
 .data          0x00006e80        0x0 shell.o
 .data          0x00006e80        0x0 timer.o
 .data          0x00006e80        0x0 mem.o
 .data          0x00006e80        0x0 serial.o
 .data          0x00006e80        0x0 pmm.o
 .data          0x00006e80        0x0 paging.o
 .data          0x00006e80        0x0 process.o
 .data          0x00006e80        0x0 scheduler.o
 .data          0x00006e80        0x0 syscall.o
 .data          0x00006e80        0x0 kprintf.o
 .data          0x00006e80        0x0 tss.o
 .data          0x00006e80        0x0 usermode.o
 .data          0x00006e80        0x0 vfs.o
 .data          0x00006e80       0x30 shadowfs.o
 .data          0x00006eb0        0x0 panic.o

.bss            0x00007000     0x5920
                0x00007000                        __bss_start = .
 *(.bss)
 .bss           0x00007000        0x0 kernel.o
 .bss           0x00007000        0xc vga.o
 *fill*         0x0000700c       0x14 
 .bss           0x00007020       0x50 gdt.o
 *fill*         0x00007070       0x10 
 .bss           0x00007080      0x820 idt.o
 .bss           0x000078a0        0x0 pic.o
 .bss           0x000078a0        0x5 keyboard.o
                0x000078a0                keyboard_waiting
 *fill*         0x000078a5       0x1b 
 .bss           0x000078c0      0x120 shell.o
 .bss           0x000079e0        0x4 timer.o
 .bss           0x000079e4        0x8 mem.o
 .bss           0x000079ec        0x0 serial.o
 .bss           0x000079ec        0x8 pmm.o
 *fill*         0x000079f4      0x60c 
 .bss           0x00008000     0x2000 paging.o
                0x00008000                kernel_directory
 .bss           0x0000a000       0x60 process.o
                0x0000a000                next_pid
                0x0000a004                current_process
                0x0000a020                process_table
 .bss           0x0000a060        0x8 scheduler.o
 .bss           0x0000a068        0x0 syscall.o
 .bss           0x0000a068        0x0 kprintf.o
 *fill*         0x0000a068       0x18 
 .bss           0x0000a080       0x68 tss.o
 *fill*         0x0000a0e8      0xf18 
 .bss           0x0000b000     0x1000 usermode.o
 .bss           0x0000c000      0x920 vfs.o
 .bss           0x0000c920        0x0 shadowfs.o
 .bss           0x0000c920        0x0 panic.o
 *(COMMON)
                0x0000c920                        __bss_end = .
LOAD start.o
LOAD kernel.o
LOAD vga.o
LOAD gdt.o
LOAD gdt_flush.o
LOAD idt.o
LOAD isr.o
LOAD idt_flush.o
LOAD pic.o
LOAD keyboard.o
LOAD shell.o
LOAD timer.o
LOAD mem.o
LOAD serial.o
LOAD pmm.o
LOAD paging.o
LOAD process.o
LOAD switch.o
LOAD scheduler.o
LOAD syscall.o
LOAD kprintf.o
LOAD tss.o
LOAD usermode.o
LOAD usermode_asm.o
LOAD vfs.o
LOAD shadowfs.o
LOAD panic.o
OUTPUT(kernel.bin binary)

.comment        0x00000000      0x18f
 .comment       0x00000000       0x13 kernel.o
 .comment       0x00000013       0x13 vga.o
 .comment       0x00000026       0x13 gdt.o
 .comment       0x00000039       0x13 idt.o
 .comment       0x0000004c       0x13 pic.o
 .comment       0x0000005f       0x13 keyboard.o
 .comment       0x00000072       0x13 shell.o
 .comment       0x00000085       0x13 timer.o
 .comment       0x00000098       0x13 mem.o
 .comment       0x000000ab       0x13 serial.o
 .comment       0x000000be       0x13 pmm.o
 .comment       0x000000d1       0x13 paging.o
 .comment       0x000000e4       0x13 process.o
 .comment       0x000000f7       0x13 scheduler.o
 .comment       0x0000010a       0x13 syscall.o
 .comment       0x0000011d       0x13 kprintf.o
 .comment       0x00000130       0x13 tss.o
 .comment       0x00000143       0x13 usermode.o
 .comment       0x00000156       0x13 vfs.o
 .comment       0x00000169       0x13 shadowfs.o
 .comment       0x0000017c       0x13 panic.o
