
There are no discarded input sections

Memory Configuration

Name             Origin             Length             Attributes
*default*        0x00000000         0xffffffff

Linker script and memory map

                0x00001000                        . = 0x1000

.text           0x00001000     0x2c2f
 start.o(.text)
 .text          0x00001000       0x19 start.o
                0x00001000                _start
 kernel.o(.text)
 *fill*         0x00001019        0x7 
 .text          0x00001020      0x38f kernel.o
                0x00001060                kernel_main
 *(.text)
 *fill*         0x000013af       0x11 
 .text          0x000013c0      0x231 vga.o
                0x000013c0                vga_set_colour
                0x000013e0                vga_clear
                0x00001430                vga_putchar
                0x00001560                vga_print
                0x000015a0                vga_init
 *fill*         0x000015f1        0xf 
 .text          0x00001600       0x66 gdt.o
                0x00001600                gdt_init
 *fill*         0x00001666        0xa 
 .text          0x00001670       0x1d gdt_flush.o
                0x00001670                gdt_flush
 *fill*         0x0000168d        0x3 
 .text          0x00001690      0x25a idt.o
                0x00001690                idt_set_entry
                0x000016d0                idt_init
                0x000017f0                isr_handler
                0x00001880                irq_handler
 *fill*         0x000018ea        0x6 
 .text          0x000018f0       0x87 isr.o
                0x000018f0                isr0
                0x000018f7                isr1
                0x000018fe                isr2
                0x00001905                isr3
                0x0000190c                isr128
                0x0000193d                irq0
                0x00001944                irq1
                0x0000194b                isr14
 *fill*         0x00001977        0x9 
 .text          0x00001980        0x8 idt_flush.o
                0x00001980                idt_flush
 *fill*         0x00001988        0x8 
 .text          0x00001990       0xef pic.o
                0x00001990                pic_init
                0x00001a10                pic_send_eoi
                0x00001a30                pic_mask
                0x00001a60                pic_unmask
 *fill*         0x00001a7f        0x1 
 .text          0x00001a80       0xf9 keyboard.o
                0x00001a80                keyboard_handler
                0x00001ad0                keyboard_getchar
                0x00001b40                keyboard_init
                0x00001b50                keyboard_wait
 *fill*         0x00001b79        0x7 
 .text          0x00001b80      0x5c6 shell.o
                0x00001b80                shell_handle_key
                0x000020e0                shell_init
 *fill*         0x00002146       0x1a 
 .text          0x00002160      0x146 timer.o
                0x00002160                timer_handler
                0x00002260                timer_get_ticks
                0x00002270                timer_get_seconds
                0x00002290                timer_init
 *fill*         0x000022a6       0x1a 
 .text          0x000022c0      0x1ee mem.o
                0x000022c0                mem_init
                0x000022f0                kmalloc
                0x00002390                kfree
                0x00002400                mem_print_stats
 *fill*         0x000024ae        0x2 
 .text          0x000024b0      0x2a9 serial.o
                0x000024b0                serial_init
                0x00002630                serial_putchar
                0x00002650                serial_print
                0x000026c0                serial_println
 *fill*         0x00002759       0x27 
 .text          0x00002780      0x407 pmm.o
                0x00002780                pmm_init
                0x00002a40                pmm_alloc
                0x00002ab0                pmm_free
                0x00002ae0                pmm_free_pages
                0x00002af0                pmm_used_pages
                0x00002b00                pmm_print_stats
 *fill*         0x00002b87       0x39 
 .text          0x00002bc0      0x34b paging.o
                0x00002bc0                paging_init
                0x00002ce0                page_fault_handler
                0x00002d80                map_page
                0x00002e80                unmap_page
                0x00002ec0                get_physical
 .text          0x00002f0b      0x409 process.o
                0x00002f94                process_init
                0x00002fe2                process_create
                0x000031ea                process_exit
                0x0000321c                process_print_all
                0x000032d6                process_block
                0x000032ee                process_wake
 *fill*         0x00003314        0xc 
 .text          0x00003320       0x68 switch.o
                0x00003320                switch_context
 *fill*         0x00003388        0x8 
 .text          0x00003390      0x19a scheduler.o
                0x00003390                scheduler_init
                0x000033c0                scheduler_add
                0x00003420                scheduler_tick
                0x000034a0                scheduler_yield
                0x000034d0                scheduler_start
 *fill*         0x0000352a        0x6 
 .text          0x00003530      0x145 syscall.o
                0x00003600                syscall_handler
                0x00003660                syscall_init
 *fill*         0x00003675        0xb 
 .text          0x00003680      0x5af kprintf.o
                0x00003680                kvsnprintf
                0x00003b70                kprintf
                0x00003bc0                kserial_printf

.rodata         0x00003c40      0xb31
 *(.rodata)
 .rodata        0x00003c40       0x3b keyboard.o
 *fill*         0x00003c7b        0x1 
 .rodata        0x00003c7c      0x139 process.o
 *fill*         0x00003db5        0x3 
 .rodata        0x00003db8       0x14 syscall.o
 .rodata        0x00003dcc       0x58 kprintf.o
 *(.rodata.*)
 .rodata.str1.1
                0x00003e24      0x2b2 kernel.o
 *fill*         0x000040d6        0x2 
 .rodata.str1.4
                0x000040d8       0x6c kernel.o
 .rodata.str1.1
                0x00004144       0x53 idt.o
 .rodata.str1.1
                0x00004197       0xb0 shell.o
 *fill*         0x00004247        0x1 
 .rodata.str1.4
                0x00004248      0x158 shell.o
 .rodata.str1.1
                0x000043a0       0x89 mem.o
 .rodata.str1.1
                0x00004429       0x3c serial.o
 *fill*         0x00004465        0x3 
 .rodata.str1.4
                0x00004468       0x24 pmm.o
 .rodata.str1.1
                0x0000448c       0x6a pmm.o
 *fill*         0x000044f6        0x2 
 .rodata.str1.4
                0x000044f8       0xcf paging.o
 .rodata.str1.1
                0x000045c7       0xa0 paging.o
 .rodata.str1.1
                0x00004667       0x19 scheduler.o
 .rodata.str1.4
                0x00004680       0x77 scheduler.o
 .rodata.str1.1
                0x000046f7       0x62 syscall.o
 .rodata.str1.1
                0x00004759       0x18 kprintf.o

.data           0x00005000     0x3050
                0x00005000                        __bss_start = .
 *(.bss)
 .bss           0x00005000        0x0 kernel.o
 .bss           0x00005000        0xc vga.o
 .bss           0x0000500c       0x20 gdt.o
 *fill*         0x0000502c       0x14 
 .bss           0x00005040      0x820 idt.o
 .bss           0x00005860        0x0 pic.o
 .bss           0x00005860        0x5 keyboard.o
                0x00005860                keyboard_waiting
 *fill*         0x00005865       0x1b 
 .bss           0x00005880      0x120 shell.o
 .bss           0x000059a0        0x4 timer.o
 .bss           0x000059a4        0x8 mem.o
 .bss           0x000059ac        0x0 serial.o
 .bss           0x000059ac        0x8 pmm.o
 *fill*         0x000059b4      0x64c 
 .bss           0x00006000     0x2000 paging.o
 .bss           0x00008000       0x48 process.o
                0x00008000                process_table
                0x00008040                current_process
                0x00008044                next_pid
 .bss           0x00008048        0x8 scheduler.o
 .bss           0x00008050        0x0 syscall.o
 .bss           0x00008050        0x0 kprintf.o
 *(COMMON)
                0x00008050                        __bss_end = .
LOAD start.o
LOAD kernel.o
LOAD vga.o
LOAD gdt.o
LOAD gdt_flush.o
LOAD idt.o
LOAD isr.o
LOAD idt_flush.o
LOAD pic.o
LOAD keyboard.o
LOAD shell.o
LOAD timer.o
LOAD mem.o
LOAD serial.o
LOAD pmm.o
LOAD paging.o
LOAD process.o
LOAD switch.o
LOAD scheduler.o
LOAD syscall.o
LOAD kprintf.o
OUTPUT(kernel.bin binary)

.data           0x00008050        0x0
 .data          0x00008050        0x0 kernel.o
 .data          0x00008050        0x0 vga.o
 .data          0x00008050        0x0 gdt.o
 .data          0x00008050        0x0 idt.o
 .data          0x00008050        0x0 pic.o
 .data          0x00008050        0x0 keyboard.o
 .data          0x00008050        0x0 shell.o
 .data          0x00008050        0x0 timer.o
 .data          0x00008050        0x0 mem.o
 .data          0x00008050        0x0 serial.o
 .data          0x00008050        0x0 pmm.o
 .data          0x00008050        0x0 paging.o
 .data          0x00008050        0x0 process.o
 .data          0x00008050        0x0 scheduler.o
 .data          0x00008050        0x0 syscall.o
 .data          0x00008050        0x0 kprintf.o

.comment        0x00000000      0x130
 .comment       0x00000000       0x13 kernel.o
 .comment       0x00000013       0x13 vga.o
 .comment       0x00000026       0x13 gdt.o
 .comment       0x00000039       0x13 idt.o
 .comment       0x0000004c       0x13 pic.o
 .comment       0x0000005f       0x13 keyboard.o
 .comment       0x00000072       0x13 shell.o
 .comment       0x00000085       0x13 timer.o
 .comment       0x00000098       0x13 mem.o
 .comment       0x000000ab       0x13 serial.o
 .comment       0x000000be       0x13 pmm.o
 .comment       0x000000d1       0x13 paging.o
 .comment       0x000000e4       0x13 process.o
 .comment       0x000000f7       0x13 scheduler.o
 .comment       0x0000010a       0x13 syscall.o
 .comment       0x0000011d       0x13 kprintf.o
