
There are no discarded input sections

Memory Configuration

Name             Origin             Length             Attributes
*default*        0x00000000         0xffffffff

Linker script and memory map

                0x00001000                        . = 0x1000

.text           0x00001000     0x387e
 start.o(.text)
 .text          0x00001000       0x19 start.o
                0x00001000                _start
 kernel.o(.text)
 *fill*         0x00001019        0x7 
 .text          0x00001020      0x43f kernel.o
                0x000010b0                kernel_main
 *(.text)
 *fill*         0x0000145f        0x1 
 .text          0x00001460      0x231 vga.o
                0x00001460                vga_set_colour
                0x00001480                vga_clear
                0x000014d0                vga_putchar
                0x00001600                vga_print
                0x00001640                vga_init
 *fill*         0x00001691        0xf 
 .text          0x000016a0       0xf9 gdt.o
                0x000016a0                gdt_init
                0x00001750                gdt_set_tss_entry
 *fill*         0x00001799        0x7 
 .text          0x000017a0       0x1d gdt_flush.o
                0x000017a0                gdt_flush
 *fill*         0x000017bd        0x3 
 .text          0x000017c0      0x25a idt.o
                0x000017c0                idt_set_entry
                0x00001800                idt_init
                0x00001920                isr_handler
                0x000019b0                irq_handler
 *fill*         0x00001a1a        0x6 
 .text          0x00001a20       0x87 isr.o
                0x00001a20                isr0
                0x00001a27                isr1
                0x00001a2e                isr2
                0x00001a35                isr3
                0x00001a3c                isr128
                0x00001a6d                irq0
                0x00001a74                irq1
                0x00001a7b                isr14
 *fill*         0x00001aa7        0x9 
 .text          0x00001ab0        0x8 idt_flush.o
                0x00001ab0                idt_flush
 *fill*         0x00001ab8        0x8 
 .text          0x00001ac0       0xef pic.o
                0x00001ac0                pic_init
                0x00001b40                pic_send_eoi
                0x00001b60                pic_mask
                0x00001b90                pic_unmask
 *fill*         0x00001baf        0x1 
 .text          0x00001bb0       0xf9 keyboard.o
                0x00001bb0                keyboard_handler
                0x00001c00                keyboard_getchar
                0x00001c70                keyboard_init
                0x00001c80                keyboard_wait
 *fill*         0x00001ca9       0x17 
 .text          0x00001cc0      0x5c6 shell.o
                0x00001cc0                shell_handle_key
                0x00002220                shell_init
 *fill*         0x00002286       0x1a 
 .text          0x000022a0      0x146 timer.o
                0x000022a0                timer_handler
                0x000023a0                timer_get_ticks
                0x000023b0                timer_get_seconds
                0x000023d0                timer_init
 *fill*         0x000023e6       0x1a 
 .text          0x00002400      0x1ee mem.o
                0x00002400                mem_init
                0x00002430                kmalloc
                0x000024d0                kfree
                0x00002540                mem_print_stats
 *fill*         0x000025ee        0x2 
 .text          0x000025f0      0x2a9 serial.o
                0x000025f0                serial_init
                0x00002770                serial_putchar
                0x00002790                serial_print
                0x00002800                serial_println
 *fill*         0x00002899       0x27 
 .text          0x000028c0      0x407 pmm.o
                0x000028c0                pmm_init
                0x00002b80                pmm_alloc
                0x00002bf0                pmm_free
                0x00002c20                pmm_free_pages
                0x00002c30                pmm_used_pages
                0x00002c40                pmm_print_stats
 *fill*         0x00002cc7       0x39 
 .text          0x00002d00      0x6e0 paging.o
                0x00002d00                paging_init
                0x00002e20                page_fault_handler
                0x00002ec0                map_page
                0x00002fc0                map_page_in
                0x000030c0                unmap_page
                0x00003100                get_physical
                0x00003150                paging_clone_directory
                0x000031f0                paging_switch_directory
                0x00003220                paging_deep_copy_directory
 .text          0x000033e0      0xa28 process.o
                0x00003469                process_init
                0x000034b7                process_create
                0x000036f4                process_exit
                0x00003726                process_print_all
                0x000037e0                process_block
                0x000037f8                process_wake
                0x0000381e                create_user_process
                0x00003b05                process_fork
 *fill*         0x00003e08        0x8 
 .text          0x00003e10       0x79 switch.o
                0x00003e10                switch_context
 *fill*         0x00003e89        0x7 
 .text          0x00003e90      0x1ca scheduler.o
                0x00003e90                scheduler_init
                0x00003ec0                scheduler_add
                0x00003f20                scheduler_tick
                0x00003fd0                scheduler_yield
                0x00004000                scheduler_start
 *fill*         0x0000405a        0x6 
 .text          0x00004060      0x195 syscall.o
                0x00004180                syscall_handler
                0x000041e0                syscall_init
 *fill*         0x000041f5        0xb 
 .text          0x00004200      0x55f kprintf.o
                0x00004200                kvsnprintf
                0x000046a0                kprintf
                0x000046f0                kserial_printf
 *fill*         0x0000475f        0x1 
 .text          0x00004760       0xad tss.o
                0x00004760                tss_init
                0x00004800                tss_set_kernel_stack
 *fill*         0x0000480d        0x3 
 .text          0x00004810       0x36 usermode.o
                0x00004810                jump_to_usermode
 *fill*         0x00004846        0xa 
 .text          0x00004850       0x2e usermode_asm.o
                0x00004850                enter_usermode
                0x00004870                iret_to_usermode

.rodata         0x00004880      0xf74
 *(.rodata)
 .rodata        0x00004880       0x28 kernel.o
 *fill*         0x000048a8       0x18 
 .rodata        0x000048c0       0x3b keyboard.o
 *fill*         0x000048fb        0x1 
 .rodata        0x000048fc      0x363 process.o
 *fill*         0x00004c5f        0x1 
 .rodata        0x00004c60       0x18 syscall.o
 .rodata        0x00004c78       0x58 kprintf.o
 *(.rodata.*)
 .rodata.str1.1
                0x00004cd0      0x2ef kernel.o
 *fill*         0x00004fbf        0x1 
 .rodata.str1.4
                0x00004fc0       0x6c kernel.o
 .rodata.str1.1
                0x0000502c       0x5e idt.o
 .rodata.str1.1
                0x0000508a       0xb0 shell.o
 *fill*         0x0000513a        0x2 
 .rodata.str1.4
                0x0000513c      0x158 shell.o
 .rodata.str1.1
                0x00005294       0x89 mem.o
 .rodata.str1.1
                0x0000531d       0x3c serial.o
 *fill*         0x00005359        0x3 
 .rodata.str1.4
                0x0000535c       0x24 pmm.o
 .rodata.str1.1
                0x00005380       0x6a pmm.o
 *fill*         0x000053ea        0x2 
 .rodata.str1.4
                0x000053ec      0x1e3 paging.o
 .rodata.str1.1
                0x000055cf       0xb7 paging.o
 .rodata.str1.1
                0x00005686       0x19 scheduler.o
 *fill*         0x0000569f        0x1 
 .rodata.str1.4
                0x000056a0       0x77 scheduler.o
 .rodata.str1.1
                0x00005717       0x69 syscall.o
 .rodata.str1.1
                0x00005780       0x18 kprintf.o
 .rodata.str1.1
                0x00005798       0x32 tss.o
 *fill*         0x000057ca        0x2 
 .rodata.str1.4
                0x000057cc       0x28 usermode.o

.data           0x00006000     0x5000
                0x00006000                        __bss_start = .
 *(.bss)
 .bss           0x00006000        0x0 kernel.o
 .bss           0x00006000        0xc vga.o
 *fill*         0x0000600c       0x14 
 .bss           0x00006020       0x50 gdt.o
 *fill*         0x00006070       0x10 
 .bss           0x00006080      0x820 idt.o
 .bss           0x000068a0        0x0 pic.o
 .bss           0x000068a0        0x5 keyboard.o
                0x000068a0                keyboard_waiting
 *fill*         0x000068a5       0x1b 
 .bss           0x000068c0      0x120 shell.o
 .bss           0x000069e0        0x4 timer.o
 .bss           0x000069e4        0x8 mem.o
 .bss           0x000069ec        0x0 serial.o
 .bss           0x000069ec        0x8 pmm.o
 *fill*         0x000069f4      0x60c 
 .bss           0x00007000     0x2000 paging.o
                0x00007000                kernel_directory
 .bss           0x00009000       0x48 process.o
                0x00009000                process_table
                0x00009040                current_process
                0x00009044                next_pid
 .bss           0x00009048        0x8 scheduler.o
 .bss           0x00009050        0x0 syscall.o
 .bss           0x00009050        0x0 kprintf.o
 *fill*         0x00009050       0x10 
 .bss           0x00009060       0x68 tss.o
 *fill*         0x000090c8      0xf38 
 .bss           0x0000a000     0x1000 usermode.o
 *(COMMON)
                0x0000b000                        __bss_end = .
LOAD start.o
LOAD kernel.o
LOAD vga.o
LOAD gdt.o
LOAD gdt_flush.o
LOAD idt.o
LOAD isr.o
LOAD idt_flush.o
LOAD pic.o
LOAD keyboard.o
LOAD shell.o
LOAD timer.o
LOAD mem.o
LOAD serial.o
LOAD pmm.o
LOAD paging.o
LOAD process.o
LOAD switch.o
LOAD scheduler.o
LOAD syscall.o
LOAD kprintf.o
LOAD tss.o
LOAD usermode.o
LOAD usermode_asm.o
OUTPUT(kernel.bin binary)

.data           0x0000b000        0x0
 .data          0x0000b000        0x0 kernel.o
 .data          0x0000b000        0x0 vga.o
 .data          0x0000b000        0x0 gdt.o
 .data          0x0000b000        0x0 idt.o
 .data          0x0000b000        0x0 pic.o
 .data          0x0000b000        0x0 keyboard.o
 .data          0x0000b000        0x0 shell.o
 .data          0x0000b000        0x0 timer.o
 .data          0x0000b000        0x0 mem.o
 .data          0x0000b000        0x0 serial.o
 .data          0x0000b000        0x0 pmm.o
 .data          0x0000b000        0x0 paging.o
 .data          0x0000b000        0x0 process.o
 .data          0x0000b000        0x0 scheduler.o
 .data          0x0000b000        0x0 syscall.o
 .data          0x0000b000        0x0 kprintf.o
 .data          0x0000b000        0x0 tss.o
 .data          0x0000b000        0x0 usermode.o

.comment        0x00000000      0x156
 .comment       0x00000000       0x13 kernel.o
 .comment       0x00000013       0x13 vga.o
 .comment       0x00000026       0x13 gdt.o
 .comment       0x00000039       0x13 idt.o
 .comment       0x0000004c       0x13 pic.o
 .comment       0x0000005f       0x13 keyboard.o
 .comment       0x00000072       0x13 shell.o
 .comment       0x00000085       0x13 timer.o
 .comment       0x00000098       0x13 mem.o
 .comment       0x000000ab       0x13 serial.o
 .comment       0x000000be       0x13 pmm.o
 .comment       0x000000d1       0x13 paging.o
 .comment       0x000000e4       0x13 process.o
 .comment       0x000000f7       0x13 scheduler.o
 .comment       0x0000010a       0x13 syscall.o
 .comment       0x0000011d       0x13 kprintf.o
 .comment       0x00000130       0x13 tss.o
 .comment       0x00000143       0x13 usermode.o
