
There are no discarded input sections

Memory Configuration

Name             Origin             Length             Attributes
*default*        0x00000000         0xffffffff

Linker script and memory map

                0x00001000                        . = 0x1000

.text           0x00001000     0x3442
 start.o(.text)
 .text          0x00001000       0x19 start.o
                0x00001000                _start
 kernel.o(.text)
 *fill*         0x00001019       0x27 
 .text          0x00001040      0x4c3 kernel.o
                0x00001130                kernel_main
 *(.text)
 *fill*         0x00001503       0x1d 
 .text          0x00001520      0x231 vga.o
                0x00001520                vga_set_colour
                0x00001540                vga_clear
                0x00001590                vga_putchar
                0x000016c0                vga_print
                0x00001700                vga_init
 *fill*         0x00001751        0xf 
 .text          0x00001760       0x66 gdt.o
                0x00001760                gdt_init
 *fill*         0x000017c6        0xa 
 .text          0x000017d0       0x1d gdt_flush.o
                0x000017d0                gdt_flush
 *fill*         0x000017ed        0x3 
 .text          0x000017f0      0x22a idt.o
                0x000017f0                idt_set_entry
                0x00001830                idt_init
                0x00001930                isr_handler
                0x000019b0                irq_handler
 *fill*         0x00001a1a        0x6 
 .text          0x00001a20       0x7d isr.o
                0x00001a20                isr0
                0x00001a27                isr1
                0x00001a2e                isr2
                0x00001a35                isr3
                0x00001a63                irq0
                0x00001a6a                irq1
                0x00001a71                isr14
 *fill*         0x00001a9d        0x3 
 .text          0x00001aa0        0x8 idt_flush.o
                0x00001aa0                idt_flush
 *fill*         0x00001aa8        0x8 
 .text          0x00001ab0       0xef pic.o
                0x00001ab0                pic_init
                0x00001b30                pic_send_eoi
                0x00001b50                pic_mask
                0x00001b80                pic_unmask
 *fill*         0x00001b9f        0x1 
 .text          0x00001ba0       0xf9 keyboard.o
                0x00001ba0                keyboard_handler
                0x00001bf0                keyboard_getchar
                0x00001c60                keyboard_init
                0x00001c70                keyboard_wait
 *fill*         0x00001c99       0x27 
 .text          0x00001cc0      0x6c6 shell.o
                0x00001d70                shell_handle_key
                0x00002320                shell_init
 *fill*         0x00002386       0x1a 
 .text          0x000023a0      0x146 timer.o
                0x000023a0                timer_handler
                0x000024a0                timer_get_ticks
                0x000024b0                timer_get_seconds
                0x000024d0                timer_init
 *fill*         0x000024e6       0x1a 
 .text          0x00002500      0x7c0 mem.o
                0x000025b0                mem_init
                0x000025e0                kmalloc
                0x00002b30                kfree
                0x00002ba0                mem_print_stats
 .text          0x00002cc0      0x2a9 serial.o
                0x00002cc0                serial_init
                0x00002e40                serial_putchar
                0x00002e60                serial_print
                0x00002ed0                serial_println
 *fill*         0x00002f69       0x17 
 .text          0x00002f80      0x5d1 pmm.o
                0x000030f0                pmm_init
                0x000033a0                pmm_alloc
                0x00003410                pmm_free
                0x00003440                pmm_free_pages
                0x00003450                pmm_used_pages
                0x00003460                pmm_print_stats
 *fill*         0x00003551       0x2f 
 .text          0x00003580      0x42b paging.o
                0x00003580                paging_init
                0x000036e0                page_fault_handler
                0x00003820                map_page
                0x00003920                unmap_page
                0x00003960                get_physical
 .text          0x000039ab      0x83d process.o
                0x00003bdd                process_init
                0x00003c2b                process_create
                0x00003ee4                process_exit
                0x00003f31                process_print_all
                0x00004036                process_block
                0x0000404e                process_wake
                0x00004074                process_print_offsets
 *fill*         0x000041e8        0x8 
 .text          0x000041f0       0x68 switch.o
                0x000041f0                switch_context
 *fill*         0x00004258        0x8 
 .text          0x00004260      0x1e2 scheduler.o
                0x00004260                scheduler_init
                0x00004290                scheduler_add
                0x00004320                scheduler_tick
                0x000043a0                scheduler_yield
                0x000043d0                scheduler_start

.rodata         0x00004460      0xb57
 *(.rodata)
 .rodata        0x00004460       0x3b keyboard.o
 *fill*         0x0000449b        0x1 
 .rodata        0x0000449c      0x1d1 process.o
 *(.rodata.*)
 .rodata.str1.1
                0x0000466d      0x299 kernel.o
 *fill*         0x00004906        0x2 
 .rodata.str1.4
                0x00004908       0x8f kernel.o
 .rodata.str1.1
                0x00004997       0x48 idt.o
 .rodata.str1.1
                0x000049df       0xa0 shell.o
 *fill*         0x00004a7f        0x1 
 .rodata.str1.4
                0x00004a80      0x158 shell.o
 .rodata.str1.1
                0x00004bd8      0x120 mem.o
 .rodata.str1.4
                0x00004cf8       0x2c mem.o
 .rodata.str1.1
                0x00004d24       0x3c serial.o
 .rodata.str1.1
                0x00004d60       0x79 pmm.o
 *fill*         0x00004dd9        0x3 
 .rodata.str1.4
                0x00004ddc       0x84 paging.o
 .rodata.str1.1
                0x00004e60       0xd0 paging.o
 .rodata.str1.1
                0x00004f30       0x62 scheduler.o
 *fill*         0x00004f92        0x2 
 .rodata.str1.4
                0x00004f94       0x23 scheduler.o

.data           0x00005000     0x3050
                0x00005000                        __bss_start = .
 *(.bss)
 .bss           0x00005000        0x0 kernel.o
 .bss           0x00005000        0xc vga.o
 .bss           0x0000500c       0x20 gdt.o
 *fill*         0x0000502c       0x14 
 .bss           0x00005040      0x820 idt.o
 .bss           0x00005860        0x0 pic.o
 .bss           0x00005860        0x5 keyboard.o
                0x00005860                keyboard_waiting
 *fill*         0x00005865       0x1b 
 .bss           0x00005880      0x120 shell.o
 .bss           0x000059a0        0x4 timer.o
 .bss           0x000059a4        0x8 mem.o
 .bss           0x000059ac        0x0 serial.o
 .bss           0x000059ac        0x8 pmm.o
 *fill*         0x000059b4      0x64c 
 .bss           0x00006000     0x2000 paging.o
 .bss           0x00008000       0x48 process.o
                0x00008000                process_table
                0x00008040                current_process
                0x00008044                next_pid
 .bss           0x00008048        0x8 scheduler.o
 *(COMMON)
                0x00008050                        __bss_end = .
LOAD start.o
LOAD kernel.o
LOAD vga.o
LOAD gdt.o
LOAD gdt_flush.o
LOAD idt.o
LOAD isr.o
LOAD idt_flush.o
LOAD pic.o
LOAD keyboard.o
LOAD shell.o
LOAD timer.o
LOAD mem.o
LOAD serial.o
LOAD pmm.o
LOAD paging.o
LOAD process.o
LOAD switch.o
LOAD scheduler.o
OUTPUT(kernel.bin binary)

.data           0x00008050        0x0
 .data          0x00008050        0x0 kernel.o
 .data          0x00008050        0x0 vga.o
 .data          0x00008050        0x0 gdt.o
 .data          0x00008050        0x0 idt.o
 .data          0x00008050        0x0 pic.o
 .data          0x00008050        0x0 keyboard.o
 .data          0x00008050        0x0 shell.o
 .data          0x00008050        0x0 timer.o
 .data          0x00008050        0x0 mem.o
 .data          0x00008050        0x0 serial.o
 .data          0x00008050        0x0 pmm.o
 .data          0x00008050        0x0 paging.o
 .data          0x00008050        0x0 process.o
 .data          0x00008050        0x0 scheduler.o

.comment        0x00000000      0x10a
 .comment       0x00000000       0x13 kernel.o
 .comment       0x00000013       0x13 vga.o
 .comment       0x00000026       0x13 gdt.o
 .comment       0x00000039       0x13 idt.o
 .comment       0x0000004c       0x13 pic.o
 .comment       0x0000005f       0x13 keyboard.o
 .comment       0x00000072       0x13 shell.o
 .comment       0x00000085       0x13 timer.o
 .comment       0x00000098       0x13 mem.o
 .comment       0x000000ab       0x13 serial.o
 .comment       0x000000be       0x13 pmm.o
 .comment       0x000000d1       0x13 paging.o
 .comment       0x000000e4       0x13 process.o
 .comment       0x000000f7       0x13 scheduler.o
