
There are no discarded input sections

Memory Configuration

Name             Origin             Length             Attributes
*default*        0x00000000         0xffffffff

Linker script and memory map

                0x00001000                        . = 0x1000

.text           0x00001000     0x37fe
 start.o(.text)
 .text          0x00001000       0x19 start.o
                0x00001000                _start
 kernel.o(.text)
 *fill*         0x00001019        0x7 
 .text          0x00001020      0x3ce kernel.o
                0x00001060                kernel_main
 *(.text)
 *fill*         0x000013ee       0x12 
 .text          0x00001400      0x231 vga.o
                0x00001400                vga_set_colour
                0x00001420                vga_clear
                0x00001470                vga_putchar
                0x000015a0                vga_print
                0x000015e0                vga_init
 *fill*         0x00001631        0xf 
 .text          0x00001640       0xf9 gdt.o
                0x00001640                gdt_init
                0x000016f0                gdt_set_tss_entry
 *fill*         0x00001739        0x7 
 .text          0x00001740       0x1d gdt_flush.o
                0x00001740                gdt_flush
 *fill*         0x0000175d        0x3 
 .text          0x00001760      0x25a idt.o
                0x00001760                idt_set_entry
                0x000017a0                idt_init
                0x000018c0                isr_handler
                0x00001950                irq_handler
 *fill*         0x000019ba        0x6 
 .text          0x000019c0       0x87 isr.o
                0x000019c0                isr0
                0x000019c7                isr1
                0x000019ce                isr2
                0x000019d5                isr3
                0x000019dc                isr128
                0x00001a0d                irq0
                0x00001a14                irq1
                0x00001a1b                isr14
 *fill*         0x00001a47        0x9 
 .text          0x00001a50        0x8 idt_flush.o
                0x00001a50                idt_flush
 *fill*         0x00001a58        0x8 
 .text          0x00001a60       0xef pic.o
                0x00001a60                pic_init
                0x00001ae0                pic_send_eoi
                0x00001b00                pic_mask
                0x00001b30                pic_unmask
 *fill*         0x00001b4f        0x1 
 .text          0x00001b50       0xf9 keyboard.o
                0x00001b50                keyboard_handler
                0x00001ba0                keyboard_getchar
                0x00001c10                keyboard_init
                0x00001c20                keyboard_wait
 *fill*         0x00001c49       0x17 
 .text          0x00001c60      0x5c6 shell.o
                0x00001c60                shell_handle_key
                0x000021c0                shell_init
 *fill*         0x00002226       0x1a 
 .text          0x00002240      0x146 timer.o
                0x00002240                timer_handler
                0x00002340                timer_get_ticks
                0x00002350                timer_get_seconds
                0x00002370                timer_init
 *fill*         0x00002386       0x1a 
 .text          0x000023a0      0x1ee mem.o
                0x000023a0                mem_init
                0x000023d0                kmalloc
                0x00002470                kfree
                0x000024e0                mem_print_stats
 *fill*         0x0000258e        0x2 
 .text          0x00002590      0x2a9 serial.o
                0x00002590                serial_init
                0x00002710                serial_putchar
                0x00002730                serial_print
                0x000027a0                serial_println
 *fill*         0x00002839        0x7 
 .text          0x00002840      0x407 pmm.o
                0x00002840                pmm_init
                0x00002b00                pmm_alloc
                0x00002b70                pmm_free
                0x00002ba0                pmm_free_pages
                0x00002bb0                pmm_used_pages
                0x00002bc0                pmm_print_stats
 *fill*         0x00002c47       0x39 
 .text          0x00002c80      0x6e0 paging.o
                0x00002c80                paging_init
                0x00002da0                page_fault_handler
                0x00002e40                map_page
                0x00002f40                map_page_in
                0x00003040                unmap_page
                0x00003080                get_physical
                0x000030d0                paging_clone_directory
                0x00003170                paging_switch_directory
                0x000031a0                paging_deep_copy_directory
 .text          0x00003360      0xa28 process.o
                0x000033e9                process_init
                0x00003437                process_create
                0x00003674                process_exit
                0x000036a6                process_print_all
                0x00003760                process_block
                0x00003778                process_wake
                0x0000379e                create_user_process
                0x00003a85                process_fork
 *fill*         0x00003d88        0x8 
 .text          0x00003d90       0x79 switch.o
                0x00003d90                switch_context
 *fill*         0x00003e09        0x7 
 .text          0x00003e10      0x1ca scheduler.o
                0x00003e10                scheduler_init
                0x00003e40                scheduler_add
                0x00003ea0                scheduler_tick
                0x00003f50                scheduler_yield
                0x00003f80                scheduler_start
 *fill*         0x00003fda        0x6 
 .text          0x00003fe0      0x195 syscall.o
                0x00004100                syscall_handler
                0x00004160                syscall_init
 *fill*         0x00004175        0xb 
 .text          0x00004180      0x55f kprintf.o
                0x00004180                kvsnprintf
                0x00004620                kprintf
                0x00004670                kserial_printf
 *fill*         0x000046df        0x1 
 .text          0x000046e0       0xad tss.o
                0x000046e0                tss_init
                0x00004780                tss_set_kernel_stack
 *fill*         0x0000478d        0x3 
 .text          0x00004790       0x36 usermode.o
                0x00004790                jump_to_usermode
 *fill*         0x000047c6        0xa 
 .text          0x000047d0       0x2e usermode_asm.o
                0x000047d0                enter_usermode
                0x000047f0                iret_to_usermode

.rodata         0x00004800      0xf2c
 *(.rodata)
 .rodata        0x00004800       0x3b keyboard.o
 *fill*         0x0000483b        0x1 
 .rodata        0x0000483c      0x363 process.o
 *fill*         0x00004b9f        0x1 
 .rodata        0x00004ba0       0x18 syscall.o
 .rodata        0x00004bb8       0x58 kprintf.o
 *(.rodata.*)
 .rodata.str1.1
                0x00004c10      0x2e5 kernel.o
 *fill*         0x00004ef5        0x3 
 .rodata.str1.4
                0x00004ef8       0x6c kernel.o
 .rodata.str1.1
                0x00004f64       0x5e idt.o
 .rodata.str1.1
                0x00004fc2       0xb0 shell.o
 *fill*         0x00005072        0x2 
 .rodata.str1.4
                0x00005074      0x158 shell.o
 .rodata.str1.1
                0x000051cc       0x89 mem.o
 .rodata.str1.1
                0x00005255       0x3c serial.o
 *fill*         0x00005291        0x3 
 .rodata.str1.4
                0x00005294       0x24 pmm.o
 .rodata.str1.1
                0x000052b8       0x6a pmm.o
 *fill*         0x00005322        0x2 
 .rodata.str1.4
                0x00005324      0x1e3 paging.o
 .rodata.str1.1
                0x00005507       0xb7 paging.o
 .rodata.str1.1
                0x000055be       0x19 scheduler.o
 *fill*         0x000055d7        0x1 
 .rodata.str1.4
                0x000055d8       0x77 scheduler.o
 .rodata.str1.1
                0x0000564f       0x69 syscall.o
 .rodata.str1.1
                0x000056b8       0x18 kprintf.o
 .rodata.str1.1
                0x000056d0       0x32 tss.o
 *fill*         0x00005702        0x2 
 .rodata.str1.4
                0x00005704       0x28 usermode.o

.data           0x00006000     0x5000
                0x00006000                        __bss_start = .
 *(.bss)
 .bss           0x00006000        0x0 kernel.o
 .bss           0x00006000        0xc vga.o
 *fill*         0x0000600c       0x14 
 .bss           0x00006020       0x50 gdt.o
 *fill*         0x00006070       0x10 
 .bss           0x00006080      0x820 idt.o
 .bss           0x000068a0        0x0 pic.o
 .bss           0x000068a0        0x5 keyboard.o
                0x000068a0                keyboard_waiting
 *fill*         0x000068a5       0x1b 
 .bss           0x000068c0      0x120 shell.o
 .bss           0x000069e0        0x4 timer.o
 .bss           0x000069e4        0x8 mem.o
 .bss           0x000069ec        0x0 serial.o
 .bss           0x000069ec        0x8 pmm.o
 *fill*         0x000069f4      0x60c 
 .bss           0x00007000     0x2000 paging.o
                0x00007000                kernel_directory
 .bss           0x00009000       0x48 process.o
                0x00009000                process_table
                0x00009040                current_process
                0x00009044                next_pid
 .bss           0x00009048        0x8 scheduler.o
 .bss           0x00009050        0x0 syscall.o
 .bss           0x00009050        0x0 kprintf.o
 *fill*         0x00009050       0x10 
 .bss           0x00009060       0x68 tss.o
 *fill*         0x000090c8      0xf38 
 .bss           0x0000a000     0x1000 usermode.o
 *(COMMON)
                0x0000b000                        __bss_end = .
LOAD start.o
LOAD kernel.o
LOAD vga.o
LOAD gdt.o
LOAD gdt_flush.o
LOAD idt.o
LOAD isr.o
LOAD idt_flush.o
LOAD pic.o
LOAD keyboard.o
LOAD shell.o
LOAD timer.o
LOAD mem.o
LOAD serial.o
LOAD pmm.o
LOAD paging.o
LOAD process.o
LOAD switch.o
LOAD scheduler.o
LOAD syscall.o
LOAD kprintf.o
LOAD tss.o
LOAD usermode.o
LOAD usermode_asm.o
OUTPUT(kernel.bin binary)

.data           0x0000b000        0x0
 .data          0x0000b000        0x0 kernel.o
 .data          0x0000b000        0x0 vga.o
 .data          0x0000b000        0x0 gdt.o
 .data          0x0000b000        0x0 idt.o
 .data          0x0000b000        0x0 pic.o
 .data          0x0000b000        0x0 keyboard.o
 .data          0x0000b000        0x0 shell.o
 .data          0x0000b000        0x0 timer.o
 .data          0x0000b000        0x0 mem.o
 .data          0x0000b000        0x0 serial.o
 .data          0x0000b000        0x0 pmm.o
 .data          0x0000b000        0x0 paging.o
 .data          0x0000b000        0x0 process.o
 .data          0x0000b000        0x0 scheduler.o
 .data          0x0000b000        0x0 syscall.o
 .data          0x0000b000        0x0 kprintf.o
 .data          0x0000b000        0x0 tss.o
 .data          0x0000b000        0x0 usermode.o

.comment        0x00000000      0x156
 .comment       0x00000000       0x13 kernel.o
 .comment       0x00000013       0x13 vga.o
 .comment       0x00000026       0x13 gdt.o
 .comment       0x00000039       0x13 idt.o
 .comment       0x0000004c       0x13 pic.o
 .comment       0x0000005f       0x13 keyboard.o
 .comment       0x00000072       0x13 shell.o
 .comment       0x00000085       0x13 timer.o
 .comment       0x00000098       0x13 mem.o
 .comment       0x000000ab       0x13 serial.o
 .comment       0x000000be       0x13 pmm.o
 .comment       0x000000d1       0x13 paging.o
 .comment       0x000000e4       0x13 process.o
 .comment       0x000000f7       0x13 scheduler.o
 .comment       0x0000010a       0x13 syscall.o
 .comment       0x0000011d       0x13 kprintf.o
 .comment       0x00000130       0x13 tss.o
 .comment       0x00000143       0x13 usermode.o
