
There are no discarded input sections

Memory Configuration

Name             Origin             Length             Attributes
*default*        0x00000000         0xffffffff

Linker script and memory map

                0x00001000                        . = 0x1000

.text           0x00001000     0x343d
 start.o(.text)
 .text          0x00001000       0x19 start.o
                0x00001000                _start
 kernel.o(.text)
 *fill*         0x00001019        0x7 
 .text          0x00001020      0x41f kernel.o
                0x00001090                kernel_main
 *(.text)
 *fill*         0x0000143f        0x1 
 .text          0x00001440      0x231 vga.o
                0x00001440                vga_set_colour
                0x00001460                vga_clear
                0x000014b0                vga_putchar
                0x000015e0                vga_print
                0x00001620                vga_init
 *fill*         0x00001671        0xf 
 .text          0x00001680       0xf9 gdt.o
                0x00001680                gdt_init
                0x00001730                gdt_set_tss_entry
 *fill*         0x00001779        0x7 
 .text          0x00001780       0x1d gdt_flush.o
                0x00001780                gdt_flush
 *fill*         0x0000179d        0x3 
 .text          0x000017a0      0x25a idt.o
                0x000017a0                idt_set_entry
                0x000017e0                idt_init
                0x00001900                isr_handler
                0x00001990                irq_handler
 *fill*         0x000019fa        0x6 
 .text          0x00001a00       0x87 isr.o
                0x00001a00                isr0
                0x00001a07                isr1
                0x00001a0e                isr2
                0x00001a15                isr3
                0x00001a1c                isr128
                0x00001a4d                irq0
                0x00001a54                irq1
                0x00001a5b                isr14
 *fill*         0x00001a87        0x9 
 .text          0x00001a90        0x8 idt_flush.o
                0x00001a90                idt_flush
 *fill*         0x00001a98        0x8 
 .text          0x00001aa0       0xef pic.o
                0x00001aa0                pic_init
                0x00001b20                pic_send_eoi
                0x00001b40                pic_mask
                0x00001b70                pic_unmask
 *fill*         0x00001b8f        0x1 
 .text          0x00001b90       0xf9 keyboard.o
                0x00001b90                keyboard_handler
                0x00001be0                keyboard_getchar
                0x00001c50                keyboard_init
                0x00001c60                keyboard_wait
 *fill*         0x00001c89       0x17 
 .text          0x00001ca0      0x5c6 shell.o
                0x00001ca0                shell_handle_key
                0x00002200                shell_init
 *fill*         0x00002266       0x1a 
 .text          0x00002280      0x146 timer.o
                0x00002280                timer_handler
                0x00002380                timer_get_ticks
                0x00002390                timer_get_seconds
                0x000023b0                timer_init
 *fill*         0x000023c6       0x1a 
 .text          0x000023e0      0x1ee mem.o
                0x000023e0                mem_init
                0x00002410                kmalloc
                0x000024b0                kfree
                0x00002520                mem_print_stats
 *fill*         0x000025ce        0x2 
 .text          0x000025d0      0x2a9 serial.o
                0x000025d0                serial_init
                0x00002750                serial_putchar
                0x00002770                serial_print
                0x000027e0                serial_println
 *fill*         0x00002879        0x7 
 .text          0x00002880      0x407 pmm.o
                0x00002880                pmm_init
                0x00002b40                pmm_alloc
                0x00002bb0                pmm_free
                0x00002be0                pmm_free_pages
                0x00002bf0                pmm_used_pages
                0x00002c00                pmm_print_stats
 *fill*         0x00002c87       0x39 
 .text          0x00002cc0      0x517 paging.o
                0x00002cc0                paging_init
                0x00002de0                page_fault_handler
                0x00002e80                map_page
                0x00002f80                map_page_in
                0x00003080                unmap_page
                0x000030c0                get_physical
                0x00003110                paging_clone_directory
                0x000031b0                paging_switch_directory
 .text          0x000031d7      0x739 process.o
                0x00003260                process_init
                0x000032ae                process_create
                0x000034f8                process_exit
                0x0000352a                process_print_all
                0x000035e4                process_block
                0x000035fc                process_wake
                0x00003622                create_user_process
 .text          0x00003910       0x79 switch.o
                0x00003910                switch_context
 *fill*         0x00003989        0x7 
 .text          0x00003990      0x27a scheduler.o
                0x00003990                scheduler_init
                0x000039c0                scheduler_add
                0x00003a20                scheduler_tick
                0x00003b80                scheduler_yield
                0x00003bb0                scheduler_start
 *fill*         0x00003c0a        0x6 
 .text          0x00003c10      0x175 syscall.o
                0x00003d10                syscall_handler
                0x00003d70                syscall_init
 *fill*         0x00003d85       0x3b 
 .text          0x00003dc0      0x55f kprintf.o
                0x00003dc0                kvsnprintf
                0x00004260                kprintf
                0x000042b0                kserial_printf
 *fill*         0x0000431f        0x1 
 .text          0x00004320       0xad tss.o
                0x00004320                tss_init
                0x000043c0                tss_set_kernel_stack
 *fill*         0x000043cd        0x3 
 .text          0x000043d0       0x36 usermode.o
                0x000043d0                jump_to_usermode
 *fill*         0x00004406        0xa 
 .text          0x00004410       0x2d usermode_asm.o
                0x00004410                enter_usermode
                0x00004430                iret_to_usermode

.rodata         0x00004440      0xe94
 *(.rodata)
 .rodata        0x00004440       0x1c kernel.o
 *fill*         0x0000445c        0x4 
 .rodata        0x00004460       0x3b keyboard.o
 *fill*         0x0000449b        0x1 
 .rodata        0x0000449c      0x2c9 process.o
 *fill*         0x00004765        0x3 
 .rodata        0x00004768       0x14 syscall.o
 .rodata        0x0000477c       0x58 kprintf.o
 *(.rodata.*)
 .rodata.str1.1
                0x000047d4      0x2ef kernel.o
 *fill*         0x00004ac3        0x1 
 .rodata.str1.4
                0x00004ac4       0x6c kernel.o
 .rodata.str1.1
                0x00004b30       0x53 idt.o
 .rodata.str1.1
                0x00004b83       0xb0 shell.o
 *fill*         0x00004c33        0x1 
 .rodata.str1.4
                0x00004c34      0x158 shell.o
 .rodata.str1.1
                0x00004d8c       0x89 mem.o
 .rodata.str1.1
                0x00004e15       0x3c serial.o
 *fill*         0x00004e51        0x3 
 .rodata.str1.4
                0x00004e54       0x24 pmm.o
 .rodata.str1.1
                0x00004e78       0x6a pmm.o
 *fill*         0x00004ee2        0x2 
 .rodata.str1.4
                0x00004ee4      0x13e paging.o
 .rodata.str1.1
                0x00005022       0xb7 paging.o
 .rodata.str1.1
                0x000050d9       0x38 scheduler.o
 *fill*         0x00005111        0x3 
 .rodata.str1.4
                0x00005114       0xcf scheduler.o
 .rodata.str1.1
                0x000051e3       0x7e syscall.o
 .rodata.str1.1
                0x00005261       0x18 kprintf.o
 .rodata.str1.1
                0x00005279       0x32 tss.o
 *fill*         0x000052ab        0x1 
 .rodata.str1.4
                0x000052ac       0x28 usermode.o

.data           0x00006000     0x5000
                0x00006000                        __bss_start = .
 *(.bss)
 .bss           0x00006000        0x0 kernel.o
 .bss           0x00006000        0xc vga.o
 *fill*         0x0000600c       0x14 
 .bss           0x00006020       0x50 gdt.o
 *fill*         0x00006070       0x10 
 .bss           0x00006080      0x820 idt.o
 .bss           0x000068a0        0x0 pic.o
 .bss           0x000068a0        0x5 keyboard.o
                0x000068a0                keyboard_waiting
 *fill*         0x000068a5       0x1b 
 .bss           0x000068c0      0x120 shell.o
 .bss           0x000069e0        0x4 timer.o
 .bss           0x000069e4        0x8 mem.o
 .bss           0x000069ec        0x0 serial.o
 .bss           0x000069ec        0x8 pmm.o
 *fill*         0x000069f4      0x60c 
 .bss           0x00007000     0x2000 paging.o
                0x00007000                kernel_directory
 .bss           0x00009000       0x48 process.o
                0x00009000                process_table
                0x00009040                current_process
                0x00009044                next_pid
 .bss           0x00009048        0xc scheduler.o
 .bss           0x00009054        0x0 syscall.o
 .bss           0x00009054        0x0 kprintf.o
 *fill*         0x00009054        0xc 
 .bss           0x00009060       0x68 tss.o
 *fill*         0x000090c8      0xf38 
 .bss           0x0000a000     0x1000 usermode.o
 *(COMMON)
                0x0000b000                        __bss_end = .
LOAD start.o
LOAD kernel.o
LOAD vga.o
LOAD gdt.o
LOAD gdt_flush.o
LOAD idt.o
LOAD isr.o
LOAD idt_flush.o
LOAD pic.o
LOAD keyboard.o
LOAD shell.o
LOAD timer.o
LOAD mem.o
LOAD serial.o
LOAD pmm.o
LOAD paging.o
LOAD process.o
LOAD switch.o
LOAD scheduler.o
LOAD syscall.o
LOAD kprintf.o
LOAD tss.o
LOAD usermode.o
LOAD usermode_asm.o
OUTPUT(kernel.bin binary)

.data           0x0000b000        0x0
 .data          0x0000b000        0x0 kernel.o
 .data          0x0000b000        0x0 vga.o
 .data          0x0000b000        0x0 gdt.o
 .data          0x0000b000        0x0 idt.o
 .data          0x0000b000        0x0 pic.o
 .data          0x0000b000        0x0 keyboard.o
 .data          0x0000b000        0x0 shell.o
 .data          0x0000b000        0x0 timer.o
 .data          0x0000b000        0x0 mem.o
 .data          0x0000b000        0x0 serial.o
 .data          0x0000b000        0x0 pmm.o
 .data          0x0000b000        0x0 paging.o
 .data          0x0000b000        0x0 process.o
 .data          0x0000b000        0x0 scheduler.o
 .data          0x0000b000        0x0 syscall.o
 .data          0x0000b000        0x0 kprintf.o
 .data          0x0000b000        0x0 tss.o
 .data          0x0000b000        0x0 usermode.o

.comment        0x00000000      0x156
 .comment       0x00000000       0x13 kernel.o
 .comment       0x00000013       0x13 vga.o
 .comment       0x00000026       0x13 gdt.o
 .comment       0x00000039       0x13 idt.o
 .comment       0x0000004c       0x13 pic.o
 .comment       0x0000005f       0x13 keyboard.o
 .comment       0x00000072       0x13 shell.o
 .comment       0x00000085       0x13 timer.o
 .comment       0x00000098       0x13 mem.o
 .comment       0x000000ab       0x13 serial.o
 .comment       0x000000be       0x13 pmm.o
 .comment       0x000000d1       0x13 paging.o
 .comment       0x000000e4       0x13 process.o
 .comment       0x000000f7       0x13 scheduler.o
 .comment       0x0000010a       0x13 syscall.o
 .comment       0x0000011d       0x13 kprintf.o
 .comment       0x00000130       0x13 tss.o
 .comment       0x00000143       0x13 usermode.o
