
There are no discarded input sections

Memory Configuration

Name             Origin             Length             Attributes
*default*        0x0000000000000000 0xffffffffffffffff

Linker script and memory map

                0xffffffff80100000                . = 0xffffffff80100000

.text           0xffffffff80100000     0x5609
 start.o(.text)
 .text          0xffffffff80100000       0x48 start.o
                0xffffffff80100000                _start
 kernel.o(.text)
 .text          0xffffffff80100048      0x6a7 kernel.o
                0xffffffff8010006d                kernel_main
 *(.text)
 *fill*         0xffffffff801006ef       0x11 
 .text          0xffffffff80100700      0x20b vga.o
                0xffffffff80100700                vga_set_colour
                0xffffffff8010070d                vga_clear
                0xffffffff80100751                vga_putchar
                0xffffffff801008c5                vga_print
                0xffffffff801008f4                vga_init
 .text          0xffffffff8010090b      0x1f9 gdt.o
                0xffffffff8010090b                gdt_init
                0xffffffff80100aaa                gdt_set_tss_entry
 *fill*         0xffffffff80100b04        0xc 
 .text          0xffffffff80100b10       0x18 gdt_flush.o
                0xffffffff80100b10                gdt_flush
 .text          0xffffffff80100b28      0x22c idt.o
                0xffffffff80100b28                idt_set_entry
                0xffffffff80100b62                idt_init
                0xffffffff80100c60                isr_handler
                0xffffffff80100d00                irq_handler
 *fill*         0xffffffff80100d54        0xc 
 .text          0xffffffff80100d60       0xe5 isr.o
                0xffffffff80100d60                isr0
                0xffffffff80100d67                isr1
                0xffffffff80100d6e                isr2
                0xffffffff80100d75                isr3
                0xffffffff80100d7c                isr128
                0xffffffff80100d86                isr14
                0xffffffff80100d8b                irq0
                0xffffffff80100d92                irq1
 *fill*         0xffffffff80100e45        0xb 
 .text          0xffffffff80100e50        0x4 idt_flush.o
                0xffffffff80100e50                idt_flush
 .text          0xffffffff80100e54       0xb8 pic.o
                0xffffffff80100e54                pic_init
                0xffffffff80100ec0                pic_send_eoi
                0xffffffff80100ed4                pic_mask
                0xffffffff80100ef4                pic_unmask
 .text          0xffffffff80100f0c       0xa0 keyboard.o
                0xffffffff80100f0c                keyboard_handler
                0xffffffff80100f49                keyboard_init
                0xffffffff80100f4a                keyboard_wait
                0xffffffff80100f75                keyboard_getchar
 *fill*         0xffffffff80100fac       0x14 
 .text          0xffffffff80100fc0      0x60b shell.o
                0xffffffff8010101c                shell_handle_key
                0xffffffff801015b1                shell_init
 *fill*         0xffffffff801015cb       0x15 
 .text          0xffffffff801015e0      0x12b timer.o
                0xffffffff801015e0                timer_handler
                0xffffffff801016dc                timer_get_ticks
                0xffffffff801016e3                timer_get_seconds
                0xffffffff801016f5                timer_init
 *fill*         0xffffffff8010170b       0x15 
 .text          0xffffffff80101720      0x2e6 mem.o
                0xffffffff80101720                mem_init
                0xffffffff80101786                kmalloc
                0xffffffff801018a2                kfree
                0xffffffff80101916                mem_print_stats
 .text          0xffffffff80101a06       0xcd serial.o
                0xffffffff80101a06                serial_putchar
                0xffffffff80101a19                serial_print
                0xffffffff80101a55                serial_println
                0xffffffff80101a6c                serial_init
 *fill*         0xffffffff80101ad3        0xd 
 .text          0xffffffff80101ae0      0x4e7 pmm.o
                0xffffffff80101b26                pmm_init
                0xffffffff80101e63                pmm_alloc
                0xffffffff80101eee                pmm_free
                0xffffffff80101f0b                pmm_free_pages
                0xffffffff80101f1a                pmm_used_pages
                0xffffffff80101f22                pmm_print_stats
 *fill*         0xffffffff80101fc7        0x9 
 .text          0xffffffff80101fd0      0x42d paging.o
                0xffffffff80102002                paging_init
                0xffffffff80102019                page_fault_handler
                0xffffffff80102144                map_page
                0xffffffff80102236                map_page_in
                0xffffffff80102334                unmap_page
                0xffffffff80102375                get_physical
                0xffffffff801023c4                paging_clone_directory
                0xffffffff801023e0                paging_switch_directory
                0xffffffff801023e1                paging_deep_copy_directory
 *fill*         0xffffffff801023fd        0x3 
 .text          0xffffffff80102400      0xb25 process.o
                0xffffffff80102400                process_init
                0xffffffff80102459                process_create
                0xffffffff801026d7                process_exit
                0xffffffff801026ff                process_print_all
                0xffffffff801027bc                process_block
                0xffffffff801027c9                process_wake
                0xffffffff801027dc                create_user_process
                0xffffffff80102a8d                process_fork
                0xffffffff80102d9a                process_exec
 *fill*         0xffffffff80102f25        0xb 
 .text          0xffffffff80102f30       0x91 switch.o
                0xffffffff80102f30                switch_context
 .text          0xffffffff80102fc1      0x2b7 scheduler.o
                0xffffffff80102fc1                scheduler_init
                0xffffffff80102fee                scheduler_add
                0xffffffff8010306d                scheduler_tick
                0xffffffff8010318c                scheduler_yield
                0xffffffff801031b3                scheduler_start
 *fill*         0xffffffff80103278        0x8 
 .text          0xffffffff80103280      0x492 syscall.o
                0xffffffff8010367c                syscall_handler
                0xffffffff801036fb                syscall_init
 *fill*         0xffffffff80103712       0x2e 
 .text          0xffffffff80103740      0x814 kprintf.o
                0xffffffff801038c9                kvsnprintf
                0xffffffff80103e22                kprintf
                0xffffffff80103eae                kserial_printf
 *fill*         0xffffffff80103f54        0xc 
 .text          0xffffffff80103f60       0x92 tss.o
                0xffffffff80103f60                tss_init
                0xffffffff80103fea                tss_set_kernel_stack
 .text          0xffffffff80103ff2       0x3f usermode.o
                0xffffffff80103ff2                jump_to_usermode
 *fill*         0xffffffff80104031        0xf 
 .text          0xffffffff80104040       0x28 usermode_asm.o
                0xffffffff80104040                enter_usermode
                0xffffffff80104059                iret_to_usermode
 *fill*         0xffffffff80104068       0x18 
 .text          0xffffffff80104080      0xe1e vfs.o
                0xffffffff80104080                vfs_init
                0xffffffff8010412d                vfs_mount
                0xffffffff801042b0                vfs_find_mount
                0xffffffff80104365                vfs_resolve_path
                0xffffffff80104537                vfs_alloc_fd
                0xffffffff80104584                vfs_free_fd
                0xffffffff8010459c                vfs_get_file
                0xffffffff801045b6                vfs_open
                0xffffffff801048b9                vfs_close
                0xffffffff80104945                vfs_read
                0xffffffff801049e6                vfs_write
                0xffffffff80104a87                vfs_mkdir
                0xffffffff80104c70                vfs_readdir
                0xffffffff80104cff                vfs_delete
 *fill*         0xffffffff80104e9e        0x2 
 .text          0xffffffff80104ea0      0x6fa shadowfs.o
                0xffffffff8010541c                shadowfs_get_ops
                0xffffffff80105424                shadowfs_mount
 .text          0xffffffff8010559a       0x6f panic.o
                0xffffffff8010559a                kpanic

.rodata         0xffffffff80105620     0x1f48
 *(.rodata)
 .rodata        0xffffffff80105620       0x3b keyboard.o
 *fill*         0xffffffff8010565b        0x5 
 .rodata        0xffffffff80105660       0x40 syscall.o
 .rodata        0xffffffff801056a0      0x160 kprintf.o
 *(.rodata.*)
 .rodata.str1.1
                0xffffffff80105800      0x38f kernel.o
 *fill*         0xffffffff80105b8f        0x1 
 .rodata.str1.8
                0xffffffff80105b90      0x120 kernel.o
 .rodata.str1.1
                0xffffffff80105cb0       0x34 gdt.o
 .rodata.str1.1
                0xffffffff80105ce4       0x5e idt.o
 .rodata.str1.1
                0xffffffff80105d42       0xb0 shell.o
 *fill*         0xffffffff80105df2        0x6 
 .rodata.str1.8
                0xffffffff80105df8      0x160 shell.o
 .rodata.str1.1
                0xffffffff80105f58       0xe0 mem.o
 .rodata.str1.8
                0xffffffff80106038       0x6f mem.o
 .rodata.str1.1
                0xffffffff801060a7       0x3e serial.o
 .rodata.str1.1
                0xffffffff801060e5      0x1f8 pmm.o
 *fill*         0xffffffff801062dd        0x3 
 .rodata.str1.8
                0xffffffff801062e0       0xdb pmm.o
 *fill*         0xffffffff801063bb        0x5 
 .rodata.str1.8
                0xffffffff801063c0       0xf8 paging.o
 .rodata.str1.1
                0xffffffff801064b8       0xcd paging.o
 *fill*         0xffffffff80106585        0x3 
 .rodata.str1.8
                0xffffffff80106588      0x340 process.o
 .rodata.str1.1
                0xffffffff801068c8      0x129 process.o
 .rodata.str1.1
                0xffffffff801069f1       0x86 scheduler.o
 *fill*         0xffffffff80106a77        0x1 
 .rodata.str1.8
                0xffffffff80106a78       0xbf scheduler.o
 .rodata.str1.1
                0xffffffff80106b37      0x114 syscall.o
 *fill*         0xffffffff80106c4b        0x5 
 .rodata.str1.8
                0xffffffff80106c50       0xc1 syscall.o
 .rodata.str1.1
                0xffffffff80106d11       0x18 kprintf.o
 .rodata.str1.1
                0xffffffff80106d29       0x29 tss.o
 *fill*         0xffffffff80106d52        0x6 
 .rodata.str1.8
                0xffffffff80106d58       0x28 usermode.o
 .rodata.str1.1
                0xffffffff80106d80      0x169 vfs.o
 *fill*         0xffffffff80106ee9        0x7 
 .rodata.str1.8
                0xffffffff80106ef0      0x361 vfs.o
 *fill*         0xffffffff80107251        0x7 
 .rodata.str1.8
                0xffffffff80107258      0x1fc shadowfs.o
 .rodata.str1.1
                0xffffffff80107454       0xbf shadowfs.o
 .rodata.str1.1
                0xffffffff80107513       0x55 panic.o

.eh_frame       0xffffffff80107568     0x1120
 .eh_frame      0xffffffff80107568       0x68 kernel.o
 .eh_frame      0xffffffff801075d0       0x98 vga.o
 .eh_frame      0xffffffff80107668       0x58 gdt.o
 .eh_frame      0xffffffff801076c0       0x98 idt.o
 .eh_frame      0xffffffff80107758       0x68 pic.o
 .eh_frame      0xffffffff801077c0       0x90 keyboard.o
 .eh_frame      0xffffffff80107850       0xa0 shell.o
 .eh_frame      0xffffffff801078f0       0x78 timer.o
 .eh_frame      0xffffffff80107968       0xa0 mem.o
 .eh_frame      0xffffffff80107a08       0x98 serial.o
 .eh_frame      0xffffffff80107aa0      0x108 pmm.o
 .eh_frame      0xffffffff80107ba8      0x168 paging.o
 .eh_frame      0xffffffff80107d10      0x180 process.o
 .eh_frame      0xffffffff80107e90       0xd0 scheduler.o
 .eh_frame      0xffffffff80107f60      0x198 syscall.o
 .eh_frame      0xffffffff801080f8       0xe8 kprintf.o
 .eh_frame      0xffffffff801081e0       0x50 tss.o
 .eh_frame      0xffffffff80108230       0x40 usermode.o
 .eh_frame      0xffffffff80108270      0x238 vfs.o
 .eh_frame      0xffffffff801084a8      0x1a8 shadowfs.o
 .eh_frame      0xffffffff80108650       0x38 panic.o

.data           0xffffffff801086a0       0x60
 *(.data)
 .data          0xffffffff801086a0        0x0 kernel.o
 .data          0xffffffff801086a0        0x0 vga.o
 .data          0xffffffff801086a0        0x0 gdt.o
 .data          0xffffffff801086a0        0x0 idt.o
 .data          0xffffffff801086a0        0x0 pic.o
 .data          0xffffffff801086a0        0x0 keyboard.o
 .data          0xffffffff801086a0        0x0 shell.o
 .data          0xffffffff801086a0        0x0 timer.o
 .data          0xffffffff801086a0        0x0 mem.o
 .data          0xffffffff801086a0        0x0 serial.o
 .data          0xffffffff801086a0        0x0 pmm.o
 .data          0xffffffff801086a0        0x0 paging.o
 .data          0xffffffff801086a0        0x0 process.o
 .data          0xffffffff801086a0        0x0 scheduler.o
 .data          0xffffffff801086a0        0x0 syscall.o
 .data          0xffffffff801086a0        0x0 kprintf.o
 .data          0xffffffff801086a0        0x0 tss.o
 .data          0xffffffff801086a0        0x0 usermode.o
 .data          0xffffffff801086a0        0x0 vfs.o
 .data          0xffffffff801086a0       0x60 shadowfs.o
 .data          0xffffffff80108700        0x0 panic.o

.bss            0xffffffff80109000     0x5e20
                0xffffffff80109000                __bss_start = .
 *(.bss)
 .bss           0xffffffff80109000        0x0 kernel.o
 .bss           0xffffffff80109000        0xc vga.o
 *fill*         0xffffffff8010900c       0x14 
 .bss           0xffffffff80109020       0x58 gdt.o
 *fill*         0xffffffff80109078        0x8 
 .bss           0xffffffff80109080     0x1020 idt.o
 .bss           0xffffffff8010a0a0        0x0 pic.o
 .bss           0xffffffff8010a0a0        0x9 keyboard.o
                0xffffffff8010a0a0                keyboard_waiting
 *fill*         0xffffffff8010a0a9       0x17 
 .bss           0xffffffff8010a0c0      0x120 shell.o
 .bss           0xffffffff8010a1e0        0x4 timer.o
 *fill*         0xffffffff8010a1e4        0x4 
 .bss           0xffffffff8010a1e8       0x10 mem.o
 .bss           0xffffffff8010a1f8        0x0 serial.o
 .bss           0xffffffff8010a1f8       0x10 pmm.o
 *fill*         0xffffffff8010a208      0xdf8 
 .bss           0xffffffff8010b000     0x1000 paging.o
                0xffffffff8010b000                kernel_directory
 .bss           0xffffffff8010c000       0xa0 process.o
                0xffffffff8010c000                next_pid
                0xffffffff8010c008                current_process
                0xffffffff8010c020                process_table
 .bss           0xffffffff8010c0a0       0x10 scheduler.o
 .bss           0xffffffff8010c0b0        0x0 syscall.o
 .bss           0xffffffff8010c0b0        0x0 kprintf.o
 *fill*         0xffffffff8010c0b0       0x10 
 .bss           0xffffffff8010c0c0       0x68 tss.o
 *fill*         0xffffffff8010c128      0xed8 
 .bss           0xffffffff8010d000     0x1000 usermode.o
 .bss           0xffffffff8010e000      0xe20 vfs.o
 .bss           0xffffffff8010ee20        0x0 shadowfs.o
 .bss           0xffffffff8010ee20        0x0 panic.o
 *(COMMON)
                0xffffffff8010ee20                __bss_end = .
LOAD start.o
LOAD kernel.o
LOAD vga.o
LOAD gdt.o
LOAD gdt_flush.o
LOAD idt.o
LOAD isr.o
LOAD idt_flush.o
LOAD pic.o
LOAD keyboard.o
LOAD shell.o
LOAD timer.o
LOAD mem.o
LOAD serial.o
LOAD pmm.o
LOAD paging.o
LOAD process.o
LOAD switch.o
LOAD scheduler.o
LOAD syscall.o
LOAD kprintf.o
LOAD tss.o
LOAD usermode.o
LOAD usermode_asm.o
LOAD vfs.o
LOAD shadowfs.o
LOAD panic.o
OUTPUT(kernel.bin binary)

.comment        0x0000000000000000      0x18f
 .comment       0x0000000000000000       0x13 kernel.o
 .comment       0x0000000000000013       0x13 vga.o
 .comment       0x0000000000000026       0x13 gdt.o
 .comment       0x0000000000000039       0x13 idt.o
 .comment       0x000000000000004c       0x13 pic.o
 .comment       0x000000000000005f       0x13 keyboard.o
 .comment       0x0000000000000072       0x13 shell.o
 .comment       0x0000000000000085       0x13 timer.o
 .comment       0x0000000000000098       0x13 mem.o
 .comment       0x00000000000000ab       0x13 serial.o
 .comment       0x00000000000000be       0x13 pmm.o
 .comment       0x00000000000000d1       0x13 paging.o
 .comment       0x00000000000000e4       0x13 process.o
 .comment       0x00000000000000f7       0x13 scheduler.o
 .comment       0x000000000000010a       0x13 syscall.o
 .comment       0x000000000000011d       0x13 kprintf.o
 .comment       0x0000000000000130       0x13 tss.o
 .comment       0x0000000000000143       0x13 usermode.o
 .comment       0x0000000000000156       0x13 vfs.o
 .comment       0x0000000000000169       0x13 shadowfs.o
 .comment       0x000000000000017c       0x13 panic.o
