
There are no discarded input sections

Memory Configuration

Name             Origin             Length             Attributes
*default*        0x00000000         0xffffffff

Linker script and memory map

                0x00001000                        . = 0x1000

.text           0x00001000     0x3f90
 start.o(.text)
 .text          0x00001000       0x19 start.o
                0x00001000                _start
 kernel.o(.text)
 *fill*         0x00001019        0x7 
 .text          0x00001020      0x4b2 kernel.o
                0x000010f0                kernel_main
 *(.text)
 *fill*         0x000014d2        0xe 
 .text          0x000014e0      0x231 vga.o
                0x000014e0                vga_set_colour
                0x00001500                vga_clear
                0x00001550                vga_putchar
                0x00001680                vga_print
                0x000016c0                vga_init
 *fill*         0x00001711        0xf 
 .text          0x00001720       0xf9 gdt.o
                0x00001720                gdt_init
                0x000017d0                gdt_set_tss_entry
 *fill*         0x00001819        0x7 
 .text          0x00001820       0x1d gdt_flush.o
                0x00001820                gdt_flush
 *fill*         0x0000183d        0x3 
 .text          0x00001840      0x25a idt.o
                0x00001840                idt_set_entry
                0x00001880                idt_init
                0x000019a0                isr_handler
                0x00001a30                irq_handler
 *fill*         0x00001a9a        0x6 
 .text          0x00001aa0       0x87 isr.o
                0x00001aa0                isr0
                0x00001aa7                isr1
                0x00001aae                isr2
                0x00001ab5                isr3
                0x00001abc                isr128
                0x00001aed                irq0
                0x00001af4                irq1
                0x00001afb                isr14
 *fill*         0x00001b27        0x9 
 .text          0x00001b30        0x8 idt_flush.o
                0x00001b30                idt_flush
 *fill*         0x00001b38        0x8 
 .text          0x00001b40       0xef pic.o
                0x00001b40                pic_init
                0x00001bc0                pic_send_eoi
                0x00001be0                pic_mask
                0x00001c10                pic_unmask
 *fill*         0x00001c2f        0x1 
 .text          0x00001c30       0xf9 keyboard.o
                0x00001c30                keyboard_handler
                0x00001c80                keyboard_getchar
                0x00001cf0                keyboard_init
                0x00001d00                keyboard_wait
 *fill*         0x00001d29       0x17 
 .text          0x00001d40      0x606 shell.o
                0x00001d40                shell_handle_key
                0x000022e0                shell_init
 *fill*         0x00002346       0x1a 
 .text          0x00002360      0x146 timer.o
                0x00002360                timer_handler
                0x00002460                timer_get_ticks
                0x00002470                timer_get_seconds
                0x00002490                timer_init
 *fill*         0x000024a6       0x1a 
 .text          0x000024c0      0x1ee mem.o
                0x000024c0                mem_init
                0x000024f0                kmalloc
                0x00002590                kfree
                0x00002600                mem_print_stats
 *fill*         0x000026ae        0x2 
 .text          0x000026b0      0x2a9 serial.o
                0x000026b0                serial_init
                0x00002830                serial_putchar
                0x00002850                serial_print
                0x000028c0                serial_println
 *fill*         0x00002959       0x27 
 .text          0x00002980      0x407 pmm.o
                0x00002980                pmm_init
                0x00002c40                pmm_alloc
                0x00002cb0                pmm_free
                0x00002ce0                pmm_free_pages
                0x00002cf0                pmm_used_pages
                0x00002d00                pmm_print_stats
 *fill*         0x00002d87       0x39 
 .text          0x00002dc0      0x6a0 paging.o
                0x00002dc0                paging_init
                0x00002ee0                page_fault_handler
                0x00002f80                map_page
                0x00003080                map_page_in
                0x00003180                unmap_page
                0x000031c0                get_physical
                0x00003210                paging_clone_directory
                0x00003290                paging_switch_directory
                0x000032a0                paging_deep_copy_directory
 .text          0x00003460      0xc77 process.o
                0x000034e9                process_init
                0x00003537                process_create
                0x00003784                process_exit
                0x000037b6                process_print_all
                0x00003870                process_block
                0x00003888                process_wake
                0x000038ae                create_user_process
                0x00003ba5                process_fork
                0x00003ebb                process_exec
 *fill*         0x000040d7        0x9 
 .text          0x000040e0       0x79 switch.o
                0x000040e0                switch_context
 *fill*         0x00004159        0x7 
 .text          0x00004160      0x1ea scheduler.o
                0x00004160                scheduler_init
                0x00004190                scheduler_add
                0x000041f0                scheduler_tick
                0x000042c0                scheduler_yield
                0x000042f0                scheduler_start
 *fill*         0x0000434a       0x16 
 .text          0x00004360      0x395 syscall.o
                0x00004680                syscall_handler
                0x000046e0                syscall_init
 *fill*         0x000046f5        0xb 
 .text          0x00004700      0x55f kprintf.o
                0x00004700                kvsnprintf
                0x00004ba0                kprintf
                0x00004bf0                kserial_printf
 *fill*         0x00004c5f        0x1 
 .text          0x00004c60       0xad tss.o
                0x00004c60                tss_init
                0x00004d00                tss_set_kernel_stack
 *fill*         0x00004d0d        0x3 
 .text          0x00004d10       0x36 usermode.o
                0x00004d10                jump_to_usermode
 *fill*         0x00004d46        0xa 
 .text          0x00004d50       0x2e usermode_asm.o
                0x00004d50                enter_usermode
                0x00004d70                iret_to_usermode
 *fill*         0x00004d7e        0x2 
 .text          0x00004d80      0x210 vfs.o
                0x00004d80                vfs_init
                0x00004e00                vfs_mount

.rodata         0x00004fa0     0x11a7
 *(.rodata)
 .rodata        0x00004fa0       0x48 kernel.o
 *fill*         0x00004fe8       0x18 
 .rodata        0x00005000       0x3b keyboard.o
 *fill*         0x0000503b        0x1 
 .rodata        0x0000503c      0x440 process.o
 *fill*         0x0000547c        0x4 
 .rodata        0x00005480       0x20 syscall.o
 .rodata        0x000054a0       0x58 kprintf.o
 *(.rodata.*)
 .rodata.str1.1
                0x000054f8      0x311 kernel.o
 *fill*         0x00005809        0x3 
 .rodata.str1.4
                0x0000580c       0x6c kernel.o
 .rodata.str1.1
                0x00005878       0x5e idt.o
 .rodata.str1.1
                0x000058d6       0xb0 shell.o
 *fill*         0x00005986        0x2 
 .rodata.str1.4
                0x00005988      0x158 shell.o
 .rodata.str1.1
                0x00005ae0       0x89 mem.o
 .rodata.str1.1
                0x00005b69       0x3c serial.o
 *fill*         0x00005ba5        0x3 
 .rodata.str1.4
                0x00005ba8       0x24 pmm.o
 .rodata.str1.1
                0x00005bcc       0x6a pmm.o
 *fill*         0x00005c36        0x2 
 .rodata.str1.4
                0x00005c38      0x1e3 paging.o
 .rodata.str1.1
                0x00005e1b       0xa0 paging.o
 .rodata.str1.1
                0x00005ebb       0x19 scheduler.o
 .rodata.str1.4
                0x00005ed4       0x77 scheduler.o
 *fill*         0x00005f4b        0x1 
 .rodata.str1.4
                0x00005f4c       0x72 syscall.o
 .rodata.str1.1
                0x00005fbe       0xbc syscall.o
 .rodata.str1.1
                0x0000607a       0x18 kprintf.o
 .rodata.str1.1
                0x00006092       0x32 tss.o
 .rodata.str1.4
                0x000060c4       0x28 usermode.o
 .rodata.str1.1
                0x000060ec       0x5b vfs.o

.data           0x00007000     0x6120
                0x00007000                        __bss_start = .
 *(.bss)
 .bss           0x00007000        0x0 kernel.o
 .bss           0x00007000        0xc vga.o
 *fill*         0x0000700c       0x14 
 .bss           0x00007020       0x50 gdt.o
 *fill*         0x00007070       0x10 
 .bss           0x00007080      0x820 idt.o
 .bss           0x000078a0        0x0 pic.o
 .bss           0x000078a0        0x5 keyboard.o
                0x000078a0                keyboard_waiting
 *fill*         0x000078a5       0x1b 
 .bss           0x000078c0      0x120 shell.o
 .bss           0x000079e0        0x4 timer.o
 .bss           0x000079e4        0x8 mem.o
 .bss           0x000079ec        0x0 serial.o
 .bss           0x000079ec        0x8 pmm.o
 *fill*         0x000079f4      0x60c 
 .bss           0x00008000     0x2000 paging.o
                0x00008000                kernel_directory
 .bss           0x0000a000       0x48 process.o
                0x0000a000                process_table
                0x0000a040                current_process
                0x0000a044                next_pid
 .bss           0x0000a048        0x8 scheduler.o
 .bss           0x0000a050        0x0 syscall.o
 .bss           0x0000a050        0x0 kprintf.o
 *fill*         0x0000a050       0x10 
 .bss           0x0000a060       0x68 tss.o
 *fill*         0x0000a0c8      0xf38 
 .bss           0x0000b000     0x1000 usermode.o
 .bss           0x0000c000     0x1120 vfs.o
 *(COMMON)
                0x0000d120                        __bss_end = .
LOAD start.o
LOAD kernel.o
LOAD vga.o
LOAD gdt.o
LOAD gdt_flush.o
LOAD idt.o
LOAD isr.o
LOAD idt_flush.o
LOAD pic.o
LOAD keyboard.o
LOAD shell.o
LOAD timer.o
LOAD mem.o
LOAD serial.o
LOAD pmm.o
LOAD paging.o
LOAD process.o
LOAD switch.o
LOAD scheduler.o
LOAD syscall.o
LOAD kprintf.o
LOAD tss.o
LOAD usermode.o
LOAD usermode_asm.o
LOAD vfs.o
OUTPUT(kernel.bin binary)

.data           0x0000d120        0x0
 .data          0x0000d120        0x0 kernel.o
 .data          0x0000d120        0x0 vga.o
 .data          0x0000d120        0x0 gdt.o
 .data          0x0000d120        0x0 idt.o
 .data          0x0000d120        0x0 pic.o
 .data          0x0000d120        0x0 keyboard.o
 .data          0x0000d120        0x0 shell.o
 .data          0x0000d120        0x0 timer.o
 .data          0x0000d120        0x0 mem.o
 .data          0x0000d120        0x0 serial.o
 .data          0x0000d120        0x0 pmm.o
 .data          0x0000d120        0x0 paging.o
 .data          0x0000d120        0x0 process.o
 .data          0x0000d120        0x0 scheduler.o
 .data          0x0000d120        0x0 syscall.o
 .data          0x0000d120        0x0 kprintf.o
 .data          0x0000d120        0x0 tss.o
 .data          0x0000d120        0x0 usermode.o
 .data          0x0000d120        0x0 vfs.o

.comment        0x00000000      0x169
 .comment       0x00000000       0x13 kernel.o
 .comment       0x00000013       0x13 vga.o
 .comment       0x00000026       0x13 gdt.o
 .comment       0x00000039       0x13 idt.o
 .comment       0x0000004c       0x13 pic.o
 .comment       0x0000005f       0x13 keyboard.o
 .comment       0x00000072       0x13 shell.o
 .comment       0x00000085       0x13 timer.o
 .comment       0x00000098       0x13 mem.o
 .comment       0x000000ab       0x13 serial.o
 .comment       0x000000be       0x13 pmm.o
 .comment       0x000000d1       0x13 paging.o
 .comment       0x000000e4       0x13 process.o
 .comment       0x000000f7       0x13 scheduler.o
 .comment       0x0000010a       0x13 syscall.o
 .comment       0x0000011d       0x13 kprintf.o
 .comment       0x00000130       0x13 tss.o
 .comment       0x00000143       0x13 usermode.o
 .comment       0x00000156       0x13 vfs.o
