
There are no discarded input sections

Memory Configuration

Name             Origin             Length             Attributes
*default*        0x00000000         0xffffffff

Linker script and memory map

                0x00001000                        . = 0x1000

.text           0x00001000     0x3665
 start.o(.text)
 .text          0x00001000       0x19 start.o
                0x00001000                _start
 kernel.o(.text)
 *fill*         0x00001019       0x27 
 .text          0x00001040      0x502 kernel.o
                0x00001130                kernel_main
 *(.text)
 *fill*         0x00001542       0x1e 
 .text          0x00001560      0x231 vga.o
                0x00001560                vga_set_colour
                0x00001580                vga_clear
                0x000015d0                vga_putchar
                0x00001700                vga_print
                0x00001740                vga_init
 *fill*         0x00001791        0xf 
 .text          0x000017a0       0x66 gdt.o
                0x000017a0                gdt_init
 *fill*         0x00001806        0xa 
 .text          0x00001810       0x1d gdt_flush.o
                0x00001810                gdt_flush
 *fill*         0x0000182d        0x3 
 .text          0x00001830      0x25a idt.o
                0x00001830                idt_set_entry
                0x00001870                idt_init
                0x00001990                isr_handler
                0x00001a20                irq_handler
 *fill*         0x00001a8a        0x6 
 .text          0x00001a90       0x87 isr.o
                0x00001a90                isr0
                0x00001a97                isr1
                0x00001a9e                isr2
                0x00001aa5                isr3
                0x00001aac                isr128
                0x00001add                irq0
                0x00001ae4                irq1
                0x00001aeb                isr14
 *fill*         0x00001b17        0x9 
 .text          0x00001b20        0x8 idt_flush.o
                0x00001b20                idt_flush
 *fill*         0x00001b28        0x8 
 .text          0x00001b30       0xef pic.o
                0x00001b30                pic_init
                0x00001bb0                pic_send_eoi
                0x00001bd0                pic_mask
                0x00001c00                pic_unmask
 *fill*         0x00001c1f        0x1 
 .text          0x00001c20       0xf9 keyboard.o
                0x00001c20                keyboard_handler
                0x00001c70                keyboard_getchar
                0x00001ce0                keyboard_init
                0x00001cf0                keyboard_wait
 *fill*         0x00001d19       0x27 
 .text          0x00001d40      0x6c6 shell.o
                0x00001df0                shell_handle_key
                0x000023a0                shell_init
 *fill*         0x00002406       0x1a 
 .text          0x00002420      0x146 timer.o
                0x00002420                timer_handler
                0x00002520                timer_get_ticks
                0x00002530                timer_get_seconds
                0x00002550                timer_init
 *fill*         0x00002566       0x1a 
 .text          0x00002580      0x7c0 mem.o
                0x00002630                mem_init
                0x00002660                kmalloc
                0x00002bb0                kfree
                0x00002c20                mem_print_stats
 .text          0x00002d40      0x2a9 serial.o
                0x00002d40                serial_init
                0x00002ec0                serial_putchar
                0x00002ee0                serial_print
                0x00002f50                serial_println
 *fill*         0x00002fe9       0x17 
 .text          0x00003000      0x5d1 pmm.o
                0x00003170                pmm_init
                0x00003420                pmm_alloc
                0x00003490                pmm_free
                0x000034c0                pmm_free_pages
                0x000034d0                pmm_used_pages
                0x000034e0                pmm_print_stats
 *fill*         0x000035d1       0x2f 
 .text          0x00003600      0x42b paging.o
                0x00003600                paging_init
                0x00003760                page_fault_handler
                0x000038a0                map_page
                0x000039a0                unmap_page
                0x000039e0                get_physical
 .text          0x00003a2b      0x83d process.o
                0x00003c5d                process_init
                0x00003cab                process_create
                0x00003f64                process_exit
                0x00003fb1                process_print_all
                0x000040b6                process_block
                0x000040ce                process_wake
                0x000040f4                process_print_offsets
 *fill*         0x00004268        0x8 
 .text          0x00004270       0x68 switch.o
                0x00004270                switch_context
 *fill*         0x000042d8        0x8 
 .text          0x000042e0      0x1e2 scheduler.o
                0x000042e0                scheduler_init
                0x00004310                scheduler_add
                0x000043a0                scheduler_tick
                0x00004420                scheduler_yield
                0x00004450                scheduler_start
 *fill*         0x000044c2        0xe 
 .text          0x000044d0      0x195 syscall.o
                0x000045c0                syscall_handler
                0x00004650                syscall_init

.rodata         0x00004680      0xc05
 *(.rodata)
 .rodata        0x00004680       0x3b keyboard.o
 *fill*         0x000046bb        0x1 
 .rodata        0x000046bc      0x1d1 process.o
 *fill*         0x0000488d        0x3 
 .rodata        0x00004890       0x14 syscall.o
 *(.rodata.*)
 .rodata.str1.1
                0x000048a4      0x2db kernel.o
 *fill*         0x00004b7f        0x1 
 .rodata.str1.4
                0x00004b80       0x8f kernel.o
 .rodata.str1.1
                0x00004c0f       0x48 idt.o
 .rodata.str1.1
                0x00004c57       0xa0 shell.o
 *fill*         0x00004cf7        0x1 
 .rodata.str1.4
                0x00004cf8      0x158 shell.o
 .rodata.str1.1
                0x00004e50      0x120 mem.o
 .rodata.str1.4
                0x00004f70       0x2c mem.o
 .rodata.str1.1
                0x00004f9c       0x3c serial.o
 .rodata.str1.1
                0x00004fd8       0x79 pmm.o
 *fill*         0x00005051        0x3 
 .rodata.str1.4
                0x00005054       0x84 paging.o
 .rodata.str1.1
                0x000050d8       0xd0 paging.o
 .rodata.str1.1
                0x000051a8       0x62 scheduler.o
 *fill*         0x0000520a        0x2 
 .rodata.str1.4
                0x0000520c       0x23 scheduler.o
 .rodata.str1.1
                0x0000522f       0x56 syscall.o

.data           0x00006000     0x3050
                0x00006000                        __bss_start = .
 *(.bss)
 .bss           0x00006000        0x0 kernel.o
 .bss           0x00006000        0xc vga.o
 .bss           0x0000600c       0x20 gdt.o
 *fill*         0x0000602c       0x14 
 .bss           0x00006040      0x820 idt.o
 .bss           0x00006860        0x0 pic.o
 .bss           0x00006860        0x5 keyboard.o
                0x00006860                keyboard_waiting
 *fill*         0x00006865       0x1b 
 .bss           0x00006880      0x120 shell.o
 .bss           0x000069a0        0x4 timer.o
 .bss           0x000069a4        0x8 mem.o
 .bss           0x000069ac        0x0 serial.o
 .bss           0x000069ac        0x8 pmm.o
 *fill*         0x000069b4      0x64c 
 .bss           0x00007000     0x2000 paging.o
 .bss           0x00009000       0x48 process.o
                0x00009000                process_table
                0x00009040                current_process
                0x00009044                next_pid
 .bss           0x00009048        0x8 scheduler.o
 .bss           0x00009050        0x0 syscall.o
 *(COMMON)
                0x00009050                        __bss_end = .
LOAD start.o
LOAD kernel.o
LOAD vga.o
LOAD gdt.o
LOAD gdt_flush.o
LOAD idt.o
LOAD isr.o
LOAD idt_flush.o
LOAD pic.o
LOAD keyboard.o
LOAD shell.o
LOAD timer.o
LOAD mem.o
LOAD serial.o
LOAD pmm.o
LOAD paging.o
LOAD process.o
LOAD switch.o
LOAD scheduler.o
LOAD syscall.o
OUTPUT(kernel.bin binary)

.data           0x00009050        0x0
 .data          0x00009050        0x0 kernel.o
 .data          0x00009050        0x0 vga.o
 .data          0x00009050        0x0 gdt.o
 .data          0x00009050        0x0 idt.o
 .data          0x00009050        0x0 pic.o
 .data          0x00009050        0x0 keyboard.o
 .data          0x00009050        0x0 shell.o
 .data          0x00009050        0x0 timer.o
 .data          0x00009050        0x0 mem.o
 .data          0x00009050        0x0 serial.o
 .data          0x00009050        0x0 pmm.o
 .data          0x00009050        0x0 paging.o
 .data          0x00009050        0x0 process.o
 .data          0x00009050        0x0 scheduler.o
 .data          0x00009050        0x0 syscall.o

.comment        0x00000000      0x11d
 .comment       0x00000000       0x13 kernel.o
 .comment       0x00000013       0x13 vga.o
 .comment       0x00000026       0x13 gdt.o
 .comment       0x00000039       0x13 idt.o
 .comment       0x0000004c       0x13 pic.o
 .comment       0x0000005f       0x13 keyboard.o
 .comment       0x00000072       0x13 shell.o
 .comment       0x00000085       0x13 timer.o
 .comment       0x00000098       0x13 mem.o
 .comment       0x000000ab       0x13 serial.o
 .comment       0x000000be       0x13 pmm.o
 .comment       0x000000d1       0x13 paging.o
 .comment       0x000000e4       0x13 process.o
 .comment       0x000000f7       0x13 scheduler.o
 .comment       0x0000010a       0x13 syscall.o
