
There are no discarded input sections

Memory Configuration

Name             Origin             Length             Attributes
*default*        0x00000000         0xffffffff

Linker script and memory map

                0x00001000                        . = 0x1000

.text           0x00001000     0x2e2f
 start.o(.text)
 .text          0x00001000       0x19 start.o
                0x00001000                _start
 kernel.o(.text)
 *fill*         0x00001019        0x7 
 .text          0x00001020      0x3b9 kernel.o
                0x00001060                kernel_main
 *(.text)
 *fill*         0x000013d9        0x7 
 .text          0x000013e0      0x231 vga.o
                0x000013e0                vga_set_colour
                0x00001400                vga_clear
                0x00001450                vga_putchar
                0x00001580                vga_print
                0x000015c0                vga_init
 *fill*         0x00001611        0xf 
 .text          0x00001620       0x66 gdt.o
                0x00001620                gdt_init
 *fill*         0x00001686        0xa 
 .text          0x00001690       0x1d gdt_flush.o
                0x00001690                gdt_flush
 *fill*         0x000016ad        0x3 
 .text          0x000016b0      0x25a idt.o
                0x000016b0                idt_set_entry
                0x000016f0                idt_init
                0x00001810                isr_handler
                0x000018a0                irq_handler
 *fill*         0x0000190a        0x6 
 .text          0x00001910       0x87 isr.o
                0x00001910                isr0
                0x00001917                isr1
                0x0000191e                isr2
                0x00001925                isr3
                0x0000192c                isr128
                0x0000195d                irq0
                0x00001964                irq1
                0x0000196b                isr14
 *fill*         0x00001997        0x9 
 .text          0x000019a0        0x8 idt_flush.o
                0x000019a0                idt_flush
 *fill*         0x000019a8        0x8 
 .text          0x000019b0       0xef pic.o
                0x000019b0                pic_init
                0x00001a30                pic_send_eoi
                0x00001a50                pic_mask
                0x00001a80                pic_unmask
 *fill*         0x00001a9f        0x1 
 .text          0x00001aa0       0xf9 keyboard.o
                0x00001aa0                keyboard_handler
                0x00001af0                keyboard_getchar
                0x00001b60                keyboard_init
                0x00001b70                keyboard_wait
 *fill*         0x00001b99       0x27 
 .text          0x00001bc0      0x6c6 shell.o
                0x00001c70                shell_handle_key
                0x00002220                shell_init
 *fill*         0x00002286       0x1a 
 .text          0x000022a0      0x146 timer.o
                0x000022a0                timer_handler
                0x000023a0                timer_get_ticks
                0x000023b0                timer_get_seconds
                0x000023d0                timer_init
 *fill*         0x000023e6       0x1a 
 .text          0x00002400      0x1ee mem.o
                0x00002400                mem_init
                0x00002430                kmalloc
                0x000024d0                kfree
                0x00002540                mem_print_stats
 *fill*         0x000025ee        0x2 
 .text          0x000025f0      0x2a9 serial.o
                0x000025f0                serial_init
                0x00002770                serial_putchar
                0x00002790                serial_print
                0x00002800                serial_println
 *fill*         0x00002899       0x27 
 .text          0x000028c0      0x407 pmm.o
                0x000028c0                pmm_init
                0x00002b80                pmm_alloc
                0x00002bf0                pmm_free
                0x00002c20                pmm_free_pages
                0x00002c30                pmm_used_pages
                0x00002c40                pmm_print_stats
 *fill*         0x00002cc7       0x39 
 .text          0x00002d00      0x34b paging.o
                0x00002d00                paging_init
                0x00002e20                page_fault_handler
                0x00002ec0                map_page
                0x00002fc0                unmap_page
                0x00003000                get_physical
 .text          0x0000304b      0x409 process.o
                0x000030d4                process_init
                0x00003122                process_create
                0x0000332a                process_exit
                0x0000335c                process_print_all
                0x00003416                process_block
                0x0000342e                process_wake
 *fill*         0x00003454        0xc 
 .text          0x00003460       0x68 switch.o
                0x00003460                switch_context
 *fill*         0x000034c8        0x8 
 .text          0x000034d0      0x1e2 scheduler.o
                0x000034d0                scheduler_init
                0x00003500                scheduler_add
                0x00003590                scheduler_tick
                0x00003610                scheduler_yield
                0x00003640                scheduler_start
 *fill*         0x000036b2        0xe 
 .text          0x000036c0      0x195 syscall.o
                0x000037b0                syscall_handler
                0x00003840                syscall_init
 *fill*         0x00003855       0x2b 
 .text          0x00003880      0x5af kprintf.o
                0x00003880                kvsnprintf
                0x00003d70                kprintf
                0x00003dc0                kserial_printf

.rodata         0x00003e40      0xb45
 *(.rodata)
 .rodata        0x00003e40       0x3b keyboard.o
 *fill*         0x00003e7b        0x1 
 .rodata        0x00003e7c      0x139 process.o
 *fill*         0x00003fb5        0x3 
 .rodata        0x00003fb8       0x14 syscall.o
 .rodata        0x00003fcc       0x58 kprintf.o
 *(.rodata.*)
 .rodata.str1.1
                0x00004024      0x2f6 kernel.o
 *fill*         0x0000431a        0x2 
 .rodata.str1.4
                0x0000431c       0x6c kernel.o
 .rodata.str1.1
                0x00004388       0x48 idt.o
 .rodata.str1.1
                0x000043d0       0xa0 shell.o
 .rodata.str1.4
                0x00004470      0x158 shell.o
 .rodata.str1.1
                0x000045c8       0x89 mem.o
 .rodata.str1.1
                0x00004651       0x3c serial.o
 *fill*         0x0000468d        0x3 
 .rodata.str1.4
                0x00004690       0x24 pmm.o
 .rodata.str1.1
                0x000046b4       0x6a pmm.o
 *fill*         0x0000471e        0x2 
 .rodata.str1.4
                0x00004720       0xcf paging.o
 .rodata.str1.1
                0x000047ef       0xa0 paging.o
 .rodata.str1.1
                0x0000488f       0x62 scheduler.o
 *fill*         0x000048f1        0x3 
 .rodata.str1.4
                0x000048f4       0x23 scheduler.o
 .rodata.str1.1
                0x00004917       0x56 syscall.o
 .rodata.str1.1
                0x0000496d       0x18 kprintf.o

.data           0x00005000     0x3050
                0x00005000                        __bss_start = .
 *(.bss)
 .bss           0x00005000        0x0 kernel.o
 .bss           0x00005000        0xc vga.o
 .bss           0x0000500c       0x20 gdt.o
 *fill*         0x0000502c       0x14 
 .bss           0x00005040      0x820 idt.o
 .bss           0x00005860        0x0 pic.o
 .bss           0x00005860        0x5 keyboard.o
                0x00005860                keyboard_waiting
 *fill*         0x00005865       0x1b 
 .bss           0x00005880      0x120 shell.o
 .bss           0x000059a0        0x4 timer.o
 .bss           0x000059a4        0x8 mem.o
 .bss           0x000059ac        0x0 serial.o
 .bss           0x000059ac        0x8 pmm.o
 *fill*         0x000059b4      0x64c 
 .bss           0x00006000     0x2000 paging.o
 .bss           0x00008000       0x48 process.o
                0x00008000                process_table
                0x00008040                current_process
                0x00008044                next_pid
 .bss           0x00008048        0x8 scheduler.o
 .bss           0x00008050        0x0 syscall.o
 .bss           0x00008050        0x0 kprintf.o
 *(COMMON)
                0x00008050                        __bss_end = .
LOAD start.o
LOAD kernel.o
LOAD vga.o
LOAD gdt.o
LOAD gdt_flush.o
LOAD idt.o
LOAD isr.o
LOAD idt_flush.o
LOAD pic.o
LOAD keyboard.o
LOAD shell.o
LOAD timer.o
LOAD mem.o
LOAD serial.o
LOAD pmm.o
LOAD paging.o
LOAD process.o
LOAD switch.o
LOAD scheduler.o
LOAD syscall.o
LOAD kprintf.o
OUTPUT(kernel.bin binary)

.data           0x00008050        0x0
 .data          0x00008050        0x0 kernel.o
 .data          0x00008050        0x0 vga.o
 .data          0x00008050        0x0 gdt.o
 .data          0x00008050        0x0 idt.o
 .data          0x00008050        0x0 pic.o
 .data          0x00008050        0x0 keyboard.o
 .data          0x00008050        0x0 shell.o
 .data          0x00008050        0x0 timer.o
 .data          0x00008050        0x0 mem.o
 .data          0x00008050        0x0 serial.o
 .data          0x00008050        0x0 pmm.o
 .data          0x00008050        0x0 paging.o
 .data          0x00008050        0x0 process.o
 .data          0x00008050        0x0 scheduler.o
 .data          0x00008050        0x0 syscall.o
 .data          0x00008050        0x0 kprintf.o

.comment        0x00000000      0x130
 .comment       0x00000000       0x13 kernel.o
 .comment       0x00000013       0x13 vga.o
 .comment       0x00000026       0x13 gdt.o
 .comment       0x00000039       0x13 idt.o
 .comment       0x0000004c       0x13 pic.o
 .comment       0x0000005f       0x13 keyboard.o
 .comment       0x00000072       0x13 shell.o
 .comment       0x00000085       0x13 timer.o
 .comment       0x00000098       0x13 mem.o
 .comment       0x000000ab       0x13 serial.o
 .comment       0x000000be       0x13 pmm.o
 .comment       0x000000d1       0x13 paging.o
 .comment       0x000000e4       0x13 process.o
 .comment       0x000000f7       0x13 scheduler.o
 .comment       0x0000010a       0x13 syscall.o
 .comment       0x0000011d       0x13 kprintf.o
