
There are no discarded input sections

Memory Configuration

Name             Origin             Length             Attributes
*default*        0x00000000         0xffffffff

Linker script and memory map

                0x00001000                        . = 0x1000

.text           0x00001000     0x3d55
 start.o(.text)
 .text          0x00001000       0x19 start.o
                0x00001000                _start
 kernel.o(.text)
 *fill*         0x00001019        0x7 
 .text          0x00001020      0x4b2 kernel.o
                0x000010f0                kernel_main
 *(.text)
 *fill*         0x000014d2        0xe 
 .text          0x000014e0      0x231 vga.o
                0x000014e0                vga_set_colour
                0x00001500                vga_clear
                0x00001550                vga_putchar
                0x00001680                vga_print
                0x000016c0                vga_init
 *fill*         0x00001711        0xf 
 .text          0x00001720       0xf9 gdt.o
                0x00001720                gdt_init
                0x000017d0                gdt_set_tss_entry
 *fill*         0x00001819        0x7 
 .text          0x00001820       0x1d gdt_flush.o
                0x00001820                gdt_flush
 *fill*         0x0000183d        0x3 
 .text          0x00001840      0x25a idt.o
                0x00001840                idt_set_entry
                0x00001880                idt_init
                0x000019a0                isr_handler
                0x00001a30                irq_handler
 *fill*         0x00001a9a        0x6 
 .text          0x00001aa0       0x87 isr.o
                0x00001aa0                isr0
                0x00001aa7                isr1
                0x00001aae                isr2
                0x00001ab5                isr3
                0x00001abc                isr128
                0x00001aed                irq0
                0x00001af4                irq1
                0x00001afb                isr14
 *fill*         0x00001b27        0x9 
 .text          0x00001b30        0x8 idt_flush.o
                0x00001b30                idt_flush
 *fill*         0x00001b38        0x8 
 .text          0x00001b40       0xef pic.o
                0x00001b40                pic_init
                0x00001bc0                pic_send_eoi
                0x00001be0                pic_mask
                0x00001c10                pic_unmask
 *fill*         0x00001c2f        0x1 
 .text          0x00001c30       0xf9 keyboard.o
                0x00001c30                keyboard_handler
                0x00001c80                keyboard_getchar
                0x00001cf0                keyboard_init
                0x00001d00                keyboard_wait
 *fill*         0x00001d29       0x17 
 .text          0x00001d40      0x5c6 shell.o
                0x00001d40                shell_handle_key
                0x000022a0                shell_init
 *fill*         0x00002306       0x1a 
 .text          0x00002320      0x146 timer.o
                0x00002320                timer_handler
                0x00002420                timer_get_ticks
                0x00002430                timer_get_seconds
                0x00002450                timer_init
 *fill*         0x00002466       0x1a 
 .text          0x00002480      0x1ee mem.o
                0x00002480                mem_init
                0x000024b0                kmalloc
                0x00002550                kfree
                0x000025c0                mem_print_stats
 *fill*         0x0000266e        0x2 
 .text          0x00002670      0x2a9 serial.o
                0x00002670                serial_init
                0x000027f0                serial_putchar
                0x00002810                serial_print
                0x00002880                serial_println
 *fill*         0x00002919       0x27 
 .text          0x00002940      0x407 pmm.o
                0x00002940                pmm_init
                0x00002c00                pmm_alloc
                0x00002c70                pmm_free
                0x00002ca0                pmm_free_pages
                0x00002cb0                pmm_used_pages
                0x00002cc0                pmm_print_stats
 *fill*         0x00002d47       0x39 
 .text          0x00002d80      0x6a0 paging.o
                0x00002d80                paging_init
                0x00002ea0                page_fault_handler
                0x00002f40                map_page
                0x00003040                map_page_in
                0x00003140                unmap_page
                0x00003180                get_physical
                0x000031d0                paging_clone_directory
                0x00003250                paging_switch_directory
                0x00003260                paging_deep_copy_directory
 .text          0x00003420      0xc77 process.o
                0x000034a9                process_init
                0x000034f7                process_create
                0x00003744                process_exit
                0x00003776                process_print_all
                0x00003830                process_block
                0x00003848                process_wake
                0x0000386e                create_user_process
                0x00003b65                process_fork
                0x00003e7b                process_exec
 *fill*         0x00004097        0x9 
 .text          0x000040a0       0x79 switch.o
                0x000040a0                switch_context
 *fill*         0x00004119        0x7 
 .text          0x00004120      0x1ea scheduler.o
                0x00004120                scheduler_init
                0x00004150                scheduler_add
                0x000041b0                scheduler_tick
                0x00004280                scheduler_yield
                0x000042b0                scheduler_start
 *fill*         0x0000430a       0x16 
 .text          0x00004320      0x395 syscall.o
                0x00004640                syscall_handler
                0x000046a0                syscall_init
 *fill*         0x000046b5        0xb 
 .text          0x000046c0      0x55f kprintf.o
                0x000046c0                kvsnprintf
                0x00004b60                kprintf
                0x00004bb0                kserial_printf
 *fill*         0x00004c1f        0x1 
 .text          0x00004c20       0xad tss.o
                0x00004c20                tss_init
                0x00004cc0                tss_set_kernel_stack
 *fill*         0x00004ccd        0x3 
 .text          0x00004cd0       0x36 usermode.o
                0x00004cd0                jump_to_usermode
 *fill*         0x00004d06        0xa 
 .text          0x00004d10       0x2e usermode_asm.o
                0x00004d10                enter_usermode
                0x00004d30                iret_to_usermode
 *fill*         0x00004d3e        0x2 
 .text          0x00004d40       0x15 vfs.o
                0x00004d40                vfs_init

.rodata         0x00004d60     0x115f
 *(.rodata)
 .rodata        0x00004d60       0x48 kernel.o
 *fill*         0x00004da8       0x18 
 .rodata        0x00004dc0       0x3b keyboard.o
 *fill*         0x00004dfb        0x1 
 .rodata        0x00004dfc      0x440 process.o
 *fill*         0x0000523c        0x4 
 .rodata        0x00005240       0x20 syscall.o
 .rodata        0x00005260       0x58 kprintf.o
 *(.rodata.*)
 .rodata.str1.1
                0x000052b8      0x311 kernel.o
 *fill*         0x000055c9        0x3 
 .rodata.str1.4
                0x000055cc       0x6c kernel.o
 .rodata.str1.1
                0x00005638       0x5e idt.o
 .rodata.str1.1
                0x00005696       0xb0 shell.o
 *fill*         0x00005746        0x2 
 .rodata.str1.4
                0x00005748      0x158 shell.o
 .rodata.str1.1
                0x000058a0       0x89 mem.o
 .rodata.str1.1
                0x00005929       0x3c serial.o
 *fill*         0x00005965        0x3 
 .rodata.str1.4
                0x00005968       0x24 pmm.o
 .rodata.str1.1
                0x0000598c       0x6a pmm.o
 *fill*         0x000059f6        0x2 
 .rodata.str1.4
                0x000059f8      0x1e3 paging.o
 .rodata.str1.1
                0x00005bdb       0xa0 paging.o
 .rodata.str1.1
                0x00005c7b       0x19 scheduler.o
 .rodata.str1.4
                0x00005c94       0x77 scheduler.o
 *fill*         0x00005d0b        0x1 
 .rodata.str1.4
                0x00005d0c       0x72 syscall.o
 .rodata.str1.1
                0x00005d7e       0xbc syscall.o
 .rodata.str1.1
                0x00005e3a       0x18 kprintf.o
 .rodata.str1.1
                0x00005e52       0x32 tss.o
 .rodata.str1.4
                0x00005e84       0x28 usermode.o
 .rodata.str1.1
                0x00005eac       0x13 vfs.o

.data           0x00006000     0x5000
                0x00006000                        __bss_start = .
 *(.bss)
 .bss           0x00006000        0x0 kernel.o
 .bss           0x00006000        0xc vga.o
 *fill*         0x0000600c       0x14 
 .bss           0x00006020       0x50 gdt.o
 *fill*         0x00006070       0x10 
 .bss           0x00006080      0x820 idt.o
 .bss           0x000068a0        0x0 pic.o
 .bss           0x000068a0        0x5 keyboard.o
                0x000068a0                keyboard_waiting
 *fill*         0x000068a5       0x1b 
 .bss           0x000068c0      0x120 shell.o
 .bss           0x000069e0        0x4 timer.o
 .bss           0x000069e4        0x8 mem.o
 .bss           0x000069ec        0x0 serial.o
 .bss           0x000069ec        0x8 pmm.o
 *fill*         0x000069f4      0x60c 
 .bss           0x00007000     0x2000 paging.o
                0x00007000                kernel_directory
 .bss           0x00009000       0x48 process.o
                0x00009000                process_table
                0x00009040                current_process
                0x00009044                next_pid
 .bss           0x00009048        0x8 scheduler.o
 .bss           0x00009050        0x0 syscall.o
 .bss           0x00009050        0x0 kprintf.o
 *fill*         0x00009050       0x10 
 .bss           0x00009060       0x68 tss.o
 *fill*         0x000090c8      0xf38 
 .bss           0x0000a000     0x1000 usermode.o
 .bss           0x0000b000        0x0 vfs.o
 *(COMMON)
                0x0000b000                        __bss_end = .
LOAD start.o
LOAD kernel.o
LOAD vga.o
LOAD gdt.o
LOAD gdt_flush.o
LOAD idt.o
LOAD isr.o
LOAD idt_flush.o
LOAD pic.o
LOAD keyboard.o
LOAD shell.o
LOAD timer.o
LOAD mem.o
LOAD serial.o
LOAD pmm.o
LOAD paging.o
LOAD process.o
LOAD switch.o
LOAD scheduler.o
LOAD syscall.o
LOAD kprintf.o
LOAD tss.o
LOAD usermode.o
LOAD usermode_asm.o
LOAD vfs.o
OUTPUT(kernel.bin binary)

.data           0x0000b000        0x0
 .data          0x0000b000        0x0 kernel.o
 .data          0x0000b000        0x0 vga.o
 .data          0x0000b000        0x0 gdt.o
 .data          0x0000b000        0x0 idt.o
 .data          0x0000b000        0x0 pic.o
 .data          0x0000b000        0x0 keyboard.o
 .data          0x0000b000        0x0 shell.o
 .data          0x0000b000        0x0 timer.o
 .data          0x0000b000        0x0 mem.o
 .data          0x0000b000        0x0 serial.o
 .data          0x0000b000        0x0 pmm.o
 .data          0x0000b000        0x0 paging.o
 .data          0x0000b000        0x0 process.o
 .data          0x0000b000        0x0 scheduler.o
 .data          0x0000b000        0x0 syscall.o
 .data          0x0000b000        0x0 kprintf.o
 .data          0x0000b000        0x0 tss.o
 .data          0x0000b000        0x0 usermode.o
 .data          0x0000b000        0x0 vfs.o

.comment        0x00000000      0x169
 .comment       0x00000000       0x13 kernel.o
 .comment       0x00000013       0x13 vga.o
 .comment       0x00000026       0x13 gdt.o
 .comment       0x00000039       0x13 idt.o
 .comment       0x0000004c       0x13 pic.o
 .comment       0x0000005f       0x13 keyboard.o
 .comment       0x00000072       0x13 shell.o
 .comment       0x00000085       0x13 timer.o
 .comment       0x00000098       0x13 mem.o
 .comment       0x000000ab       0x13 serial.o
 .comment       0x000000be       0x13 pmm.o
 .comment       0x000000d1       0x13 paging.o
 .comment       0x000000e4       0x13 process.o
 .comment       0x000000f7       0x13 scheduler.o
 .comment       0x0000010a       0x13 syscall.o
 .comment       0x0000011d       0x13 kprintf.o
 .comment       0x00000130       0x13 tss.o
 .comment       0x00000143       0x13 usermode.o
 .comment       0x00000156       0x13 vfs.o
