
There are no discarded input sections

Memory Configuration

Name             Origin             Length             Attributes
*default*        0x00000000         0xffffffff

Linker script and memory map

                0x00001000                        . = 0x1000

.text           0x00001000     0x2d4d
 start.o(.text)
 .text          0x00001000       0x19 start.o
                0x00001000                _start
 kernel.o(.text)
 *fill*         0x00001019        0x7 
 .text          0x00001020      0x3ce kernel.o
                0x00001060                kernel_main
 *(.text)
 *fill*         0x000013ee       0x12 
 .text          0x00001400      0x231 vga.o
                0x00001400                vga_set_colour
                0x00001420                vga_clear
                0x00001470                vga_putchar
                0x000015a0                vga_print
                0x000015e0                vga_init
 *fill*         0x00001631        0xf 
 .text          0x00001640       0xf9 gdt.o
                0x00001640                gdt_init
                0x000016f0                gdt_set_tss_entry
 *fill*         0x00001739        0x7 
 .text          0x00001740       0x1d gdt_flush.o
                0x00001740                gdt_flush
 *fill*         0x0000175d        0x3 
 .text          0x00001760      0x25a idt.o
                0x00001760                idt_set_entry
                0x000017a0                idt_init
                0x000018c0                isr_handler
                0x00001950                irq_handler
 *fill*         0x000019ba        0x6 
 .text          0x000019c0       0x87 isr.o
                0x000019c0                isr0
                0x000019c7                isr1
                0x000019ce                isr2
                0x000019d5                isr3
                0x000019dc                isr128
                0x00001a0d                irq0
                0x00001a14                irq1
                0x00001a1b                isr14
 *fill*         0x00001a47        0x9 
 .text          0x00001a50        0x8 idt_flush.o
                0x00001a50                idt_flush
 *fill*         0x00001a58        0x8 
 .text          0x00001a60       0xef pic.o
                0x00001a60                pic_init
                0x00001ae0                pic_send_eoi
                0x00001b00                pic_mask
                0x00001b30                pic_unmask
 *fill*         0x00001b4f        0x1 
 .text          0x00001b50       0xf9 keyboard.o
                0x00001b50                keyboard_handler
                0x00001ba0                keyboard_getchar
                0x00001c10                keyboard_init
                0x00001c20                keyboard_wait
 *fill*         0x00001c49       0x17 
 .text          0x00001c60      0x5c6 shell.o
                0x00001c60                shell_handle_key
                0x000021c0                shell_init
 *fill*         0x00002226       0x1a 
 .text          0x00002240      0x146 timer.o
                0x00002240                timer_handler
                0x00002340                timer_get_ticks
                0x00002350                timer_get_seconds
                0x00002370                timer_init
 *fill*         0x00002386       0x1a 
 .text          0x000023a0      0x1ee mem.o
                0x000023a0                mem_init
                0x000023d0                kmalloc
                0x00002470                kfree
                0x000024e0                mem_print_stats
 *fill*         0x0000258e        0x2 
 .text          0x00002590      0x2a9 serial.o
                0x00002590                serial_init
                0x00002710                serial_putchar
                0x00002730                serial_print
                0x000027a0                serial_println
 *fill*         0x00002839        0x7 
 .text          0x00002840      0x407 pmm.o
                0x00002840                pmm_init
                0x00002b00                pmm_alloc
                0x00002b70                pmm_free
                0x00002ba0                pmm_free_pages
                0x00002bb0                pmm_used_pages
                0x00002bc0                pmm_print_stats
 *fill*         0x00002c47       0x39 
 .text          0x00002c80      0x34b paging.o
                0x00002c80                paging_init
                0x00002da0                page_fault_handler
                0x00002e40                map_page
                0x00002f40                unmap_page
                0x00002f80                get_physical
 .text          0x00002fcb      0x409 process.o
                0x00003054                process_init
                0x000030a2                process_create
                0x000032aa                process_exit
                0x000032dc                process_print_all
                0x00003396                process_block
                0x000033ae                process_wake
 *fill*         0x000033d4        0xc 
 .text          0x000033e0       0x68 switch.o
                0x000033e0                switch_context
 *fill*         0x00003448        0x8 
 .text          0x00003450      0x19a scheduler.o
                0x00003450                scheduler_init
                0x00003480                scheduler_add
                0x000034e0                scheduler_tick
                0x00003560                scheduler_yield
                0x00003590                scheduler_start
 *fill*         0x000035ea        0x6 
 .text          0x000035f0      0x145 syscall.o
                0x000036c0                syscall_handler
                0x00003720                syscall_init
 *fill*         0x00003735        0xb 
 .text          0x00003740      0x55f kprintf.o
                0x00003740                kvsnprintf
                0x00003be0                kprintf
                0x00003c30                kserial_printf
 *fill*         0x00003c9f        0x1 
 .text          0x00003ca0       0xad tss.o
                0x00003ca0                tss_init
                0x00003d40                tss_set_kernel_stack

.rodata         0x00003d60      0xb97
 *(.rodata)
 .rodata        0x00003d60       0x3b keyboard.o
 *fill*         0x00003d9b        0x1 
 .rodata        0x00003d9c      0x139 process.o
 *fill*         0x00003ed5        0x3 
 .rodata        0x00003ed8       0x14 syscall.o
 .rodata        0x00003eec       0x58 kprintf.o
 *(.rodata.*)
 .rodata.str1.1
                0x00003f44      0x2e5 kernel.o
 *fill*         0x00004229        0x3 
 .rodata.str1.4
                0x0000422c       0x6c kernel.o
 .rodata.str1.1
                0x00004298       0x53 idt.o
 .rodata.str1.1
                0x000042eb       0xb0 shell.o
 *fill*         0x0000439b        0x1 
 .rodata.str1.4
                0x0000439c      0x158 shell.o
 .rodata.str1.1
                0x000044f4       0x89 mem.o
 .rodata.str1.1
                0x0000457d       0x3c serial.o
 *fill*         0x000045b9        0x3 
 .rodata.str1.4
                0x000045bc       0x24 pmm.o
 .rodata.str1.1
                0x000045e0       0x6a pmm.o
 *fill*         0x0000464a        0x2 
 .rodata.str1.4
                0x0000464c       0xcf paging.o
 .rodata.str1.1
                0x0000471b       0xa0 paging.o
 .rodata.str1.1
                0x000047bb       0x19 scheduler.o
 .rodata.str1.4
                0x000047d4       0x77 scheduler.o
 .rodata.str1.1
                0x0000484b       0x62 syscall.o
 .rodata.str1.1
                0x000048ad       0x18 kprintf.o
 .rodata.str1.1
                0x000048c5       0x32 tss.o

.data           0x00005000     0x30c8
                0x00005000                        __bss_start = .
 *(.bss)
 .bss           0x00005000        0x0 kernel.o
 .bss           0x00005000        0xc vga.o
 *fill*         0x0000500c       0x14 
 .bss           0x00005020       0x50 gdt.o
 *fill*         0x00005070       0x10 
 .bss           0x00005080      0x820 idt.o
 .bss           0x000058a0        0x0 pic.o
 .bss           0x000058a0        0x5 keyboard.o
                0x000058a0                keyboard_waiting
 *fill*         0x000058a5       0x1b 
 .bss           0x000058c0      0x120 shell.o
 .bss           0x000059e0        0x4 timer.o
 .bss           0x000059e4        0x8 mem.o
 .bss           0x000059ec        0x0 serial.o
 .bss           0x000059ec        0x8 pmm.o
 *fill*         0x000059f4      0x60c 
 .bss           0x00006000     0x2000 paging.o
 .bss           0x00008000       0x48 process.o
                0x00008000                process_table
                0x00008040                current_process
                0x00008044                next_pid
 .bss           0x00008048        0x8 scheduler.o
 .bss           0x00008050        0x0 syscall.o
 .bss           0x00008050        0x0 kprintf.o
 *fill*         0x00008050       0x10 
 .bss           0x00008060       0x68 tss.o
 *(COMMON)
                0x000080c8                        __bss_end = .
LOAD start.o
LOAD kernel.o
LOAD vga.o
LOAD gdt.o
LOAD gdt_flush.o
LOAD idt.o
LOAD isr.o
LOAD idt_flush.o
LOAD pic.o
LOAD keyboard.o
LOAD shell.o
LOAD timer.o
LOAD mem.o
LOAD serial.o
LOAD pmm.o
LOAD paging.o
LOAD process.o
LOAD switch.o
LOAD scheduler.o
LOAD syscall.o
LOAD kprintf.o
LOAD tss.o
OUTPUT(kernel.bin binary)

.data           0x000080c8        0x0
 .data          0x000080c8        0x0 kernel.o
 .data          0x000080c8        0x0 vga.o
 .data          0x000080c8        0x0 gdt.o
 .data          0x000080c8        0x0 idt.o
 .data          0x000080c8        0x0 pic.o
 .data          0x000080c8        0x0 keyboard.o
 .data          0x000080c8        0x0 shell.o
 .data          0x000080c8        0x0 timer.o
 .data          0x000080c8        0x0 mem.o
 .data          0x000080c8        0x0 serial.o
 .data          0x000080c8        0x0 pmm.o
 .data          0x000080c8        0x0 paging.o
 .data          0x000080c8        0x0 process.o
 .data          0x000080c8        0x0 scheduler.o
 .data          0x000080c8        0x0 syscall.o
 .data          0x000080c8        0x0 kprintf.o
 .data          0x000080c8        0x0 tss.o

.comment        0x00000000      0x143
 .comment       0x00000000       0x13 kernel.o
 .comment       0x00000013       0x13 vga.o
 .comment       0x00000026       0x13 gdt.o
 .comment       0x00000039       0x13 idt.o
 .comment       0x0000004c       0x13 pic.o
 .comment       0x0000005f       0x13 keyboard.o
 .comment       0x00000072       0x13 shell.o
 .comment       0x00000085       0x13 timer.o
 .comment       0x00000098       0x13 mem.o
 .comment       0x000000ab       0x13 serial.o
 .comment       0x000000be       0x13 pmm.o
 .comment       0x000000d1       0x13 paging.o
 .comment       0x000000e4       0x13 process.o
 .comment       0x000000f7       0x13 scheduler.o
 .comment       0x0000010a       0x13 syscall.o
 .comment       0x0000011d       0x13 kprintf.o
 .comment       0x00000130       0x13 tss.o
