
There are no discarded input sections

Memory Configuration

Name             Origin             Length             Attributes
*default*        0x0000000000000000 0xffffffffffffffff

Linker script and memory map

                0xffffffff80100000                . = 0xffffffff80100000

.text           0xffffffff80100000     0x8a64
 *(.text.boot)
 .text.boot     0xffffffff80100000       0x48 build/kernel/architecture/x86_64/start.asm.o
                0xffffffff80100000                _start
 *(.text)
 *fill*         0xffffffff80100048        0x8 
 .text          0xffffffff80100050       0x18 build/kernel/architecture/x86_64/gdt_flush.asm.o
                0xffffffff80100050                gdt_flush
 *fill*         0xffffffff80100068        0x8 
 .text          0xffffffff80100070        0x4 build/kernel/architecture/x86_64/idt_flush.asm.o
                0xffffffff80100070                idt_flush
 *fill*         0xffffffff80100074        0xc 
 .text          0xffffffff80100080       0xe5 build/kernel/architecture/x86_64/isr.asm.o
                0xffffffff80100080                isr0
                0xffffffff80100087                isr1
                0xffffffff8010008e                isr2
                0xffffffff80100095                isr3
                0xffffffff8010009c                isr128
                0xffffffff801000a6                isr14
                0xffffffff801000ab                irq0
                0xffffffff801000b2                irq1
 *fill*         0xffffffff80100165        0xb 
 .text          0xffffffff80100170       0xa1 build/kernel/architecture/x86_64/switch.asm.o
                0xffffffff80100170                switch_context
 *fill*         0xffffffff80100211        0xf 
 .text          0xffffffff80100220       0x28 build/kernel/architecture/x86_64/usermode.asm.o
                0xffffffff80100220                enter_usermode
                0xffffffff80100239                iret_to_usermode
 .text          0xffffffff80100248      0xf5a build/kernel/core/kernel.o
                0xffffffff801002f8                kernel_main
 *fill*         0xffffffff801011a2       0x1e 
 .text          0xffffffff801011c0      0x8a6 build/kernel/core/kprintf.o
                0xffffffff80101349                kvsnprintf
                0xffffffff801018fe                kprintf
                0xffffffff8010198a                kserial_printf
                0xffffffff80101a30                ksnprintf
 .text          0xffffffff80101a66       0x6f build/kernel/core/panic.o
                0xffffffff80101a66                kpanic
 *fill*         0xffffffff80101ad5        0xb 
 .text          0xffffffff80101ae0      0x2e6 build/kernel/memory/mem.o
                0xffffffff80101ae0                mem_init
                0xffffffff80101b46                kmalloc
                0xffffffff80101c62                kfree
                0xffffffff80101cd6                mem_print_stats
 *fill*         0xffffffff80101dc6       0x1a 
 .text          0xffffffff80101de0      0x4e7 build/kernel/memory/pmm.o
                0xffffffff80101e26                pmm_init
                0xffffffff80102163                pmm_alloc
                0xffffffff801021ee                pmm_free
                0xffffffff8010220b                pmm_free_pages
                0xffffffff8010221a                pmm_used_pages
                0xffffffff80102222                pmm_print_stats
 *fill*         0xffffffff801022c7       0x39 
 .text          0xffffffff80102300      0xc9c build/kernel/processes/process.o
                0xffffffff80102300                process_init
                0xffffffff80102359                process_create
                0xffffffff801025d7                process_exit
                0xffffffff801025ff                process_print_all
                0xffffffff801026bc                process_block
                0xffffffff801026c9                process_wake
                0xffffffff801026dc                create_user_process
                0xffffffff8010298d                process_fork
                0xffffffff80102d95                process_exec
 .text          0xffffffff80102f9c      0x2b7 build/kernel/processes/scheduler.o
                0xffffffff80102f9c                scheduler_init
                0xffffffff80102fc9                scheduler_add
                0xffffffff80103048                scheduler_tick
                0xffffffff80103167                scheduler_yield
                0xffffffff8010318e                scheduler_start
 *fill*         0xffffffff80103253        0xd 
 .text          0xffffffff80103260      0x612 build/kernel/processes/syscall.o
                0xffffffff801037dc                syscall_handler
                0xffffffff8010385b                syscall_init
 .text          0xffffffff80103872      0x1f9 build/kernel/architecture/x86_64/gdt.o
                0xffffffff80103872                gdt_init
                0xffffffff80103a11                gdt_set_tss_entry
 *fill*         0xffffffff80103a6b        0x1 
 .text          0xffffffff80103a6c      0x22c build/kernel/architecture/x86_64/idt.o
                0xffffffff80103a6c                idt_set_entry
                0xffffffff80103aa6                idt_init
                0xffffffff80103ba4                isr_handler
                0xffffffff80103c44                irq_handler
 .text          0xffffffff80103c98       0xb8 build/kernel/architecture/x86_64/pic.o
                0xffffffff80103c98                pic_init
                0xffffffff80103d04                pic_send_eoi
                0xffffffff80103d18                pic_mask
                0xffffffff80103d38                pic_unmask
 .text          0xffffffff80103d50       0x92 build/kernel/architecture/x86_64/tss.o
                0xffffffff80103d50                tss_init
                0xffffffff80103dda                tss_set_kernel_stack
 *fill*         0xffffffff80103de2       0x1e 
 .text          0xffffffff80103e00      0xb1e build/kernel/architecture/x86_64/paging.o
                0xffffffff801040ba                physical_to_virtual
                0xffffffff801040c8                virtual_to_physical
                0xffffffff801040d6                paging_init
                0xffffffff80104115                map_page
                0xffffffff801041e3                map_page_in
                0xffffffff801042ca                unmap_page
                0xffffffff80104301                get_physical
                0xffffffff80104391                get_physical_in
                0xffffffff80104417                paging_clone_directory
                0xffffffff80104485                paging_switch_directory
                0xffffffff801044c1                paging_deep_copy_directory
                0xffffffff801047f3                page_fault_handler
 .text          0xffffffff8010491e       0x3f build/kernel/architecture/x86_64/usermode.o
                0xffffffff8010491e                jump_to_usermode
 *fill*         0xffffffff8010495d        0x3 
 .text          0xffffffff80104960      0x49f build/kernel/core/elf.o
                0xffffffff80104960                elf_get_entry
                0xffffffff80104a22                elf_load
 *fill*         0xffffffff80104dff        0x1 
 .text          0xffffffff80104e00      0x247 build/drivers/display/vga.o
                0xffffffff80104e00                vga_set_colour
                0xffffffff80104e0d                vga_clear
                0xffffffff80104e51                vga_putchar
                0xffffffff80104fc5                vga_print
                0xffffffff80104ff4                vga_init
                0xffffffff8010500b                dev_display_write
 .text          0xffffffff80105047       0xe0 build/drivers/input/keyboard.o
                0xffffffff80105047                keyboard_handler
                0xffffffff80105084                keyboard_init
                0xffffffff80105085                keyboard_wait
                0xffffffff801050b0                keyboard_getchar
                0xffffffff801050e7                dev_keyboard_read
 *fill*         0xffffffff80105127       0x19 
 .text          0xffffffff80105140      0x12b build/drivers/timer/timer.o
                0xffffffff80105140                timer_handler
                0xffffffff8010523c                timer_get_ticks
                0xffffffff80105243                timer_get_seconds
                0xffffffff80105255                timer_init
 .text          0xffffffff8010526b      0x10f build/drivers/serial/serial.o
                0xffffffff8010526b                serial_putchar
                0xffffffff8010527e                serial_print
                0xffffffff801052ba                serial_println
                0xffffffff801052d1                serial_init
                0xffffffff80105338                dev_serial_read
                0xffffffff8010533e                dev_serial_write
 .text          0xffffffff8010537a        0x9 build/drivers/null/null.o
                0xffffffff8010537a                dev_null_read
                0xffffffff80105380                dev_null_write
 *fill*         0xffffffff80105383       0x1d 
 .text          0xffffffff801053a0       0xbe build/drivers/random/random.o
                0xffffffff801053a0                dev_random_read
 *fill*         0xffffffff8010545e       0x22 
 .text          0xffffffff80105480      0xecd build/file_system/vfs/vfs.o
                0xffffffff80105480                vfs_init
                0xffffffff8010552d                vfs_mount
                0xffffffff801056b0                vfs_find_mount
                0xffffffff80105765                vfs_resolve_path
                0xffffffff80105937                vfs_alloc_fd
                0xffffffff80105984                vfs_free_fd
                0xffffffff8010599c                vfs_get_file
                0xffffffff801059b6                vfs_open
                0xffffffff80105cb9                vfs_close
                0xffffffff80105d45                vfs_read
                0xffffffff80105de6                vfs_seek
                0xffffffff80105e6d                vfs_write
                0xffffffff80105f0e                vfs_mkdir
                0xffffffff801060ee                vfs_readdir
                0xffffffff8010617d                vfs_delete
 *fill*         0xffffffff8010634d       0x13 
 .text          0xffffffff80106360      0xc6d build/file_system/shadowfs/shadowfs.o
                0xffffffff80106e07                shadowfs_get_ops
                0xffffffff80106e0f                shadowfs_mount
                0xffffffff80106f8a                shadowfs_stats
 *fill*         0xffffffff80106fcd       0x13 
 .text          0xffffffff80106fe0      0x518 build/file_system/devfs/devfs.o
                0xffffffff80107299                devfs_get_ops
                0xffffffff801072a1                devfs_mount
                0xffffffff801073b9                devfs_register
 *fill*         0xffffffff801074f8        0x8 
 .text          0xffffffff80107500      0xb90 build/file_system/procfs/procfs.o
                0xffffffff80107fd0                procfs_get_ops
                0xffffffff80107fd8                procfs_mount
 *fill*         0xffffffff80108090       0x10 
 .text          0xffffffff801080a0      0x9c4 build/apps/shell/shell.o
                0xffffffff80108863                shell_handle_key
                0xffffffff80108a4a                shell_init

.rodata         0xffffffff80108a80     0x2e43
 *(.rodata)
 .rodata        0xffffffff80108a80      0x160 build/kernel/core/kprintf.o
 .rodata        0xffffffff80108be0       0x70 build/kernel/processes/syscall.o
 *fill*         0xffffffff80108c50       0x10 
 .rodata        0xffffffff80108c60       0x3b build/drivers/input/keyboard.o
 *fill*         0xffffffff80108c9b        0x5 
 .rodata        0xffffffff80108ca0       0x20 build/file_system/procfs/procfs.o
 .rodata        0xffffffff80108cc0       0xc0 build/apps/shell/shell.o
 *(.rodata.*)
 .rodata.str1.1
                0xffffffff80108d80      0x4f4 build/kernel/core/kernel.o
 *fill*         0xffffffff80109274        0x4 
 .rodata.str1.8
                0xffffffff80109278      0x325 build/kernel/core/kernel.o
 .rodata.str1.1
                0xffffffff8010959d       0x18 build/kernel/core/kprintf.o
 .rodata.str1.1
                0xffffffff801095b5       0x55 build/kernel/core/panic.o
 .rodata.str1.1
                0xffffffff8010960a       0xe0 build/kernel/memory/mem.o
 *fill*         0xffffffff801096ea        0x6 
 .rodata.str1.8
                0xffffffff801096f0       0x6f build/kernel/memory/mem.o
 .rodata.str1.1
                0xffffffff8010975f      0x1f8 build/kernel/memory/pmm.o
 *fill*         0xffffffff80109957        0x1 
 .rodata.str1.8
                0xffffffff80109958       0xdb build/kernel/memory/pmm.o
 *fill*         0xffffffff80109a33        0x5 
 .rodata.str1.8
                0xffffffff80109a38      0x367 build/kernel/processes/process.o
 .rodata.str1.1
                0xffffffff80109d9f      0x129 build/kernel/processes/process.o
 .rodata.str1.1
                0xffffffff80109ec8       0x86 build/kernel/processes/scheduler.o
 *fill*         0xffffffff80109f4e        0x2 
 .rodata.str1.8
                0xffffffff80109f50       0xbf build/kernel/processes/scheduler.o
 *fill*         0xffffffff8010a00f        0x1 
 .rodata.str1.8
                0xffffffff8010a010       0xe9 build/kernel/processes/syscall.o
 .rodata.str1.1
                0xffffffff8010a0f9      0x114 build/kernel/processes/syscall.o
 .rodata.str1.1
                0xffffffff8010a20d       0x34 build/kernel/architecture/x86_64/gdt.o
 .rodata.str1.1
                0xffffffff8010a241       0x5e build/kernel/architecture/x86_64/idt.o
 .rodata.str1.1
                0xffffffff8010a29f       0x29 build/kernel/architecture/x86_64/tss.o
 .rodata.str1.8
                0xffffffff8010a2c8      0x1cc build/kernel/architecture/x86_64/paging.o
 .rodata.str1.1
                0xffffffff8010a494       0xdd build/kernel/architecture/x86_64/paging.o
 *fill*         0xffffffff8010a571        0x7 
 .rodata.str1.8
                0xffffffff8010a578       0x28 build/kernel/architecture/x86_64/usermode.o
 .rodata.str1.1
                0xffffffff8010a5a0       0x76 build/kernel/core/elf.o
 *fill*         0xffffffff8010a616        0x2 
 .rodata.str1.8
                0xffffffff8010a618       0xfd build/kernel/core/elf.o
 .rodata.str1.1
                0xffffffff8010a715       0x3e build/drivers/serial/serial.o
 *fill*         0xffffffff8010a753        0x5 
 .rodata.str1.8
                0xffffffff8010a758       0x1f build/drivers/random/random.o
 .rodata.str1.1
                0xffffffff8010a777      0x184 build/file_system/vfs/vfs.o
 *fill*         0xffffffff8010a8fb        0x5 
 .rodata.str1.8
                0xffffffff8010a900      0x3ab build/file_system/vfs/vfs.o
 *fill*         0xffffffff8010acab        0x5 
 .rodata.str1.8
                0xffffffff8010acb0      0x296 build/file_system/shadowfs/shadowfs.o
 .rodata.str1.1
                0xffffffff8010af46      0x109 build/file_system/shadowfs/shadowfs.o
 *fill*         0xffffffff8010b04f        0x1 
 .rodata.str1.8
                0xffffffff8010b050      0x127 build/file_system/devfs/devfs.o
 .rodata.str1.1
                0xffffffff8010b177       0x68 build/file_system/devfs/devfs.o
 .rodata.str1.1
                0xffffffff8010b1df       0xe7 build/file_system/procfs/procfs.o
 *fill*         0xffffffff8010b2c6        0x2 
 .rodata.str1.8
                0xffffffff8010b2c8      0x1d6 build/file_system/procfs/procfs.o
 .rodata.str1.1
                0xffffffff8010b49e      0x1f0 build/apps/shell/shell.o
 *fill*         0xffffffff8010b68e        0x2 
 .rodata.str1.8
                0xffffffff8010b690      0x233 build/apps/shell/shell.o

.eh_frame       0xffffffff8010b8c8     0x1a18
 .eh_frame      0xffffffff8010b8c8       0x88 build/kernel/core/kernel.o
 .eh_frame      0xffffffff8010b950      0x108 build/kernel/core/kprintf.o
 .eh_frame      0xffffffff8010ba58       0x38 build/kernel/core/panic.o
 .eh_frame      0xffffffff8010ba90       0xa0 build/kernel/memory/mem.o
 .eh_frame      0xffffffff8010bb30      0x108 build/kernel/memory/pmm.o
 .eh_frame      0xffffffff8010bc38      0x180 build/kernel/processes/process.o
 .eh_frame      0xffffffff8010bdb8       0xd0 build/kernel/processes/scheduler.o
 .eh_frame      0xffffffff8010be88      0x280 build/kernel/processes/syscall.o
 .eh_frame      0xffffffff8010c108       0x58 build/kernel/architecture/x86_64/gdt.o
 .eh_frame      0xffffffff8010c160       0x98 build/kernel/architecture/x86_64/idt.o
 .eh_frame      0xffffffff8010c1f8       0x68 build/kernel/architecture/x86_64/pic.o
 .eh_frame      0xffffffff8010c260       0x50 build/kernel/architecture/x86_64/tss.o
 .eh_frame      0xffffffff8010c2b0      0x240 build/kernel/architecture/x86_64/paging.o
 .eh_frame      0xffffffff8010c4f0       0x40 build/kernel/architecture/x86_64/usermode.o
 .eh_frame      0xffffffff8010c530       0x78 build/kernel/core/elf.o
 .eh_frame      0xffffffff8010c5a8       0xc8 build/drivers/display/vga.o
 .eh_frame      0xffffffff8010c670       0xb8 build/drivers/input/keyboard.o
 .eh_frame      0xffffffff8010c728       0x78 build/drivers/timer/timer.o
 .eh_frame      0xffffffff8010c7a0       0xd8 build/drivers/serial/serial.o
 .eh_frame      0xffffffff8010c878       0x40 build/drivers/null/null.o
 .eh_frame      0xffffffff8010c8b8       0x48 build/drivers/random/random.o
 .eh_frame      0xffffffff8010c900      0x268 build/file_system/vfs/vfs.o
 .eh_frame      0xffffffff8010cb68      0x250 build/file_system/shadowfs/shadowfs.o
 .eh_frame      0xffffffff8010cdb8      0x188 build/file_system/devfs/devfs.o
 .eh_frame      0xffffffff8010cf40      0x158 build/file_system/procfs/procfs.o
 .eh_frame      0xffffffff8010d098      0x248 build/apps/shell/shell.o

.data           0xffffffff8010d2e0      0x120
 *(.data)
 .data          0xffffffff8010d2e0        0x0 build/kernel/core/kernel.o
 .data          0xffffffff8010d2e0        0x0 build/kernel/core/kprintf.o
 .data          0xffffffff8010d2e0        0x0 build/kernel/core/panic.o
 .data          0xffffffff8010d2e0        0x0 build/kernel/memory/mem.o
 .data          0xffffffff8010d2e0        0x0 build/kernel/memory/pmm.o
 .data          0xffffffff8010d2e0        0x0 build/kernel/processes/process.o
 .data          0xffffffff8010d2e0        0x0 build/kernel/processes/scheduler.o
 .data          0xffffffff8010d2e0        0x0 build/kernel/processes/syscall.o
 .data          0xffffffff8010d2e0        0x0 build/kernel/architecture/x86_64/gdt.o
 .data          0xffffffff8010d2e0        0x0 build/kernel/architecture/x86_64/idt.o
 .data          0xffffffff8010d2e0        0x0 build/kernel/architecture/x86_64/pic.o
 .data          0xffffffff8010d2e0        0x0 build/kernel/architecture/x86_64/tss.o
 .data          0xffffffff8010d2e0        0x0 build/kernel/architecture/x86_64/paging.o
 .data          0xffffffff8010d2e0        0x0 build/kernel/architecture/x86_64/usermode.o
 .data          0xffffffff8010d2e0        0x0 build/kernel/core/elf.o
 .data          0xffffffff8010d2e0        0x0 build/drivers/display/vga.o
 .data          0xffffffff8010d2e0        0x0 build/drivers/input/keyboard.o
 .data          0xffffffff8010d2e0        0x0 build/drivers/timer/timer.o
 .data          0xffffffff8010d2e0        0x0 build/drivers/serial/serial.o
 .data          0xffffffff8010d2e0        0x0 build/drivers/null/null.o
 .data          0xffffffff8010d2e0        0x0 build/drivers/random/random.o
 .data          0xffffffff8010d2e0        0x0 build/file_system/vfs/vfs.o
 .data          0xffffffff8010d2e0       0x60 build/file_system/shadowfs/shadowfs.o
 .data          0xffffffff8010d340       0x60 build/file_system/devfs/devfs.o
 .data          0xffffffff8010d3a0       0x60 build/file_system/procfs/procfs.o
 .data          0xffffffff8010d400        0x0 build/apps/shell/shell.o

.bss            0xffffffff8010e000     0x4480
                0xffffffff8010e000                __bss_start = .
 *(.bss)
 .bss           0xffffffff8010e000        0x0 build/kernel/core/kernel.o
 .bss           0xffffffff8010e000        0x0 build/kernel/core/kprintf.o
 .bss           0xffffffff8010e000        0x0 build/kernel/core/panic.o
 .bss           0xffffffff8010e000       0x10 build/kernel/memory/mem.o
 .bss           0xffffffff8010e010       0x10 build/kernel/memory/pmm.o
 .bss           0xffffffff8010e020       0xa0 build/kernel/processes/process.o
                0xffffffff8010e020                next_pid
                0xffffffff8010e028                current_process
                0xffffffff8010e040                process_table
 .bss           0xffffffff8010e0c0       0x10 build/kernel/processes/scheduler.o
 .bss           0xffffffff8010e0d0        0x0 build/kernel/processes/syscall.o
 *fill*         0xffffffff8010e0d0       0x10 
 .bss           0xffffffff8010e0e0       0x58 build/kernel/architecture/x86_64/gdt.o
 *fill*         0xffffffff8010e138        0x8 
 .bss           0xffffffff8010e140     0x1020 build/kernel/architecture/x86_64/idt.o
 .bss           0xffffffff8010f160        0x0 build/kernel/architecture/x86_64/pic.o
 .bss           0xffffffff8010f160       0x68 build/kernel/architecture/x86_64/tss.o
 .bss           0xffffffff8010f1c8        0x8 build/kernel/architecture/x86_64/paging.o
                0xffffffff8010f1c8                kernel_pml4
 *fill*         0xffffffff8010f1d0      0xe30 
 .bss           0xffffffff80110000     0x1000 build/kernel/architecture/x86_64/usermode.o
 .bss           0xffffffff80111000        0x0 build/kernel/core/elf.o
 .bss           0xffffffff80111000        0xc build/drivers/display/vga.o
 *fill*         0xffffffff8011100c        0x4 
 .bss           0xffffffff80111010        0x9 build/drivers/input/keyboard.o
                0xffffffff80111010                keyboard_waiting
 *fill*         0xffffffff80111019        0x3 
 .bss           0xffffffff8011101c        0x4 build/drivers/timer/timer.o
 .bss           0xffffffff80111020        0x0 build/drivers/serial/serial.o
 .bss           0xffffffff80111020        0x0 build/drivers/null/null.o
 .bss           0xffffffff80111020        0x0 build/drivers/random/random.o
 .bss           0xffffffff80111020      0xe20 build/file_system/vfs/vfs.o
 .bss           0xffffffff80111e40        0x0 build/file_system/shadowfs/shadowfs.o
 .bss           0xffffffff80111e40      0x518 build/file_system/devfs/devfs.o
 .bss           0xffffffff80112358        0x0 build/file_system/procfs/procfs.o
 *fill*         0xffffffff80112358        0x8 
 .bss           0xffffffff80112360      0x120 build/apps/shell/shell.o
 *(COMMON)
                0xffffffff80112480                __bss_end = .
LOAD build/kernel/architecture/x86_64/start.asm.o
LOAD build/kernel/architecture/x86_64/gdt_flush.asm.o
LOAD build/kernel/architecture/x86_64/idt_flush.asm.o
LOAD build/kernel/architecture/x86_64/isr.asm.o
LOAD build/kernel/architecture/x86_64/switch.asm.o
LOAD build/kernel/architecture/x86_64/usermode.asm.o
LOAD build/kernel/core/kernel.o
LOAD build/kernel/core/kprintf.o
LOAD build/kernel/core/panic.o
LOAD build/kernel/memory/mem.o
LOAD build/kernel/memory/pmm.o
LOAD build/kernel/processes/process.o
LOAD build/kernel/processes/scheduler.o
LOAD build/kernel/processes/syscall.o
LOAD build/kernel/architecture/x86_64/gdt.o
LOAD build/kernel/architecture/x86_64/idt.o
LOAD build/kernel/architecture/x86_64/pic.o
LOAD build/kernel/architecture/x86_64/tss.o
LOAD build/kernel/architecture/x86_64/paging.o
LOAD build/kernel/architecture/x86_64/usermode.o
LOAD build/kernel/core/elf.o
LOAD build/drivers/display/vga.o
LOAD build/drivers/input/keyboard.o
LOAD build/drivers/timer/timer.o
LOAD build/drivers/serial/serial.o
LOAD build/drivers/null/null.o
LOAD build/drivers/random/random.o
LOAD build/file_system/vfs/vfs.o
LOAD build/file_system/shadowfs/shadowfs.o
LOAD build/file_system/devfs/devfs.o
LOAD build/file_system/procfs/procfs.o
LOAD build/apps/shell/shell.o
OUTPUT(build/kernel.bin binary)

.comment        0x0000000000000000      0x1ee
 .comment       0x0000000000000000       0x13 build/kernel/core/kernel.o
 .comment       0x0000000000000013       0x13 build/kernel/core/kprintf.o
 .comment       0x0000000000000026       0x13 build/kernel/core/panic.o
 .comment       0x0000000000000039       0x13 build/kernel/memory/mem.o
 .comment       0x000000000000004c       0x13 build/kernel/memory/pmm.o
 .comment       0x000000000000005f       0x13 build/kernel/processes/process.o
 .comment       0x0000000000000072       0x13 build/kernel/processes/scheduler.o
 .comment       0x0000000000000085       0x13 build/kernel/processes/syscall.o
 .comment       0x0000000000000098       0x13 build/kernel/architecture/x86_64/gdt.o
 .comment       0x00000000000000ab       0x13 build/kernel/architecture/x86_64/idt.o
 .comment       0x00000000000000be       0x13 build/kernel/architecture/x86_64/pic.o
 .comment       0x00000000000000d1       0x13 build/kernel/architecture/x86_64/tss.o
 .comment       0x00000000000000e4       0x13 build/kernel/architecture/x86_64/paging.o
 .comment       0x00000000000000f7       0x13 build/kernel/architecture/x86_64/usermode.o
 .comment       0x000000000000010a       0x13 build/kernel/core/elf.o
 .comment       0x000000000000011d       0x13 build/drivers/display/vga.o
 .comment       0x0000000000000130       0x13 build/drivers/input/keyboard.o
 .comment       0x0000000000000143       0x13 build/drivers/timer/timer.o
 .comment       0x0000000000000156       0x13 build/drivers/serial/serial.o
 .comment       0x0000000000000169       0x13 build/drivers/null/null.o
 .comment       0x000000000000017c       0x13 build/drivers/random/random.o
 .comment       0x000000000000018f       0x13 build/file_system/vfs/vfs.o
 .comment       0x00000000000001a2       0x13 build/file_system/shadowfs/shadowfs.o
 .comment       0x00000000000001b5       0x13 build/file_system/devfs/devfs.o
 .comment       0x00000000000001c8       0x13 build/file_system/procfs/procfs.o
 .comment       0x00000000000001db       0x13 build/apps/shell/shell.o
