
There are no discarded input sections

Memory Configuration

Name             Origin             Length             Attributes
*default*        0x0000000000000000 0xffffffffffffffff

Linker script and memory map

                0xffffffff80100000                . = 0xffffffff80100000

.text           0xffffffff80100000     0x8524
 *(.text.boot)
 .text.boot     0xffffffff80100000       0x48 build/kernel/architecture/x86_64/start.asm.o
                0xffffffff80100000                _start
 *(.text)
 *fill*         0xffffffff80100048        0x8 
 .text          0xffffffff80100050       0x18 build/kernel/architecture/x86_64/gdt_flush.asm.o
                0xffffffff80100050                gdt_flush
 *fill*         0xffffffff80100068        0x8 
 .text          0xffffffff80100070        0x4 build/kernel/architecture/x86_64/idt_flush.asm.o
                0xffffffff80100070                idt_flush
 *fill*         0xffffffff80100074        0xc 
 .text          0xffffffff80100080       0xe5 build/kernel/architecture/x86_64/isr.asm.o
                0xffffffff80100080                isr0
                0xffffffff80100087                isr1
                0xffffffff8010008e                isr2
                0xffffffff80100095                isr3
                0xffffffff8010009c                isr128
                0xffffffff801000a6                isr14
                0xffffffff801000ab                irq0
                0xffffffff801000b2                irq1
 *fill*         0xffffffff80100165        0xb 
 .text          0xffffffff80100170       0xa1 build/kernel/architecture/x86_64/switch.asm.o
                0xffffffff80100170                switch_context
 *fill*         0xffffffff80100211        0xf 
 .text          0xffffffff80100220       0x28 build/kernel/architecture/x86_64/usermode.asm.o
                0xffffffff80100220                enter_usermode
                0xffffffff80100239                iret_to_usermode
 .text          0xffffffff80100248      0xeae build/kernel/core/kernel.o
                0xffffffff801002f8                kernel_main
 *fill*         0xffffffff801010f6        0xa 
 .text          0xffffffff80101100      0x8a6 build/kernel/core/kprintf.o
                0xffffffff80101289                kvsnprintf
                0xffffffff8010183e                kprintf
                0xffffffff801018ca                kserial_printf
                0xffffffff80101970                ksnprintf
 .text          0xffffffff801019a6       0x6f build/kernel/core/panic.o
                0xffffffff801019a6                kpanic
 *fill*         0xffffffff80101a15        0xb 
 .text          0xffffffff80101a20      0x2e6 build/kernel/memory/mem.o
                0xffffffff80101a20                mem_init
                0xffffffff80101a86                kmalloc
                0xffffffff80101ba2                kfree
                0xffffffff80101c16                mem_print_stats
 *fill*         0xffffffff80101d06       0x1a 
 .text          0xffffffff80101d20      0x4e7 build/kernel/memory/pmm.o
                0xffffffff80101d66                pmm_init
                0xffffffff801020a3                pmm_alloc
                0xffffffff8010212e                pmm_free
                0xffffffff8010214b                pmm_free_pages
                0xffffffff8010215a                pmm_used_pages
                0xffffffff80102162                pmm_print_stats
 *fill*         0xffffffff80102207       0x39 
 .text          0xffffffff80102240      0xc9c build/kernel/processes/process.o
                0xffffffff80102240                process_init
                0xffffffff80102299                process_create
                0xffffffff80102517                process_exit
                0xffffffff8010253f                process_print_all
                0xffffffff801025fc                process_block
                0xffffffff80102609                process_wake
                0xffffffff8010261c                create_user_process
                0xffffffff801028cd                process_fork
                0xffffffff80102cd5                process_exec
 .text          0xffffffff80102edc      0x2b7 build/kernel/processes/scheduler.o
                0xffffffff80102edc                scheduler_init
                0xffffffff80102f09                scheduler_add
                0xffffffff80102f88                scheduler_tick
                0xffffffff801030a7                scheduler_yield
                0xffffffff801030ce                scheduler_start
 *fill*         0xffffffff80103193        0xd 
 .text          0xffffffff801031a0      0x612 build/kernel/processes/syscall.o
                0xffffffff8010371c                syscall_handler
                0xffffffff8010379b                syscall_init
 .text          0xffffffff801037b2      0x1f9 build/kernel/architecture/x86_64/gdt.o
                0xffffffff801037b2                gdt_init
                0xffffffff80103951                gdt_set_tss_entry
 *fill*         0xffffffff801039ab        0x1 
 .text          0xffffffff801039ac      0x22c build/kernel/architecture/x86_64/idt.o
                0xffffffff801039ac                idt_set_entry
                0xffffffff801039e6                idt_init
                0xffffffff80103ae4                isr_handler
                0xffffffff80103b84                irq_handler
 .text          0xffffffff80103bd8       0xb8 build/kernel/architecture/x86_64/pic.o
                0xffffffff80103bd8                pic_init
                0xffffffff80103c44                pic_send_eoi
                0xffffffff80103c58                pic_mask
                0xffffffff80103c78                pic_unmask
 .text          0xffffffff80103c90       0x92 build/kernel/architecture/x86_64/tss.o
                0xffffffff80103c90                tss_init
                0xffffffff80103d1a                tss_set_kernel_stack
 *fill*         0xffffffff80103d22       0x1e 
 .text          0xffffffff80103d40      0xa8a build/kernel/architecture/x86_64/paging.o
                0xffffffff80103ffa                physical_to_virtual
                0xffffffff80104008                virtual_to_physical
                0xffffffff80104016                paging_init
                0xffffffff80104055                map_page
                0xffffffff80104123                map_page_in
                0xffffffff8010420a                unmap_page
                0xffffffff80104241                get_physical
                0xffffffff801042d1                paging_clone_directory
                0xffffffff80104345                paging_switch_directory
                0xffffffff80104381                paging_deep_copy_directory
                0xffffffff801046b3                page_fault_handler
 .text          0xffffffff801047ca       0x3f build/kernel/architecture/x86_64/usermode.o
                0xffffffff801047ca                jump_to_usermode
 .text          0xffffffff80104809       0xc2 build/kernel/core/elf.o
                0xffffffff80104809                elf_load
 *fill*         0xffffffff801048cb       0x15 
 .text          0xffffffff801048e0      0x247 build/drivers/display/vga.o
                0xffffffff801048e0                vga_set_colour
                0xffffffff801048ed                vga_clear
                0xffffffff80104931                vga_putchar
                0xffffffff80104aa5                vga_print
                0xffffffff80104ad4                vga_init
                0xffffffff80104aeb                dev_display_write
 .text          0xffffffff80104b27       0xe0 build/drivers/input/keyboard.o
                0xffffffff80104b27                keyboard_handler
                0xffffffff80104b64                keyboard_init
                0xffffffff80104b65                keyboard_wait
                0xffffffff80104b90                keyboard_getchar
                0xffffffff80104bc7                dev_keyboard_read
 *fill*         0xffffffff80104c07       0x19 
 .text          0xffffffff80104c20      0x12b build/drivers/timer/timer.o
                0xffffffff80104c20                timer_handler
                0xffffffff80104d1c                timer_get_ticks
                0xffffffff80104d23                timer_get_seconds
                0xffffffff80104d35                timer_init
 .text          0xffffffff80104d4b      0x10f build/drivers/serial/serial.o
                0xffffffff80104d4b                serial_putchar
                0xffffffff80104d5e                serial_print
                0xffffffff80104d9a                serial_println
                0xffffffff80104db1                serial_init
                0xffffffff80104e18                dev_serial_read
                0xffffffff80104e1e                dev_serial_write
 .text          0xffffffff80104e5a        0x9 build/drivers/null/null.o
                0xffffffff80104e5a                dev_null_read
                0xffffffff80104e60                dev_null_write
 *fill*         0xffffffff80104e63       0x1d 
 .text          0xffffffff80104e80       0xbe build/drivers/random/random.o
                0xffffffff80104e80                dev_random_read
 *fill*         0xffffffff80104f3e        0x2 
 .text          0xffffffff80104f40      0xecd build/file_system/vfs/vfs.o
                0xffffffff80104f40                vfs_init
                0xffffffff80104fed                vfs_mount
                0xffffffff80105170                vfs_find_mount
                0xffffffff80105225                vfs_resolve_path
                0xffffffff801053f7                vfs_alloc_fd
                0xffffffff80105444                vfs_free_fd
                0xffffffff8010545c                vfs_get_file
                0xffffffff80105476                vfs_open
                0xffffffff80105779                vfs_close
                0xffffffff80105805                vfs_read
                0xffffffff801058a6                vfs_seek
                0xffffffff8010592d                vfs_write
                0xffffffff801059ce                vfs_mkdir
                0xffffffff80105bae                vfs_readdir
                0xffffffff80105c3d                vfs_delete
 *fill*         0xffffffff80105e0d       0x13 
 .text          0xffffffff80105e20      0xc6d build/file_system/shadowfs/shadowfs.o
                0xffffffff801068c7                shadowfs_get_ops
                0xffffffff801068cf                shadowfs_mount
                0xffffffff80106a4a                shadowfs_stats
 *fill*         0xffffffff80106a8d       0x13 
 .text          0xffffffff80106aa0      0x518 build/file_system/devfs/devfs.o
                0xffffffff80106d59                devfs_get_ops
                0xffffffff80106d61                devfs_mount
                0xffffffff80106e79                devfs_register
 *fill*         0xffffffff80106fb8        0x8 
 .text          0xffffffff80106fc0      0xb90 build/file_system/procfs/procfs.o
                0xffffffff80107a90                procfs_get_ops
                0xffffffff80107a98                procfs_mount
 *fill*         0xffffffff80107b50       0x10 
 .text          0xffffffff80107b60      0x9c4 build/apps/shell/shell.o
                0xffffffff80108323                shell_handle_key
                0xffffffff8010850a                shell_init

.rodata         0xffffffff80108540     0x2cd3
 *(.rodata)
 .rodata        0xffffffff80108540      0x160 build/kernel/core/kprintf.o
 .rodata        0xffffffff801086a0       0x70 build/kernel/processes/syscall.o
 *fill*         0xffffffff80108710       0x10 
 .rodata        0xffffffff80108720       0x3b build/drivers/input/keyboard.o
 *fill*         0xffffffff8010875b        0x5 
 .rodata        0xffffffff80108760       0x20 build/file_system/procfs/procfs.o
 .rodata        0xffffffff80108780       0xc0 build/apps/shell/shell.o
 *(.rodata.*)
 .rodata.str1.1
                0xffffffff80108840      0x4ee build/kernel/core/kernel.o
 *fill*         0xffffffff80108d2e        0x2 
 .rodata.str1.8
                0xffffffff80108d30      0x2d0 build/kernel/core/kernel.o
 .rodata.str1.1
                0xffffffff80109000       0x18 build/kernel/core/kprintf.o
 .rodata.str1.1
                0xffffffff80109018       0x55 build/kernel/core/panic.o
 .rodata.str1.1
                0xffffffff8010906d       0xe0 build/kernel/memory/mem.o
 *fill*         0xffffffff8010914d        0x3 
 .rodata.str1.8
                0xffffffff80109150       0x6f build/kernel/memory/mem.o
 .rodata.str1.1
                0xffffffff801091bf      0x1f8 build/kernel/memory/pmm.o
 *fill*         0xffffffff801093b7        0x1 
 .rodata.str1.8
                0xffffffff801093b8       0xdb build/kernel/memory/pmm.o
 *fill*         0xffffffff80109493        0x5 
 .rodata.str1.8
                0xffffffff80109498      0x367 build/kernel/processes/process.o
 .rodata.str1.1
                0xffffffff801097ff      0x129 build/kernel/processes/process.o
 .rodata.str1.1
                0xffffffff80109928       0x86 build/kernel/processes/scheduler.o
 *fill*         0xffffffff801099ae        0x2 
 .rodata.str1.8
                0xffffffff801099b0       0xbf build/kernel/processes/scheduler.o
 *fill*         0xffffffff80109a6f        0x1 
 .rodata.str1.8
                0xffffffff80109a70       0xe9 build/kernel/processes/syscall.o
 .rodata.str1.1
                0xffffffff80109b59      0x114 build/kernel/processes/syscall.o
 .rodata.str1.1
                0xffffffff80109c6d       0x34 build/kernel/architecture/x86_64/gdt.o
 .rodata.str1.1
                0xffffffff80109ca1       0x5e build/kernel/architecture/x86_64/idt.o
 .rodata.str1.1
                0xffffffff80109cff       0x29 build/kernel/architecture/x86_64/tss.o
 .rodata.str1.8
                0xffffffff80109d28      0x1cc build/kernel/architecture/x86_64/paging.o
 .rodata.str1.1
                0xffffffff80109ef4       0xc6 build/kernel/architecture/x86_64/paging.o
 *fill*         0xffffffff80109fba        0x6 
 .rodata.str1.8
                0xffffffff80109fc0       0x28 build/kernel/architecture/x86_64/usermode.o
 .rodata.str1.1
                0xffffffff80109fe8       0x5f build/kernel/core/elf.o
 *fill*         0xffffffff8010a047        0x1 
 .rodata.str1.8
                0xffffffff8010a048       0x20 build/kernel/core/elf.o
 .rodata.str1.1
                0xffffffff8010a068       0x3e build/drivers/serial/serial.o
 *fill*         0xffffffff8010a0a6        0x2 
 .rodata.str1.8
                0xffffffff8010a0a8       0x1f build/drivers/random/random.o
 .rodata.str1.1
                0xffffffff8010a0c7      0x184 build/file_system/vfs/vfs.o
 *fill*         0xffffffff8010a24b        0x5 
 .rodata.str1.8
                0xffffffff8010a250      0x3ab build/file_system/vfs/vfs.o
 *fill*         0xffffffff8010a5fb        0x5 
 .rodata.str1.8
                0xffffffff8010a600      0x296 build/file_system/shadowfs/shadowfs.o
 .rodata.str1.1
                0xffffffff8010a896      0x109 build/file_system/shadowfs/shadowfs.o
 *fill*         0xffffffff8010a99f        0x1 
 .rodata.str1.8
                0xffffffff8010a9a0      0x127 build/file_system/devfs/devfs.o
 .rodata.str1.1
                0xffffffff8010aac7       0x68 build/file_system/devfs/devfs.o
 .rodata.str1.1
                0xffffffff8010ab2f       0xe7 build/file_system/procfs/procfs.o
 *fill*         0xffffffff8010ac16        0x2 
 .rodata.str1.8
                0xffffffff8010ac18      0x1d6 build/file_system/procfs/procfs.o
 .rodata.str1.1
                0xffffffff8010adee      0x1f0 build/apps/shell/shell.o
 *fill*         0xffffffff8010afde        0x2 
 .rodata.str1.8
                0xffffffff8010afe0      0x233 build/apps/shell/shell.o

.eh_frame       0xffffffff8010b218     0x19b8
 .eh_frame      0xffffffff8010b218       0x88 build/kernel/core/kernel.o
 .eh_frame      0xffffffff8010b2a0      0x108 build/kernel/core/kprintf.o
 .eh_frame      0xffffffff8010b3a8       0x38 build/kernel/core/panic.o
 .eh_frame      0xffffffff8010b3e0       0xa0 build/kernel/memory/mem.o
 .eh_frame      0xffffffff8010b480      0x108 build/kernel/memory/pmm.o
 .eh_frame      0xffffffff8010b588      0x180 build/kernel/processes/process.o
 .eh_frame      0xffffffff8010b708       0xd0 build/kernel/processes/scheduler.o
 .eh_frame      0xffffffff8010b7d8      0x280 build/kernel/processes/syscall.o
 .eh_frame      0xffffffff8010ba58       0x58 build/kernel/architecture/x86_64/gdt.o
 .eh_frame      0xffffffff8010bab0       0x98 build/kernel/architecture/x86_64/idt.o
 .eh_frame      0xffffffff8010bb48       0x68 build/kernel/architecture/x86_64/pic.o
 .eh_frame      0xffffffff8010bbb0       0x50 build/kernel/architecture/x86_64/tss.o
 .eh_frame      0xffffffff8010bc00      0x218 build/kernel/architecture/x86_64/paging.o
 .eh_frame      0xffffffff8010be18       0x40 build/kernel/architecture/x86_64/usermode.o
 .eh_frame      0xffffffff8010be58       0x40 build/kernel/core/elf.o
 .eh_frame      0xffffffff8010be98       0xc8 build/drivers/display/vga.o
 .eh_frame      0xffffffff8010bf60       0xb8 build/drivers/input/keyboard.o
 .eh_frame      0xffffffff8010c018       0x78 build/drivers/timer/timer.o
 .eh_frame      0xffffffff8010c090       0xd8 build/drivers/serial/serial.o
 .eh_frame      0xffffffff8010c168       0x40 build/drivers/null/null.o
 .eh_frame      0xffffffff8010c1a8       0x48 build/drivers/random/random.o
 .eh_frame      0xffffffff8010c1f0      0x268 build/file_system/vfs/vfs.o
 .eh_frame      0xffffffff8010c458      0x250 build/file_system/shadowfs/shadowfs.o
 .eh_frame      0xffffffff8010c6a8      0x188 build/file_system/devfs/devfs.o
 .eh_frame      0xffffffff8010c830      0x158 build/file_system/procfs/procfs.o
 .eh_frame      0xffffffff8010c988      0x248 build/apps/shell/shell.o

.data           0xffffffff8010cbe0      0x120
 *(.data)
 .data          0xffffffff8010cbe0        0x0 build/kernel/core/kernel.o
 .data          0xffffffff8010cbe0        0x0 build/kernel/core/kprintf.o
 .data          0xffffffff8010cbe0        0x0 build/kernel/core/panic.o
 .data          0xffffffff8010cbe0        0x0 build/kernel/memory/mem.o
 .data          0xffffffff8010cbe0        0x0 build/kernel/memory/pmm.o
 .data          0xffffffff8010cbe0        0x0 build/kernel/processes/process.o
 .data          0xffffffff8010cbe0        0x0 build/kernel/processes/scheduler.o
 .data          0xffffffff8010cbe0        0x0 build/kernel/processes/syscall.o
 .data          0xffffffff8010cbe0        0x0 build/kernel/architecture/x86_64/gdt.o
 .data          0xffffffff8010cbe0        0x0 build/kernel/architecture/x86_64/idt.o
 .data          0xffffffff8010cbe0        0x0 build/kernel/architecture/x86_64/pic.o
 .data          0xffffffff8010cbe0        0x0 build/kernel/architecture/x86_64/tss.o
 .data          0xffffffff8010cbe0        0x0 build/kernel/architecture/x86_64/paging.o
 .data          0xffffffff8010cbe0        0x0 build/kernel/architecture/x86_64/usermode.o
 .data          0xffffffff8010cbe0        0x0 build/kernel/core/elf.o
 .data          0xffffffff8010cbe0        0x0 build/drivers/display/vga.o
 .data          0xffffffff8010cbe0        0x0 build/drivers/input/keyboard.o
 .data          0xffffffff8010cbe0        0x0 build/drivers/timer/timer.o
 .data          0xffffffff8010cbe0        0x0 build/drivers/serial/serial.o
 .data          0xffffffff8010cbe0        0x0 build/drivers/null/null.o
 .data          0xffffffff8010cbe0        0x0 build/drivers/random/random.o
 .data          0xffffffff8010cbe0        0x0 build/file_system/vfs/vfs.o
 .data          0xffffffff8010cbe0       0x60 build/file_system/shadowfs/shadowfs.o
 .data          0xffffffff8010cc40       0x60 build/file_system/devfs/devfs.o
 .data          0xffffffff8010cca0       0x60 build/file_system/procfs/procfs.o
 .data          0xffffffff8010cd00        0x0 build/apps/shell/shell.o

.bss            0xffffffff8010d000     0x4480
                0xffffffff8010d000                __bss_start = .
 *(.bss)
 .bss           0xffffffff8010d000        0x0 build/kernel/core/kernel.o
 .bss           0xffffffff8010d000        0x0 build/kernel/core/kprintf.o
 .bss           0xffffffff8010d000        0x0 build/kernel/core/panic.o
 .bss           0xffffffff8010d000       0x10 build/kernel/memory/mem.o
 .bss           0xffffffff8010d010       0x10 build/kernel/memory/pmm.o
 .bss           0xffffffff8010d020       0xa0 build/kernel/processes/process.o
                0xffffffff8010d020                next_pid
                0xffffffff8010d028                current_process
                0xffffffff8010d040                process_table
 .bss           0xffffffff8010d0c0       0x10 build/kernel/processes/scheduler.o
 .bss           0xffffffff8010d0d0        0x0 build/kernel/processes/syscall.o
 *fill*         0xffffffff8010d0d0       0x10 
 .bss           0xffffffff8010d0e0       0x58 build/kernel/architecture/x86_64/gdt.o
 *fill*         0xffffffff8010d138        0x8 
 .bss           0xffffffff8010d140     0x1020 build/kernel/architecture/x86_64/idt.o
 .bss           0xffffffff8010e160        0x0 build/kernel/architecture/x86_64/pic.o
 .bss           0xffffffff8010e160       0x68 build/kernel/architecture/x86_64/tss.o
 .bss           0xffffffff8010e1c8        0x8 build/kernel/architecture/x86_64/paging.o
                0xffffffff8010e1c8                kernel_pml4
 *fill*         0xffffffff8010e1d0      0xe30 
 .bss           0xffffffff8010f000     0x1000 build/kernel/architecture/x86_64/usermode.o
 .bss           0xffffffff80110000        0x0 build/kernel/core/elf.o
 .bss           0xffffffff80110000        0xc build/drivers/display/vga.o
 *fill*         0xffffffff8011000c        0x4 
 .bss           0xffffffff80110010        0x9 build/drivers/input/keyboard.o
                0xffffffff80110010                keyboard_waiting
 *fill*         0xffffffff80110019        0x3 
 .bss           0xffffffff8011001c        0x4 build/drivers/timer/timer.o
 .bss           0xffffffff80110020        0x0 build/drivers/serial/serial.o
 .bss           0xffffffff80110020        0x0 build/drivers/null/null.o
 .bss           0xffffffff80110020        0x0 build/drivers/random/random.o
 .bss           0xffffffff80110020      0xe20 build/file_system/vfs/vfs.o
 .bss           0xffffffff80110e40        0x0 build/file_system/shadowfs/shadowfs.o
 .bss           0xffffffff80110e40      0x518 build/file_system/devfs/devfs.o
 .bss           0xffffffff80111358        0x0 build/file_system/procfs/procfs.o
 *fill*         0xffffffff80111358        0x8 
 .bss           0xffffffff80111360      0x120 build/apps/shell/shell.o
 *(COMMON)
                0xffffffff80111480                __bss_end = .
LOAD build/kernel/architecture/x86_64/start.asm.o
LOAD build/kernel/architecture/x86_64/gdt_flush.asm.o
LOAD build/kernel/architecture/x86_64/idt_flush.asm.o
LOAD build/kernel/architecture/x86_64/isr.asm.o
LOAD build/kernel/architecture/x86_64/switch.asm.o
LOAD build/kernel/architecture/x86_64/usermode.asm.o
LOAD build/kernel/core/kernel.o
LOAD build/kernel/core/kprintf.o
LOAD build/kernel/core/panic.o
LOAD build/kernel/memory/mem.o
LOAD build/kernel/memory/pmm.o
LOAD build/kernel/processes/process.o
LOAD build/kernel/processes/scheduler.o
LOAD build/kernel/processes/syscall.o
LOAD build/kernel/architecture/x86_64/gdt.o
LOAD build/kernel/architecture/x86_64/idt.o
LOAD build/kernel/architecture/x86_64/pic.o
LOAD build/kernel/architecture/x86_64/tss.o
LOAD build/kernel/architecture/x86_64/paging.o
LOAD build/kernel/architecture/x86_64/usermode.o
LOAD build/kernel/core/elf.o
LOAD build/drivers/display/vga.o
LOAD build/drivers/input/keyboard.o
LOAD build/drivers/timer/timer.o
LOAD build/drivers/serial/serial.o
LOAD build/drivers/null/null.o
LOAD build/drivers/random/random.o
LOAD build/file_system/vfs/vfs.o
LOAD build/file_system/shadowfs/shadowfs.o
LOAD build/file_system/devfs/devfs.o
LOAD build/file_system/procfs/procfs.o
LOAD build/apps/shell/shell.o
OUTPUT(build/kernel.bin binary)

.comment        0x0000000000000000      0x1ee
 .comment       0x0000000000000000       0x13 build/kernel/core/kernel.o
 .comment       0x0000000000000013       0x13 build/kernel/core/kprintf.o
 .comment       0x0000000000000026       0x13 build/kernel/core/panic.o
 .comment       0x0000000000000039       0x13 build/kernel/memory/mem.o
 .comment       0x000000000000004c       0x13 build/kernel/memory/pmm.o
 .comment       0x000000000000005f       0x13 build/kernel/processes/process.o
 .comment       0x0000000000000072       0x13 build/kernel/processes/scheduler.o
 .comment       0x0000000000000085       0x13 build/kernel/processes/syscall.o
 .comment       0x0000000000000098       0x13 build/kernel/architecture/x86_64/gdt.o
 .comment       0x00000000000000ab       0x13 build/kernel/architecture/x86_64/idt.o
 .comment       0x00000000000000be       0x13 build/kernel/architecture/x86_64/pic.o
 .comment       0x00000000000000d1       0x13 build/kernel/architecture/x86_64/tss.o
 .comment       0x00000000000000e4       0x13 build/kernel/architecture/x86_64/paging.o
 .comment       0x00000000000000f7       0x13 build/kernel/architecture/x86_64/usermode.o
 .comment       0x000000000000010a       0x13 build/kernel/core/elf.o
 .comment       0x000000000000011d       0x13 build/drivers/display/vga.o
 .comment       0x0000000000000130       0x13 build/drivers/input/keyboard.o
 .comment       0x0000000000000143       0x13 build/drivers/timer/timer.o
 .comment       0x0000000000000156       0x13 build/drivers/serial/serial.o
 .comment       0x0000000000000169       0x13 build/drivers/null/null.o
 .comment       0x000000000000017c       0x13 build/drivers/random/random.o
 .comment       0x000000000000018f       0x13 build/file_system/vfs/vfs.o
 .comment       0x00000000000001a2       0x13 build/file_system/shadowfs/shadowfs.o
 .comment       0x00000000000001b5       0x13 build/file_system/devfs/devfs.o
 .comment       0x00000000000001c8       0x13 build/file_system/procfs/procfs.o
 .comment       0x00000000000001db       0x13 build/apps/shell/shell.o
