
There are no discarded input sections

Memory Configuration

Name             Origin             Length             Attributes
*default*        0x0000000000000000 0xffffffffffffffff

Linker script and memory map

                0xffffffff80100000                . = 0xffffffff80100000

.text           0xffffffff80100000     0x82e4
 *(.text.boot)
 .text.boot     0xffffffff80100000       0x48 build/kernel/architecture/x86_64/start.asm.o
                0xffffffff80100000                _start
 *(.text)
 *fill*         0xffffffff80100048        0x8 
 .text          0xffffffff80100050       0x18 build/kernel/architecture/x86_64/gdt_flush.asm.o
                0xffffffff80100050                gdt_flush
 *fill*         0xffffffff80100068        0x8 
 .text          0xffffffff80100070        0x4 build/kernel/architecture/x86_64/idt_flush.asm.o
                0xffffffff80100070                idt_flush
 *fill*         0xffffffff80100074        0xc 
 .text          0xffffffff80100080       0xe5 build/kernel/architecture/x86_64/isr.asm.o
                0xffffffff80100080                isr0
                0xffffffff80100087                isr1
                0xffffffff8010008e                isr2
                0xffffffff80100095                isr3
                0xffffffff8010009c                isr128
                0xffffffff801000a6                isr14
                0xffffffff801000ab                irq0
                0xffffffff801000b2                irq1
 *fill*         0xffffffff80100165        0xb 
 .text          0xffffffff80100170       0xa1 build/kernel/architecture/x86_64/switch.asm.o
                0xffffffff80100170                switch_context
 *fill*         0xffffffff80100211        0xf 
 .text          0xffffffff80100220       0x28 build/kernel/architecture/x86_64/usermode.asm.o
                0xffffffff80100220                enter_usermode
                0xffffffff80100239                iret_to_usermode
 .text          0xffffffff80100248      0xe90 build/kernel/core/kernel.o
                0xffffffff801002f8                kernel_main
 *fill*         0xffffffff801010d8       0x28 
 .text          0xffffffff80101100      0x8a6 build/kernel/core/kprintf.o
                0xffffffff80101289                kvsnprintf
                0xffffffff8010183e                kprintf
                0xffffffff801018ca                kserial_printf
                0xffffffff80101970                ksnprintf
 .text          0xffffffff801019a6       0x6f build/kernel/core/panic.o
                0xffffffff801019a6                kpanic
 *fill*         0xffffffff80101a15        0xb 
 .text          0xffffffff80101a20      0x2e6 build/kernel/memory/mem.o
                0xffffffff80101a20                mem_init
                0xffffffff80101a86                kmalloc
                0xffffffff80101ba2                kfree
                0xffffffff80101c16                mem_print_stats
 *fill*         0xffffffff80101d06       0x1a 
 .text          0xffffffff80101d20      0x4e7 build/kernel/memory/pmm.o
                0xffffffff80101d66                pmm_init
                0xffffffff801020a3                pmm_alloc
                0xffffffff8010212e                pmm_free
                0xffffffff8010214b                pmm_free_pages
                0xffffffff8010215a                pmm_used_pages
                0xffffffff80102162                pmm_print_stats
 *fill*         0xffffffff80102207       0x39 
 .text          0xffffffff80102240      0xc9c build/kernel/processes/process.o
                0xffffffff80102240                process_init
                0xffffffff80102299                process_create
                0xffffffff80102517                process_exit
                0xffffffff8010253f                process_print_all
                0xffffffff801025fc                process_block
                0xffffffff80102609                process_wake
                0xffffffff8010261c                create_user_process
                0xffffffff801028cd                process_fork
                0xffffffff80102cd5                process_exec
 .text          0xffffffff80102edc      0x2b7 build/kernel/processes/scheduler.o
                0xffffffff80102edc                scheduler_init
                0xffffffff80102f09                scheduler_add
                0xffffffff80102f88                scheduler_tick
                0xffffffff801030a7                scheduler_yield
                0xffffffff801030ce                scheduler_start
 *fill*         0xffffffff80103193        0xd 
 .text          0xffffffff801031a0      0x612 build/kernel/processes/syscall.o
                0xffffffff8010371c                syscall_handler
                0xffffffff8010379b                syscall_init
 .text          0xffffffff801037b2      0x1f9 build/kernel/architecture/x86_64/gdt.o
                0xffffffff801037b2                gdt_init
                0xffffffff80103951                gdt_set_tss_entry
 *fill*         0xffffffff801039ab        0x1 
 .text          0xffffffff801039ac      0x22c build/kernel/architecture/x86_64/idt.o
                0xffffffff801039ac                idt_set_entry
                0xffffffff801039e6                idt_init
                0xffffffff80103ae4                isr_handler
                0xffffffff80103b84                irq_handler
 .text          0xffffffff80103bd8       0xb8 build/kernel/architecture/x86_64/pic.o
                0xffffffff80103bd8                pic_init
                0xffffffff80103c44                pic_send_eoi
                0xffffffff80103c58                pic_mask
                0xffffffff80103c78                pic_unmask
 .text          0xffffffff80103c90       0x92 build/kernel/architecture/x86_64/tss.o
                0xffffffff80103c90                tss_init
                0xffffffff80103d1a                tss_set_kernel_stack
 *fill*         0xffffffff80103d22       0x1e 
 .text          0xffffffff80103d40      0xa8a build/kernel/architecture/x86_64/paging.o
                0xffffffff80103ffa                physical_to_virtual
                0xffffffff80104008                virtual_to_physical
                0xffffffff80104016                paging_init
                0xffffffff80104055                map_page
                0xffffffff80104123                map_page_in
                0xffffffff8010420a                unmap_page
                0xffffffff80104241                get_physical
                0xffffffff801042d1                paging_clone_directory
                0xffffffff80104345                paging_switch_directory
                0xffffffff80104381                paging_deep_copy_directory
                0xffffffff801046b3                page_fault_handler
 .text          0xffffffff801047ca       0x3f build/kernel/architecture/x86_64/usermode.o
                0xffffffff801047ca                jump_to_usermode
 *fill*         0xffffffff80104809       0x17 
 .text          0xffffffff80104820      0x247 build/drivers/display/vga.o
                0xffffffff80104820                vga_set_colour
                0xffffffff8010482d                vga_clear
                0xffffffff80104871                vga_putchar
                0xffffffff801049e5                vga_print
                0xffffffff80104a14                vga_init
                0xffffffff80104a2b                dev_display_write
 .text          0xffffffff80104a67       0xe0 build/drivers/input/keyboard.o
                0xffffffff80104a67                keyboard_handler
                0xffffffff80104aa4                keyboard_init
                0xffffffff80104aa5                keyboard_wait
                0xffffffff80104ad0                keyboard_getchar
                0xffffffff80104b07                dev_keyboard_read
 *fill*         0xffffffff80104b47       0x19 
 .text          0xffffffff80104b60      0x12b build/drivers/timer/timer.o
                0xffffffff80104b60                timer_handler
                0xffffffff80104c5c                timer_get_ticks
                0xffffffff80104c63                timer_get_seconds
                0xffffffff80104c75                timer_init
 .text          0xffffffff80104c8b      0x10f build/drivers/serial/serial.o
                0xffffffff80104c8b                serial_putchar
                0xffffffff80104c9e                serial_print
                0xffffffff80104cda                serial_println
                0xffffffff80104cf1                serial_init
                0xffffffff80104d58                dev_serial_read
                0xffffffff80104d5e                dev_serial_write
 .text          0xffffffff80104d9a        0x9 build/drivers/null/null.o
                0xffffffff80104d9a                dev_null_read
                0xffffffff80104da0                dev_null_write
 *fill*         0xffffffff80104da3       0x1d 
 .text          0xffffffff80104dc0       0xbe build/drivers/random/random.o
                0xffffffff80104dc0                dev_random_read
 *fill*         0xffffffff80104e7e        0x2 
 .text          0xffffffff80104e80      0xecd build/file_system/vfs/vfs.o
                0xffffffff80104e80                vfs_init
                0xffffffff80104f2d                vfs_mount
                0xffffffff801050b0                vfs_find_mount
                0xffffffff80105165                vfs_resolve_path
                0xffffffff80105337                vfs_alloc_fd
                0xffffffff80105384                vfs_free_fd
                0xffffffff8010539c                vfs_get_file
                0xffffffff801053b6                vfs_open
                0xffffffff801056b9                vfs_close
                0xffffffff80105745                vfs_read
                0xffffffff801057e6                vfs_seek
                0xffffffff8010586d                vfs_write
                0xffffffff8010590e                vfs_mkdir
                0xffffffff80105aee                vfs_readdir
                0xffffffff80105b7d                vfs_delete
 *fill*         0xffffffff80105d4d       0x13 
 .text          0xffffffff80105d60      0xc6d build/file_system/shadowfs/shadowfs.o
                0xffffffff80106807                shadowfs_get_ops
                0xffffffff8010680f                shadowfs_mount
                0xffffffff8010698a                shadowfs_stats
 *fill*         0xffffffff801069cd       0x13 
 .text          0xffffffff801069e0      0x518 build/file_system/devfs/devfs.o
                0xffffffff80106c99                devfs_get_ops
                0xffffffff80106ca1                devfs_mount
                0xffffffff80106db9                devfs_register
 *fill*         0xffffffff80106ef8        0x8 
 .text          0xffffffff80106f00      0xb90 build/file_system/procfs/procfs.o
                0xffffffff801079d0                procfs_get_ops
                0xffffffff801079d8                procfs_mount
 *fill*         0xffffffff80107a90       0x10 
 .text          0xffffffff80107aa0      0x844 build/apps/shell/shell.o
                0xffffffff801080f4                shell_handle_key
                0xffffffff801082ca                shell_init

.rodata         0xffffffff80108300     0x2bb3
 *(.rodata)
 .rodata        0xffffffff80108300      0x160 build/kernel/core/kprintf.o
 .rodata        0xffffffff80108460       0x70 build/kernel/processes/syscall.o
 *fill*         0xffffffff801084d0       0x10 
 .rodata        0xffffffff801084e0       0x3b build/drivers/input/keyboard.o
 *fill*         0xffffffff8010851b        0x5 
 .rodata        0xffffffff80108520       0x20 build/file_system/procfs/procfs.o
 .rodata        0xffffffff80108540       0xc0 build/apps/shell/shell.o
 *(.rodata.*)
 .rodata.str1.1
                0xffffffff80108600      0x4d6 build/kernel/core/kernel.o
 *fill*         0xffffffff80108ad6        0x2 
 .rodata.str1.8
                0xffffffff80108ad8      0x2d0 build/kernel/core/kernel.o
 .rodata.str1.1
                0xffffffff80108da8       0x18 build/kernel/core/kprintf.o
 .rodata.str1.1
                0xffffffff80108dc0       0x55 build/kernel/core/panic.o
 .rodata.str1.1
                0xffffffff80108e15       0xe0 build/kernel/memory/mem.o
 *fill*         0xffffffff80108ef5        0x3 
 .rodata.str1.8
                0xffffffff80108ef8       0x6f build/kernel/memory/mem.o
 .rodata.str1.1
                0xffffffff80108f67      0x1f8 build/kernel/memory/pmm.o
 *fill*         0xffffffff8010915f        0x1 
 .rodata.str1.8
                0xffffffff80109160       0xdb build/kernel/memory/pmm.o
 *fill*         0xffffffff8010923b        0x5 
 .rodata.str1.8
                0xffffffff80109240      0x367 build/kernel/processes/process.o
 .rodata.str1.1
                0xffffffff801095a7      0x129 build/kernel/processes/process.o
 .rodata.str1.1
                0xffffffff801096d0       0x86 build/kernel/processes/scheduler.o
 *fill*         0xffffffff80109756        0x2 
 .rodata.str1.8
                0xffffffff80109758       0xbf build/kernel/processes/scheduler.o
 *fill*         0xffffffff80109817        0x1 
 .rodata.str1.8
                0xffffffff80109818       0xe9 build/kernel/processes/syscall.o
 .rodata.str1.1
                0xffffffff80109901      0x114 build/kernel/processes/syscall.o
 .rodata.str1.1
                0xffffffff80109a15       0x34 build/kernel/architecture/x86_64/gdt.o
 .rodata.str1.1
                0xffffffff80109a49       0x5e build/kernel/architecture/x86_64/idt.o
 .rodata.str1.1
                0xffffffff80109aa7       0x29 build/kernel/architecture/x86_64/tss.o
 .rodata.str1.8
                0xffffffff80109ad0      0x1cc build/kernel/architecture/x86_64/paging.o
 .rodata.str1.1
                0xffffffff80109c9c       0xc6 build/kernel/architecture/x86_64/paging.o
 *fill*         0xffffffff80109d62        0x6 
 .rodata.str1.8
                0xffffffff80109d68       0x28 build/kernel/architecture/x86_64/usermode.o
 .rodata.str1.1
                0xffffffff80109d90       0x3e build/drivers/serial/serial.o
 *fill*         0xffffffff80109dce        0x2 
 .rodata.str1.8
                0xffffffff80109dd0       0x1f build/drivers/random/random.o
 .rodata.str1.1
                0xffffffff80109def      0x184 build/file_system/vfs/vfs.o
 *fill*         0xffffffff80109f73        0x5 
 .rodata.str1.8
                0xffffffff80109f78      0x3ab build/file_system/vfs/vfs.o
 *fill*         0xffffffff8010a323        0x5 
 .rodata.str1.8
                0xffffffff8010a328      0x296 build/file_system/shadowfs/shadowfs.o
 .rodata.str1.1
                0xffffffff8010a5be      0x109 build/file_system/shadowfs/shadowfs.o
 *fill*         0xffffffff8010a6c7        0x1 
 .rodata.str1.8
                0xffffffff8010a6c8      0x127 build/file_system/devfs/devfs.o
 .rodata.str1.1
                0xffffffff8010a7ef       0x68 build/file_system/devfs/devfs.o
 .rodata.str1.1
                0xffffffff8010a857       0xe7 build/file_system/procfs/procfs.o
 *fill*         0xffffffff8010a93e        0x2 
 .rodata.str1.8
                0xffffffff8010a940      0x1d6 build/file_system/procfs/procfs.o
 .rodata.str1.1
                0xffffffff8010ab16      0x190 build/apps/shell/shell.o
 *fill*         0xffffffff8010aca6        0x2 
 .rodata.str1.8
                0xffffffff8010aca8      0x20b build/apps/shell/shell.o

.eh_frame       0xffffffff8010aeb8     0x1958
 .eh_frame      0xffffffff8010aeb8       0x88 build/kernel/core/kernel.o
 .eh_frame      0xffffffff8010af40      0x108 build/kernel/core/kprintf.o
 .eh_frame      0xffffffff8010b048       0x38 build/kernel/core/panic.o
 .eh_frame      0xffffffff8010b080       0xa0 build/kernel/memory/mem.o
 .eh_frame      0xffffffff8010b120      0x108 build/kernel/memory/pmm.o
 .eh_frame      0xffffffff8010b228      0x180 build/kernel/processes/process.o
 .eh_frame      0xffffffff8010b3a8       0xd0 build/kernel/processes/scheduler.o
 .eh_frame      0xffffffff8010b478      0x280 build/kernel/processes/syscall.o
 .eh_frame      0xffffffff8010b6f8       0x58 build/kernel/architecture/x86_64/gdt.o
 .eh_frame      0xffffffff8010b750       0x98 build/kernel/architecture/x86_64/idt.o
 .eh_frame      0xffffffff8010b7e8       0x68 build/kernel/architecture/x86_64/pic.o
 .eh_frame      0xffffffff8010b850       0x50 build/kernel/architecture/x86_64/tss.o
 .eh_frame      0xffffffff8010b8a0      0x218 build/kernel/architecture/x86_64/paging.o
 .eh_frame      0xffffffff8010bab8       0x40 build/kernel/architecture/x86_64/usermode.o
 .eh_frame      0xffffffff8010baf8       0xc8 build/drivers/display/vga.o
 .eh_frame      0xffffffff8010bbc0       0xb8 build/drivers/input/keyboard.o
 .eh_frame      0xffffffff8010bc78       0x78 build/drivers/timer/timer.o
 .eh_frame      0xffffffff8010bcf0       0xd8 build/drivers/serial/serial.o
 .eh_frame      0xffffffff8010bdc8       0x40 build/drivers/null/null.o
 .eh_frame      0xffffffff8010be08       0x48 build/drivers/random/random.o
 .eh_frame      0xffffffff8010be50      0x268 build/file_system/vfs/vfs.o
 .eh_frame      0xffffffff8010c0b8      0x250 build/file_system/shadowfs/shadowfs.o
 .eh_frame      0xffffffff8010c308      0x188 build/file_system/devfs/devfs.o
 .eh_frame      0xffffffff8010c490      0x158 build/file_system/procfs/procfs.o
 .eh_frame      0xffffffff8010c5e8      0x228 build/apps/shell/shell.o

.data           0xffffffff8010c820      0x120
 *(.data)
 .data          0xffffffff8010c820        0x0 build/kernel/core/kernel.o
 .data          0xffffffff8010c820        0x0 build/kernel/core/kprintf.o
 .data          0xffffffff8010c820        0x0 build/kernel/core/panic.o
 .data          0xffffffff8010c820        0x0 build/kernel/memory/mem.o
 .data          0xffffffff8010c820        0x0 build/kernel/memory/pmm.o
 .data          0xffffffff8010c820        0x0 build/kernel/processes/process.o
 .data          0xffffffff8010c820        0x0 build/kernel/processes/scheduler.o
 .data          0xffffffff8010c820        0x0 build/kernel/processes/syscall.o
 .data          0xffffffff8010c820        0x0 build/kernel/architecture/x86_64/gdt.o
 .data          0xffffffff8010c820        0x0 build/kernel/architecture/x86_64/idt.o
 .data          0xffffffff8010c820        0x0 build/kernel/architecture/x86_64/pic.o
 .data          0xffffffff8010c820        0x0 build/kernel/architecture/x86_64/tss.o
 .data          0xffffffff8010c820        0x0 build/kernel/architecture/x86_64/paging.o
 .data          0xffffffff8010c820        0x0 build/kernel/architecture/x86_64/usermode.o
 .data          0xffffffff8010c820        0x0 build/drivers/display/vga.o
 .data          0xffffffff8010c820        0x0 build/drivers/input/keyboard.o
 .data          0xffffffff8010c820        0x0 build/drivers/timer/timer.o
 .data          0xffffffff8010c820        0x0 build/drivers/serial/serial.o
 .data          0xffffffff8010c820        0x0 build/drivers/null/null.o
 .data          0xffffffff8010c820        0x0 build/drivers/random/random.o
 .data          0xffffffff8010c820        0x0 build/file_system/vfs/vfs.o
 .data          0xffffffff8010c820       0x60 build/file_system/shadowfs/shadowfs.o
 .data          0xffffffff8010c880       0x60 build/file_system/devfs/devfs.o
 .data          0xffffffff8010c8e0       0x60 build/file_system/procfs/procfs.o
 .data          0xffffffff8010c940        0x0 build/apps/shell/shell.o

.bss            0xffffffff8010d000     0x4480
                0xffffffff8010d000                __bss_start = .
 *(.bss)
 .bss           0xffffffff8010d000        0x0 build/kernel/core/kernel.o
 .bss           0xffffffff8010d000        0x0 build/kernel/core/kprintf.o
 .bss           0xffffffff8010d000        0x0 build/kernel/core/panic.o
 .bss           0xffffffff8010d000       0x10 build/kernel/memory/mem.o
 .bss           0xffffffff8010d010       0x10 build/kernel/memory/pmm.o
 .bss           0xffffffff8010d020       0xa0 build/kernel/processes/process.o
                0xffffffff8010d020                next_pid
                0xffffffff8010d028                current_process
                0xffffffff8010d040                process_table
 .bss           0xffffffff8010d0c0       0x10 build/kernel/processes/scheduler.o
 .bss           0xffffffff8010d0d0        0x0 build/kernel/processes/syscall.o
 *fill*         0xffffffff8010d0d0       0x10 
 .bss           0xffffffff8010d0e0       0x58 build/kernel/architecture/x86_64/gdt.o
 *fill*         0xffffffff8010d138        0x8 
 .bss           0xffffffff8010d140     0x1020 build/kernel/architecture/x86_64/idt.o
 .bss           0xffffffff8010e160        0x0 build/kernel/architecture/x86_64/pic.o
 .bss           0xffffffff8010e160       0x68 build/kernel/architecture/x86_64/tss.o
 .bss           0xffffffff8010e1c8        0x8 build/kernel/architecture/x86_64/paging.o
                0xffffffff8010e1c8                kernel_pml4
 *fill*         0xffffffff8010e1d0      0xe30 
 .bss           0xffffffff8010f000     0x1000 build/kernel/architecture/x86_64/usermode.o
 .bss           0xffffffff80110000        0xc build/drivers/display/vga.o
 *fill*         0xffffffff8011000c        0x4 
 .bss           0xffffffff80110010        0x9 build/drivers/input/keyboard.o
                0xffffffff80110010                keyboard_waiting
 *fill*         0xffffffff80110019        0x3 
 .bss           0xffffffff8011001c        0x4 build/drivers/timer/timer.o
 .bss           0xffffffff80110020        0x0 build/drivers/serial/serial.o
 .bss           0xffffffff80110020        0x0 build/drivers/null/null.o
 .bss           0xffffffff80110020        0x0 build/drivers/random/random.o
 .bss           0xffffffff80110020      0xe20 build/file_system/vfs/vfs.o
 .bss           0xffffffff80110e40        0x0 build/file_system/shadowfs/shadowfs.o
 .bss           0xffffffff80110e40      0x518 build/file_system/devfs/devfs.o
 .bss           0xffffffff80111358        0x0 build/file_system/procfs/procfs.o
 *fill*         0xffffffff80111358        0x8 
 .bss           0xffffffff80111360      0x120 build/apps/shell/shell.o
 *(COMMON)
                0xffffffff80111480                __bss_end = .
LOAD build/kernel/architecture/x86_64/start.asm.o
LOAD build/kernel/architecture/x86_64/gdt_flush.asm.o
LOAD build/kernel/architecture/x86_64/idt_flush.asm.o
LOAD build/kernel/architecture/x86_64/isr.asm.o
LOAD build/kernel/architecture/x86_64/switch.asm.o
LOAD build/kernel/architecture/x86_64/usermode.asm.o
LOAD build/kernel/core/kernel.o
LOAD build/kernel/core/kprintf.o
LOAD build/kernel/core/panic.o
LOAD build/kernel/memory/mem.o
LOAD build/kernel/memory/pmm.o
LOAD build/kernel/processes/process.o
LOAD build/kernel/processes/scheduler.o
LOAD build/kernel/processes/syscall.o
LOAD build/kernel/architecture/x86_64/gdt.o
LOAD build/kernel/architecture/x86_64/idt.o
LOAD build/kernel/architecture/x86_64/pic.o
LOAD build/kernel/architecture/x86_64/tss.o
LOAD build/kernel/architecture/x86_64/paging.o
LOAD build/kernel/architecture/x86_64/usermode.o
LOAD build/drivers/display/vga.o
LOAD build/drivers/input/keyboard.o
LOAD build/drivers/timer/timer.o
LOAD build/drivers/serial/serial.o
LOAD build/drivers/null/null.o
LOAD build/drivers/random/random.o
LOAD build/file_system/vfs/vfs.o
LOAD build/file_system/shadowfs/shadowfs.o
LOAD build/file_system/devfs/devfs.o
LOAD build/file_system/procfs/procfs.o
LOAD build/apps/shell/shell.o
OUTPUT(build/kernel.bin binary)

.comment        0x0000000000000000      0x1db
 .comment       0x0000000000000000       0x13 build/kernel/core/kernel.o
 .comment       0x0000000000000013       0x13 build/kernel/core/kprintf.o
 .comment       0x0000000000000026       0x13 build/kernel/core/panic.o
 .comment       0x0000000000000039       0x13 build/kernel/memory/mem.o
 .comment       0x000000000000004c       0x13 build/kernel/memory/pmm.o
 .comment       0x000000000000005f       0x13 build/kernel/processes/process.o
 .comment       0x0000000000000072       0x13 build/kernel/processes/scheduler.o
 .comment       0x0000000000000085       0x13 build/kernel/processes/syscall.o
 .comment       0x0000000000000098       0x13 build/kernel/architecture/x86_64/gdt.o
 .comment       0x00000000000000ab       0x13 build/kernel/architecture/x86_64/idt.o
 .comment       0x00000000000000be       0x13 build/kernel/architecture/x86_64/pic.o
 .comment       0x00000000000000d1       0x13 build/kernel/architecture/x86_64/tss.o
 .comment       0x00000000000000e4       0x13 build/kernel/architecture/x86_64/paging.o
 .comment       0x00000000000000f7       0x13 build/kernel/architecture/x86_64/usermode.o
 .comment       0x000000000000010a       0x13 build/drivers/display/vga.o
 .comment       0x000000000000011d       0x13 build/drivers/input/keyboard.o
 .comment       0x0000000000000130       0x13 build/drivers/timer/timer.o
 .comment       0x0000000000000143       0x13 build/drivers/serial/serial.o
 .comment       0x0000000000000156       0x13 build/drivers/null/null.o
 .comment       0x0000000000000169       0x13 build/drivers/random/random.o
 .comment       0x000000000000017c       0x13 build/file_system/vfs/vfs.o
 .comment       0x000000000000018f       0x13 build/file_system/shadowfs/shadowfs.o
 .comment       0x00000000000001a2       0x13 build/file_system/devfs/devfs.o
 .comment       0x00000000000001b5       0x13 build/file_system/procfs/procfs.o
 .comment       0x00000000000001c8       0x13 build/apps/shell/shell.o
