
There are no discarded input sections

Memory Configuration

Name             Origin             Length             Attributes
*default*        0x0000000000000000 0xffffffffffffffff

Linker script and memory map

                0xffffffff80100000                . = 0xffffffff80100000

.text           0xffffffff80100000     0x7484
 *(.text.boot)
 .text.boot     0xffffffff80100000       0x48 build/kernel/architecture/x86_64/start.asm.o
                0xffffffff80100000                _start
 *(.text)
 *fill*         0xffffffff80100048        0x8 
 .text          0xffffffff80100050       0x18 build/kernel/architecture/x86_64/gdt_flush.asm.o
                0xffffffff80100050                gdt_flush
 *fill*         0xffffffff80100068        0x8 
 .text          0xffffffff80100070        0x4 build/kernel/architecture/x86_64/idt_flush.asm.o
                0xffffffff80100070                idt_flush
 *fill*         0xffffffff80100074        0xc 
 .text          0xffffffff80100080       0xe5 build/kernel/architecture/x86_64/isr.asm.o
                0xffffffff80100080                isr0
                0xffffffff80100087                isr1
                0xffffffff8010008e                isr2
                0xffffffff80100095                isr3
                0xffffffff8010009c                isr128
                0xffffffff801000a6                isr14
                0xffffffff801000ab                irq0
                0xffffffff801000b2                irq1
 *fill*         0xffffffff80100165        0xb 
 .text          0xffffffff80100170       0xa1 build/kernel/architecture/x86_64/switch.asm.o
                0xffffffff80100170                switch_context
 *fill*         0xffffffff80100211        0xf 
 .text          0xffffffff80100220       0x28 build/kernel/architecture/x86_64/usermode.asm.o
                0xffffffff80100220                enter_usermode
                0xffffffff80100239                iret_to_usermode
 .text          0xffffffff80100248      0xcbf build/kernel/core/kernel.o
                0xffffffff801002f8                kernel_main
 *fill*         0xffffffff80100f07       0x39 
 .text          0xffffffff80100f40      0x870 build/kernel/core/kprintf.o
                0xffffffff801010c9                kvsnprintf
                0xffffffff8010167e                kprintf
                0xffffffff8010170a                kserial_printf
 .text          0xffffffff801017b0       0x6f build/kernel/core/panic.o
                0xffffffff801017b0                kpanic
 *fill*         0xffffffff8010181f        0x1 
 .text          0xffffffff80101820      0x2e6 build/kernel/memory/mem.o
                0xffffffff80101820                mem_init
                0xffffffff80101886                kmalloc
                0xffffffff801019a2                kfree
                0xffffffff80101a16                mem_print_stats
 *fill*         0xffffffff80101b06       0x1a 
 .text          0xffffffff80101b20      0x4e7 build/kernel/memory/pmm.o
                0xffffffff80101b66                pmm_init
                0xffffffff80101ea3                pmm_alloc
                0xffffffff80101f2e                pmm_free
                0xffffffff80101f4b                pmm_free_pages
                0xffffffff80101f5a                pmm_used_pages
                0xffffffff80101f62                pmm_print_stats
 *fill*         0xffffffff80102007       0x39 
 .text          0xffffffff80102040      0xc9c build/kernel/processes/process.o
                0xffffffff80102040                process_init
                0xffffffff80102099                process_create
                0xffffffff80102317                process_exit
                0xffffffff8010233f                process_print_all
                0xffffffff801023fc                process_block
                0xffffffff80102409                process_wake
                0xffffffff8010241c                create_user_process
                0xffffffff801026cd                process_fork
                0xffffffff80102ad5                process_exec
 .text          0xffffffff80102cdc      0x2b7 build/kernel/processes/scheduler.o
                0xffffffff80102cdc                scheduler_init
                0xffffffff80102d09                scheduler_add
                0xffffffff80102d88                scheduler_tick
                0xffffffff80102ea7                scheduler_yield
                0xffffffff80102ece                scheduler_start
 *fill*         0xffffffff80102f93        0xd 
 .text          0xffffffff80102fa0      0x612 build/kernel/processes/syscall.o
                0xffffffff8010351c                syscall_handler
                0xffffffff8010359b                syscall_init
 .text          0xffffffff801035b2      0x1f9 build/kernel/architecture/x86_64/gdt.o
                0xffffffff801035b2                gdt_init
                0xffffffff80103751                gdt_set_tss_entry
 *fill*         0xffffffff801037ab        0x1 
 .text          0xffffffff801037ac      0x22c build/kernel/architecture/x86_64/idt.o
                0xffffffff801037ac                idt_set_entry
                0xffffffff801037e6                idt_init
                0xffffffff801038e4                isr_handler
                0xffffffff80103984                irq_handler
 .text          0xffffffff801039d8       0xb8 build/kernel/architecture/x86_64/pic.o
                0xffffffff801039d8                pic_init
                0xffffffff80103a44                pic_send_eoi
                0xffffffff80103a58                pic_mask
                0xffffffff80103a78                pic_unmask
 .text          0xffffffff80103a90       0x92 build/kernel/architecture/x86_64/tss.o
                0xffffffff80103a90                tss_init
                0xffffffff80103b1a                tss_set_kernel_stack
 *fill*         0xffffffff80103b22       0x1e 
 .text          0xffffffff80103b40      0xa8a build/kernel/architecture/x86_64/paging.o
                0xffffffff80103dfa                physical_to_virtual
                0xffffffff80103e08                virtual_to_physical
                0xffffffff80103e16                paging_init
                0xffffffff80103e55                map_page
                0xffffffff80103f23                map_page_in
                0xffffffff8010400a                unmap_page
                0xffffffff80104041                get_physical
                0xffffffff801040d1                paging_clone_directory
                0xffffffff80104145                paging_switch_directory
                0xffffffff80104181                paging_deep_copy_directory
                0xffffffff801044b3                page_fault_handler
 .text          0xffffffff801045ca       0x3f build/kernel/architecture/x86_64/usermode.o
                0xffffffff801045ca                jump_to_usermode
 *fill*         0xffffffff80104609       0x17 
 .text          0xffffffff80104620      0x247 build/drivers/display/vga.o
                0xffffffff80104620                vga_set_colour
                0xffffffff8010462d                vga_clear
                0xffffffff80104671                vga_putchar
                0xffffffff801047e5                vga_print
                0xffffffff80104814                vga_init
                0xffffffff8010482b                dev_display_write
 .text          0xffffffff80104867       0xe0 build/drivers/input/keyboard.o
                0xffffffff80104867                keyboard_handler
                0xffffffff801048a4                keyboard_init
                0xffffffff801048a5                keyboard_wait
                0xffffffff801048d0                keyboard_getchar
                0xffffffff80104907                dev_keyboard_read
 *fill*         0xffffffff80104947       0x19 
 .text          0xffffffff80104960      0x12b build/drivers/timer/timer.o
                0xffffffff80104960                timer_handler
                0xffffffff80104a5c                timer_get_ticks
                0xffffffff80104a63                timer_get_seconds
                0xffffffff80104a75                timer_init
 .text          0xffffffff80104a8b      0x10f build/drivers/serial/serial.o
                0xffffffff80104a8b                serial_putchar
                0xffffffff80104a9e                serial_print
                0xffffffff80104ada                serial_println
                0xffffffff80104af1                serial_init
                0xffffffff80104b58                dev_serial_read
                0xffffffff80104b5e                dev_serial_write
 .text          0xffffffff80104b9a        0x9 build/drivers/null/null.o
                0xffffffff80104b9a                dev_null_read
                0xffffffff80104ba0                dev_null_write
 *fill*         0xffffffff80104ba3       0x1d 
 .text          0xffffffff80104bc0      0xecd build/file_system/vfs/vfs.o
                0xffffffff80104bc0                vfs_init
                0xffffffff80104c6d                vfs_mount
                0xffffffff80104df0                vfs_find_mount
                0xffffffff80104ea5                vfs_resolve_path
                0xffffffff80105077                vfs_alloc_fd
                0xffffffff801050c4                vfs_free_fd
                0xffffffff801050dc                vfs_get_file
                0xffffffff801050f6                vfs_open
                0xffffffff801053f9                vfs_close
                0xffffffff80105485                vfs_read
                0xffffffff80105526                vfs_seek
                0xffffffff801055ad                vfs_write
                0xffffffff8010564e                vfs_mkdir
                0xffffffff8010582e                vfs_readdir
                0xffffffff801058bd                vfs_delete
 *fill*         0xffffffff80105a8d       0x13 
 .text          0xffffffff80105aa0      0xc6d build/file_system/shadowfs/shadowfs.o
                0xffffffff80106547                shadowfs_get_ops
                0xffffffff8010654f                shadowfs_mount
                0xffffffff801066ca                shadowfs_stats
 *fill*         0xffffffff8010670d       0x13 
 .text          0xffffffff80106720      0x518 build/file_system/devfs/devfs.o
                0xffffffff801069d9                devfs_get_ops
                0xffffffff801069e1                devfs_mount
                0xffffffff80106af9                devfs_register
 *fill*         0xffffffff80106c38        0x8 
 .text          0xffffffff80106c40      0x844 build/apps/shell/shell.o
                0xffffffff80107294                shell_handle_key
                0xffffffff8010746a                shell_init

.rodata         0xffffffff801074a0     0x27eb
 *(.rodata)
 .rodata        0xffffffff801074a0      0x160 build/kernel/core/kprintf.o
 .rodata        0xffffffff80107600       0x70 build/kernel/processes/syscall.o
 *fill*         0xffffffff80107670       0x10 
 .rodata        0xffffffff80107680       0x3b build/drivers/input/keyboard.o
 *fill*         0xffffffff801076bb        0x5 
 .rodata        0xffffffff801076c0       0xc0 build/apps/shell/shell.o
 *(.rodata.*)
 .rodata.str1.1
                0xffffffff80107780      0x485 build/kernel/core/kernel.o
 *fill*         0xffffffff80107c05        0x3 
 .rodata.str1.8
                0xffffffff80107c08      0x258 build/kernel/core/kernel.o
 .rodata.str1.1
                0xffffffff80107e60       0x18 build/kernel/core/kprintf.o
 .rodata.str1.1
                0xffffffff80107e78       0x55 build/kernel/core/panic.o
 .rodata.str1.1
                0xffffffff80107ecd       0xe0 build/kernel/memory/mem.o
 *fill*         0xffffffff80107fad        0x3 
 .rodata.str1.8
                0xffffffff80107fb0       0x6f build/kernel/memory/mem.o
 .rodata.str1.1
                0xffffffff8010801f      0x1f8 build/kernel/memory/pmm.o
 *fill*         0xffffffff80108217        0x1 
 .rodata.str1.8
                0xffffffff80108218       0xdb build/kernel/memory/pmm.o
 *fill*         0xffffffff801082f3        0x5 
 .rodata.str1.8
                0xffffffff801082f8      0x367 build/kernel/processes/process.o
 .rodata.str1.1
                0xffffffff8010865f      0x129 build/kernel/processes/process.o
 .rodata.str1.1
                0xffffffff80108788       0x86 build/kernel/processes/scheduler.o
 *fill*         0xffffffff8010880e        0x2 
 .rodata.str1.8
                0xffffffff80108810       0xbf build/kernel/processes/scheduler.o
 *fill*         0xffffffff801088cf        0x1 
 .rodata.str1.8
                0xffffffff801088d0       0xe9 build/kernel/processes/syscall.o
 .rodata.str1.1
                0xffffffff801089b9      0x114 build/kernel/processes/syscall.o
 .rodata.str1.1
                0xffffffff80108acd       0x34 build/kernel/architecture/x86_64/gdt.o
 .rodata.str1.1
                0xffffffff80108b01       0x5e build/kernel/architecture/x86_64/idt.o
 .rodata.str1.1
                0xffffffff80108b5f       0x29 build/kernel/architecture/x86_64/tss.o
 .rodata.str1.8
                0xffffffff80108b88      0x1cc build/kernel/architecture/x86_64/paging.o
 .rodata.str1.1
                0xffffffff80108d54       0xc6 build/kernel/architecture/x86_64/paging.o
 *fill*         0xffffffff80108e1a        0x6 
 .rodata.str1.8
                0xffffffff80108e20       0x28 build/kernel/architecture/x86_64/usermode.o
 .rodata.str1.1
                0xffffffff80108e48       0x3e build/drivers/serial/serial.o
 .rodata.str1.1
                0xffffffff80108e86      0x184 build/file_system/vfs/vfs.o
 *fill*         0xffffffff8010900a        0x6 
 .rodata.str1.8
                0xffffffff80109010      0x3ab build/file_system/vfs/vfs.o
 *fill*         0xffffffff801093bb        0x5 
 .rodata.str1.8
                0xffffffff801093c0      0x296 build/file_system/shadowfs/shadowfs.o
 .rodata.str1.1
                0xffffffff80109656      0x109 build/file_system/shadowfs/shadowfs.o
 *fill*         0xffffffff8010975f        0x1 
 .rodata.str1.8
                0xffffffff80109760      0x127 build/file_system/devfs/devfs.o
 .rodata.str1.1
                0xffffffff80109887       0x68 build/file_system/devfs/devfs.o
 .rodata.str1.1
                0xffffffff801098ef      0x190 build/apps/shell/shell.o
 *fill*         0xffffffff80109a7f        0x1 
 .rodata.str1.8
                0xffffffff80109a80      0x20b build/apps/shell/shell.o

.eh_frame       0xffffffff80109c90     0x1798
 .eh_frame      0xffffffff80109c90       0x88 build/kernel/core/kernel.o
 .eh_frame      0xffffffff80109d18       0xe8 build/kernel/core/kprintf.o
 .eh_frame      0xffffffff80109e00       0x38 build/kernel/core/panic.o
 .eh_frame      0xffffffff80109e38       0xa0 build/kernel/memory/mem.o
 .eh_frame      0xffffffff80109ed8      0x108 build/kernel/memory/pmm.o
 .eh_frame      0xffffffff80109fe0      0x180 build/kernel/processes/process.o
 .eh_frame      0xffffffff8010a160       0xd0 build/kernel/processes/scheduler.o
 .eh_frame      0xffffffff8010a230      0x280 build/kernel/processes/syscall.o
 .eh_frame      0xffffffff8010a4b0       0x58 build/kernel/architecture/x86_64/gdt.o
 .eh_frame      0xffffffff8010a508       0x98 build/kernel/architecture/x86_64/idt.o
 .eh_frame      0xffffffff8010a5a0       0x68 build/kernel/architecture/x86_64/pic.o
 .eh_frame      0xffffffff8010a608       0x50 build/kernel/architecture/x86_64/tss.o
 .eh_frame      0xffffffff8010a658      0x218 build/kernel/architecture/x86_64/paging.o
 .eh_frame      0xffffffff8010a870       0x40 build/kernel/architecture/x86_64/usermode.o
 .eh_frame      0xffffffff8010a8b0       0xc8 build/drivers/display/vga.o
 .eh_frame      0xffffffff8010a978       0xb8 build/drivers/input/keyboard.o
 .eh_frame      0xffffffff8010aa30       0x78 build/drivers/timer/timer.o
 .eh_frame      0xffffffff8010aaa8       0xd8 build/drivers/serial/serial.o
 .eh_frame      0xffffffff8010ab80       0x40 build/drivers/null/null.o
 .eh_frame      0xffffffff8010abc0      0x268 build/file_system/vfs/vfs.o
 .eh_frame      0xffffffff8010ae28      0x250 build/file_system/shadowfs/shadowfs.o
 .eh_frame      0xffffffff8010b078      0x188 build/file_system/devfs/devfs.o
 .eh_frame      0xffffffff8010b200      0x228 build/apps/shell/shell.o

.data           0xffffffff8010b440       0xc0
 *(.data)
 .data          0xffffffff8010b440        0x0 build/kernel/core/kernel.o
 .data          0xffffffff8010b440        0x0 build/kernel/core/kprintf.o
 .data          0xffffffff8010b440        0x0 build/kernel/core/panic.o
 .data          0xffffffff8010b440        0x0 build/kernel/memory/mem.o
 .data          0xffffffff8010b440        0x0 build/kernel/memory/pmm.o
 .data          0xffffffff8010b440        0x0 build/kernel/processes/process.o
 .data          0xffffffff8010b440        0x0 build/kernel/processes/scheduler.o
 .data          0xffffffff8010b440        0x0 build/kernel/processes/syscall.o
 .data          0xffffffff8010b440        0x0 build/kernel/architecture/x86_64/gdt.o
 .data          0xffffffff8010b440        0x0 build/kernel/architecture/x86_64/idt.o
 .data          0xffffffff8010b440        0x0 build/kernel/architecture/x86_64/pic.o
 .data          0xffffffff8010b440        0x0 build/kernel/architecture/x86_64/tss.o
 .data          0xffffffff8010b440        0x0 build/kernel/architecture/x86_64/paging.o
 .data          0xffffffff8010b440        0x0 build/kernel/architecture/x86_64/usermode.o
 .data          0xffffffff8010b440        0x0 build/drivers/display/vga.o
 .data          0xffffffff8010b440        0x0 build/drivers/input/keyboard.o
 .data          0xffffffff8010b440        0x0 build/drivers/timer/timer.o
 .data          0xffffffff8010b440        0x0 build/drivers/serial/serial.o
 .data          0xffffffff8010b440        0x0 build/drivers/null/null.o
 .data          0xffffffff8010b440        0x0 build/file_system/vfs/vfs.o
 .data          0xffffffff8010b440       0x60 build/file_system/shadowfs/shadowfs.o
 .data          0xffffffff8010b4a0       0x60 build/file_system/devfs/devfs.o
 .data          0xffffffff8010b500        0x0 build/apps/shell/shell.o

.bss            0xffffffff8010c000     0x4480
                0xffffffff8010c000                __bss_start = .
 *(.bss)
 .bss           0xffffffff8010c000        0x0 build/kernel/core/kernel.o
 .bss           0xffffffff8010c000        0x0 build/kernel/core/kprintf.o
 .bss           0xffffffff8010c000        0x0 build/kernel/core/panic.o
 .bss           0xffffffff8010c000       0x10 build/kernel/memory/mem.o
 .bss           0xffffffff8010c010       0x10 build/kernel/memory/pmm.o
 .bss           0xffffffff8010c020       0xa0 build/kernel/processes/process.o
                0xffffffff8010c020                next_pid
                0xffffffff8010c028                current_process
                0xffffffff8010c040                process_table
 .bss           0xffffffff8010c0c0       0x10 build/kernel/processes/scheduler.o
 .bss           0xffffffff8010c0d0        0x0 build/kernel/processes/syscall.o
 *fill*         0xffffffff8010c0d0       0x10 
 .bss           0xffffffff8010c0e0       0x58 build/kernel/architecture/x86_64/gdt.o
 *fill*         0xffffffff8010c138        0x8 
 .bss           0xffffffff8010c140     0x1020 build/kernel/architecture/x86_64/idt.o
 .bss           0xffffffff8010d160        0x0 build/kernel/architecture/x86_64/pic.o
 .bss           0xffffffff8010d160       0x68 build/kernel/architecture/x86_64/tss.o
 .bss           0xffffffff8010d1c8        0x8 build/kernel/architecture/x86_64/paging.o
                0xffffffff8010d1c8                kernel_pml4
 *fill*         0xffffffff8010d1d0      0xe30 
 .bss           0xffffffff8010e000     0x1000 build/kernel/architecture/x86_64/usermode.o
 .bss           0xffffffff8010f000        0xc build/drivers/display/vga.o
 *fill*         0xffffffff8010f00c        0x4 
 .bss           0xffffffff8010f010        0x9 build/drivers/input/keyboard.o
                0xffffffff8010f010                keyboard_waiting
 *fill*         0xffffffff8010f019        0x3 
 .bss           0xffffffff8010f01c        0x4 build/drivers/timer/timer.o
 .bss           0xffffffff8010f020        0x0 build/drivers/serial/serial.o
 .bss           0xffffffff8010f020        0x0 build/drivers/null/null.o
 .bss           0xffffffff8010f020      0xe20 build/file_system/vfs/vfs.o
 .bss           0xffffffff8010fe40        0x0 build/file_system/shadowfs/shadowfs.o
 .bss           0xffffffff8010fe40      0x518 build/file_system/devfs/devfs.o
 *fill*         0xffffffff80110358        0x8 
 .bss           0xffffffff80110360      0x120 build/apps/shell/shell.o
 *(COMMON)
                0xffffffff80110480                __bss_end = .
LOAD build/kernel/architecture/x86_64/start.asm.o
LOAD build/kernel/architecture/x86_64/gdt_flush.asm.o
LOAD build/kernel/architecture/x86_64/idt_flush.asm.o
LOAD build/kernel/architecture/x86_64/isr.asm.o
LOAD build/kernel/architecture/x86_64/switch.asm.o
LOAD build/kernel/architecture/x86_64/usermode.asm.o
LOAD build/kernel/core/kernel.o
LOAD build/kernel/core/kprintf.o
LOAD build/kernel/core/panic.o
LOAD build/kernel/memory/mem.o
LOAD build/kernel/memory/pmm.o
LOAD build/kernel/processes/process.o
LOAD build/kernel/processes/scheduler.o
LOAD build/kernel/processes/syscall.o
LOAD build/kernel/architecture/x86_64/gdt.o
LOAD build/kernel/architecture/x86_64/idt.o
LOAD build/kernel/architecture/x86_64/pic.o
LOAD build/kernel/architecture/x86_64/tss.o
LOAD build/kernel/architecture/x86_64/paging.o
LOAD build/kernel/architecture/x86_64/usermode.o
LOAD build/drivers/display/vga.o
LOAD build/drivers/input/keyboard.o
LOAD build/drivers/timer/timer.o
LOAD build/drivers/serial/serial.o
LOAD build/drivers/null/null.o
LOAD build/file_system/vfs/vfs.o
LOAD build/file_system/shadowfs/shadowfs.o
LOAD build/file_system/devfs/devfs.o
LOAD build/apps/shell/shell.o
OUTPUT(build/kernel.bin binary)

.comment        0x0000000000000000      0x1b5
 .comment       0x0000000000000000       0x13 build/kernel/core/kernel.o
 .comment       0x0000000000000013       0x13 build/kernel/core/kprintf.o
 .comment       0x0000000000000026       0x13 build/kernel/core/panic.o
 .comment       0x0000000000000039       0x13 build/kernel/memory/mem.o
 .comment       0x000000000000004c       0x13 build/kernel/memory/pmm.o
 .comment       0x000000000000005f       0x13 build/kernel/processes/process.o
 .comment       0x0000000000000072       0x13 build/kernel/processes/scheduler.o
 .comment       0x0000000000000085       0x13 build/kernel/processes/syscall.o
 .comment       0x0000000000000098       0x13 build/kernel/architecture/x86_64/gdt.o
 .comment       0x00000000000000ab       0x13 build/kernel/architecture/x86_64/idt.o
 .comment       0x00000000000000be       0x13 build/kernel/architecture/x86_64/pic.o
 .comment       0x00000000000000d1       0x13 build/kernel/architecture/x86_64/tss.o
 .comment       0x00000000000000e4       0x13 build/kernel/architecture/x86_64/paging.o
 .comment       0x00000000000000f7       0x13 build/kernel/architecture/x86_64/usermode.o
 .comment       0x000000000000010a       0x13 build/drivers/display/vga.o
 .comment       0x000000000000011d       0x13 build/drivers/input/keyboard.o
 .comment       0x0000000000000130       0x13 build/drivers/timer/timer.o
 .comment       0x0000000000000143       0x13 build/drivers/serial/serial.o
 .comment       0x0000000000000156       0x13 build/drivers/null/null.o
 .comment       0x0000000000000169       0x13 build/file_system/vfs/vfs.o
 .comment       0x000000000000017c       0x13 build/file_system/shadowfs/shadowfs.o
 .comment       0x000000000000018f       0x13 build/file_system/devfs/devfs.o
 .comment       0x00000000000001a2       0x13 build/apps/shell/shell.o
