
There are no discarded input sections

Memory Configuration

Name             Origin             Length             Attributes
*default*        0x0000000000000000 0xffffffffffffffff

Linker script and memory map

                0xffffffff80100000                . = 0xffffffff80100000

.text           0xffffffff80100000     0x9ea4
 *(.text.boot)
 .text.boot     0xffffffff80100000       0x48 build/kernel/architecture/x86_64/start.asm.o
                0xffffffff80100000                _start
 *(.text)
 *fill*         0xffffffff80100048        0x8 
 .text          0xffffffff80100050       0x18 build/kernel/architecture/x86_64/gdt_flush.asm.o
                0xffffffff80100050                gdt_flush
 *fill*         0xffffffff80100068        0x8 
 .text          0xffffffff80100070        0x4 build/kernel/architecture/x86_64/idt_flush.asm.o
                0xffffffff80100070                idt_flush
 *fill*         0xffffffff80100074        0xc 
 .text          0xffffffff80100080       0xef build/kernel/architecture/x86_64/isr.asm.o
                0xffffffff80100080                isr0
                0xffffffff80100087                isr1
                0xffffffff8010008e                isr2
                0xffffffff80100095                isr3
                0xffffffff8010009c                isr128
                0xffffffff801000a6                isr8
                0xffffffff801000ab                isr13
                0xffffffff801000b0                isr14
                0xffffffff801000b5                irq0
                0xffffffff801000bc                irq1
 *fill*         0xffffffff8010016f        0x1 
 .text          0xffffffff80100170       0xd8 build/kernel/architecture/x86_64/switch.asm.o
                0xffffffff80100170                switch_context
 *fill*         0xffffffff80100248        0x8 
 .text          0xffffffff80100250       0x6e build/kernel/architecture/x86_64/usermode.asm.o
                0xffffffff80100250                enter_usermode
                0xffffffff80100269                iret_to_usermode
                0xffffffff80100278                enter_ring3
 *fill*         0xffffffff801002be        0x2 
 .text          0xffffffff801002c0       0x90 build/kernel/architecture/x86_64/syscall_entry.asm.o
                0xffffffff801002c0                syscall_entry
 .text          0xffffffff80100350     0x105c build/kernel/core/kernel.o
                0xffffffff80100376                kernel_main
 *fill*         0xffffffff801013ac       0x14 
 .text          0xffffffff801013c0      0x8a6 build/kernel/core/kprintf.o
                0xffffffff80101549                kvsnprintf
                0xffffffff80101afe                kprintf
                0xffffffff80101b8a                kserial_printf
                0xffffffff80101c30                ksnprintf
 .text          0xffffffff80101c66       0x6f build/kernel/core/panic.o
                0xffffffff80101c66                kpanic
 *fill*         0xffffffff80101cd5        0xb 
 .text          0xffffffff80101ce0      0x2e6 build/kernel/memory/mem.o
                0xffffffff80101ce0                mem_init
                0xffffffff80101d46                kmalloc
                0xffffffff80101e62                kfree
                0xffffffff80101ed6                mem_print_stats
 *fill*         0xffffffff80101fc6       0x1a 
 .text          0xffffffff80101fe0      0x4e7 build/kernel/memory/pmm.o
                0xffffffff80102026                pmm_init
                0xffffffff80102363                pmm_alloc
                0xffffffff801023ee                pmm_free
                0xffffffff8010240b                pmm_free_pages
                0xffffffff8010241a                pmm_used_pages
                0xffffffff80102422                pmm_print_stats
 *fill*         0xffffffff801024c7       0x39 
 .text          0xffffffff80102500      0xdbe build/kernel/processes/process.o
                0xffffffff80102500                process_init
                0xffffffff80102559                process_create
                0xffffffff8010285f                process_exit
                0xffffffff80102887                process_print_all
                0xffffffff8010295c                process_block
                0xffffffff80102969                process_wake
                0xffffffff8010297c                process_wait
                0xffffffff80102a34                process_spawn
                0xffffffff80102b07                create_user_process
                0xffffffff80102d89                process_fork
                0xffffffff801030ea                process_exec
 *fill*         0xffffffff801032be        0x2 
 .text          0xffffffff801032c0      0x3ab build/kernel/processes/scheduler.o
                0xffffffff801032c0                scheduler_init
                0xffffffff801032ed                scheduler_add
                0xffffffff8010336c                scheduler_remove
                0xffffffff80103401                scheduler_tick
                0xffffffff80103580                scheduler_yield
                0xffffffff801035a7                scheduler_start
 *fill*         0xffffffff8010366b       0x15 
 .text          0xffffffff80103680      0x747 build/kernel/processes/syscall.o
                0xffffffff80103d31                syscall_handler
                0xffffffff80103db0                syscall_init
 .text          0xffffffff80103dc7      0x227 build/kernel/architecture/x86_64/gdt.o
                0xffffffff80103dc7                gdt_init
                0xffffffff80103f94                gdt_set_tss_entry
 .text          0xffffffff80103fee      0x314 build/kernel/architecture/x86_64/idt.o
                0xffffffff80103fee                idt_set_entry
                0xffffffff80104028                idt_init
                0xffffffff80104141                syscall_msr_init
                0xffffffff80104181                isr_handler
                0xffffffff801042ae                irq_handler
 .text          0xffffffff80104302       0xb8 build/kernel/architecture/x86_64/pic.o
                0xffffffff80104302                pic_init
                0xffffffff8010436e                pic_send_eoi
                0xffffffff80104382                pic_mask
                0xffffffff801043a2                pic_unmask
 *fill*         0xffffffff801043ba        0x6 
 .text          0xffffffff801043c0       0x92 build/kernel/architecture/x86_64/tss.o
                0xffffffff801043c0                tss_init
                0xffffffff8010444a                tss_set_kernel_stack
 *fill*         0xffffffff80104452        0xe 
 .text          0xffffffff80104460      0xd18 build/kernel/architecture/x86_64/paging.o
                0xffffffff8010471a                physical_to_virtual
                0xffffffff80104728                virtual_to_physical
                0xffffffff80104736                paging_init
                0xffffffff8010479a                map_page
                0xffffffff8010486c                map_page_in
                0xffffffff80104957                unmap_page
                0xffffffff8010498e                get_physical
                0xffffffff80104a1e                get_physical_in
                0xffffffff80104aa4                paging_clone_directory
                0xffffffff80104b05                paging_switch_directory
                0xffffffff80104b41                paging_deep_copy_directory
                0xffffffff80104eb6                paging_free_directory
                0xffffffff8010504e                page_fault_handler
 .text          0xffffffff80105178       0x3f build/kernel/architecture/x86_64/usermode.o
                0xffffffff80105178                jump_to_usermode
 *fill*         0xffffffff801051b7        0x9 
 .text          0xffffffff801051c0      0x8bb build/kernel/core/elf.o
                0xffffffff80105444                elf_get_entry
                0xffffffff80105501                elf_load
                0xffffffff8010594c                elf_load_from_path
 *fill*         0xffffffff80105a7b        0x5 
 .text          0xffffffff80105a80      0x247 build/drivers/display/vga.o
                0xffffffff80105a80                vga_set_colour
                0xffffffff80105a8d                vga_clear
                0xffffffff80105ad1                vga_putchar
                0xffffffff80105c45                vga_print
                0xffffffff80105c74                vga_init
                0xffffffff80105c8b                dev_display_write
 .text          0xffffffff80105cc7       0xe0 build/drivers/input/keyboard.o
                0xffffffff80105cc7                keyboard_handler
                0xffffffff80105d04                keyboard_init
                0xffffffff80105d05                keyboard_wait
                0xffffffff80105d30                keyboard_getchar
                0xffffffff80105d67                dev_keyboard_read
 *fill*         0xffffffff80105da7       0x19 
 .text          0xffffffff80105dc0      0x12b build/drivers/timer/timer.o
                0xffffffff80105dc0                timer_handler
                0xffffffff80105ebc                timer_get_ticks
                0xffffffff80105ec3                timer_get_seconds
                0xffffffff80105ed5                timer_init
 .text          0xffffffff80105eeb      0x10f build/drivers/serial/serial.o
                0xffffffff80105eeb                serial_putchar
                0xffffffff80105efe                serial_print
                0xffffffff80105f3a                serial_println
                0xffffffff80105f51                serial_init
                0xffffffff80105fb8                dev_serial_read
                0xffffffff80105fbe                dev_serial_write
 .text          0xffffffff80105ffa        0x9 build/drivers/null/null.o
                0xffffffff80105ffa                dev_null_read
                0xffffffff80106000                dev_null_write
 *fill*         0xffffffff80106003       0x1d 
 .text          0xffffffff80106020       0xbe build/drivers/random/random.o
                0xffffffff80106020                dev_random_read
 *fill*         0xffffffff801060de        0x2 
 .text          0xffffffff801060e0      0x4e1 build/drivers/rtc/rtc.o
                0xffffffff801060e0                rtc_read
                0xffffffff801062ee                rtc_now_epoch
                0xffffffff801063e7                dev_rtc_read
                0xffffffff8010657b                rtc_init
 *fill*         0xffffffff801065c1       0x3f 
 .text          0xffffffff80106600      0xf6d build/file_system/vfs/vfs.o
                0xffffffff80106600                vfs_init
                0xffffffff801066ad                vfs_mount
                0xffffffff80106830                vfs_find_mount
                0xffffffff801068e5                vfs_resolve_path
                0xffffffff80106d67                vfs_alloc_fd
                0xffffffff80106dc4                vfs_free_fd
                0xffffffff80106ddc                vfs_get_file
                0xffffffff80106df6                vfs_open
                0xffffffff80106e6b                vfs_open_at
                0xffffffff80106ee2                vfs_close
                0xffffffff80106f6e                vfs_read
                0xffffffff8010700f                vfs_seek
                0xffffffff80107096                vfs_write
                0xffffffff80107137                vfs_mkdir
                0xffffffff8010730e                vfs_readdir
                0xffffffff8010739d                vfs_delete
 *fill*         0xffffffff8010756d       0x13 
 .text          0xffffffff80107580      0xced build/file_system/shadowfs/shadowfs.o
                0xffffffff801080a7                shadowfs_get_ops
                0xffffffff801080af                shadowfs_mount
                0xffffffff8010822a                shadowfs_stats
 *fill*         0xffffffff8010826d       0x13 
 .text          0xffffffff80108280      0x518 build/file_system/devfs/devfs.o
                0xffffffff80108539                devfs_get_ops
                0xffffffff80108541                devfs_mount
                0xffffffff80108659                devfs_register
 *fill*         0xffffffff80108798       0x28 
 .text          0xffffffff801087c0      0xb71 build/file_system/procfs/procfs.o
                0xffffffff80109271                procfs_get_ops
                0xffffffff80109279                procfs_mount
 *fill*         0xffffffff80109331        0xf 
 .text          0xffffffff80109340      0xb64 build/apps/shell/shell.o
                0xffffffff80109cb5                shell_handle_key
                0xffffffff80109e8a                shell_init

.rodata         0xffffffff80109ec0     0x3053
 *(.rodata)
 .rodata        0xffffffff80109ec0      0x160 build/kernel/core/kprintf.o
 .rodata        0xffffffff8010a020       0x80 build/kernel/processes/syscall.o
 .rodata        0xffffffff8010a0a0       0x3b build/drivers/input/keyboard.o
 *fill*         0xffffffff8010a0db        0x5 
 .rodata        0xffffffff8010a0e0       0x60 build/file_system/procfs/procfs.o
 .rodata        0xffffffff8010a140       0xe0 build/apps/shell/shell.o
 *(.rodata.*)
 .rodata.str1.1
                0xffffffff8010a220      0x54a build/kernel/core/kernel.o
 *fill*         0xffffffff8010a76a        0x6 
 .rodata.str1.8
                0xffffffff8010a770      0x2bd build/kernel/core/kernel.o
 .rodata.str1.1
                0xffffffff8010aa2d       0x18 build/kernel/core/kprintf.o
 .rodata.str1.1
                0xffffffff8010aa45       0x55 build/kernel/core/panic.o
 .rodata.str1.1
                0xffffffff8010aa9a       0xe0 build/kernel/memory/mem.o
 *fill*         0xffffffff8010ab7a        0x6 
 .rodata.str1.8
                0xffffffff8010ab80       0x6f build/kernel/memory/mem.o
 .rodata.str1.1
                0xffffffff8010abef      0x1f8 build/kernel/memory/pmm.o
 *fill*         0xffffffff8010ade7        0x1 
 .rodata.str1.8
                0xffffffff8010ade8       0xdb build/kernel/memory/pmm.o
 *fill*         0xffffffff8010aec3        0x5 
 .rodata.str1.8
                0xffffffff8010aec8      0x347 build/kernel/processes/process.o
 .rodata.str1.1
                0xffffffff8010b20f      0x145 build/kernel/processes/process.o
 .rodata.str1.1
                0xffffffff8010b354       0x86 build/kernel/processes/scheduler.o
 *fill*         0xffffffff8010b3da        0x6 
 .rodata.str1.8
                0xffffffff8010b3e0       0xbf build/kernel/processes/scheduler.o
 *fill*         0xffffffff8010b49f        0x1 
 .rodata.str1.8
                0xffffffff8010b4a0       0xe9 build/kernel/processes/syscall.o
 .rodata.str1.1
                0xffffffff8010b589       0xed build/kernel/processes/syscall.o
 .rodata.str1.1
                0xffffffff8010b676       0x34 build/kernel/architecture/x86_64/gdt.o
 .rodata.str1.1
                0xffffffff8010b6aa       0x90 build/kernel/architecture/x86_64/idt.o
 *fill*         0xffffffff8010b73a        0x6 
 .rodata.str1.8
                0xffffffff8010b740       0x2a build/kernel/architecture/x86_64/idt.o
 .rodata.str1.1
                0xffffffff8010b76a       0x29 build/kernel/architecture/x86_64/tss.o
 *fill*         0xffffffff8010b793        0x5 
 .rodata.str1.8
                0xffffffff8010b798      0x1f4 build/kernel/architecture/x86_64/paging.o
 .rodata.str1.1
                0xffffffff8010b98c      0x114 build/kernel/architecture/x86_64/paging.o
 .rodata.str1.8
                0xffffffff8010baa0       0x28 build/kernel/architecture/x86_64/usermode.o
 .rodata.str1.8
                0xffffffff8010bac8      0x16d build/kernel/core/elf.o
 .rodata.str1.1
                0xffffffff8010bc35       0x5f build/kernel/core/elf.o
 .rodata.str1.1
                0xffffffff8010bc94       0x3e build/drivers/serial/serial.o
 *fill*         0xffffffff8010bcd2        0x6 
 .rodata.str1.8
                0xffffffff8010bcd8       0x1f build/drivers/random/random.o
 .rodata.str1.1
                0xffffffff8010bcf7       0x18 build/drivers/rtc/rtc.o
 .rodata.str1.1
                0xffffffff8010bd0f      0x184 build/file_system/vfs/vfs.o
 *fill*         0xffffffff8010be93        0x5 
 .rodata.str1.8
                0xffffffff8010be98      0x3cb build/file_system/vfs/vfs.o
 .rodata.str1.1
                0xffffffff8010c263      0x109 build/file_system/shadowfs/shadowfs.o
 *fill*         0xffffffff8010c36c        0x4 
 .rodata.str1.8
                0xffffffff8010c370      0x296 build/file_system/shadowfs/shadowfs.o
 *fill*         0xffffffff8010c606        0x2 
 .rodata.str1.8
                0xffffffff8010c608      0x127 build/file_system/devfs/devfs.o
 .rodata.str1.1
                0xffffffff8010c72f       0x68 build/file_system/devfs/devfs.o
 .rodata.str1.1
                0xffffffff8010c797       0xf0 build/file_system/procfs/procfs.o
 *fill*         0xffffffff8010c887        0x1 
 .rodata.str1.8
                0xffffffff8010c888      0x1d6 build/file_system/procfs/procfs.o
 .rodata.str1.1
                0xffffffff8010ca5e      0x232 build/apps/shell/shell.o
 .rodata.str1.8
                0xffffffff8010cc90      0x283 build/apps/shell/shell.o

.eh_frame       0xffffffff8010cf18     0x1d30
 .eh_frame      0xffffffff8010cf18       0x68 build/kernel/core/kernel.o
 .eh_frame      0xffffffff8010cf80      0x108 build/kernel/core/kprintf.o
 .eh_frame      0xffffffff8010d088       0x38 build/kernel/core/panic.o
 .eh_frame      0xffffffff8010d0c0       0xa0 build/kernel/memory/mem.o
 .eh_frame      0xffffffff8010d160      0x108 build/kernel/memory/pmm.o
 .eh_frame      0xffffffff8010d268      0x1f0 build/kernel/processes/process.o
 .eh_frame      0xffffffff8010d458       0xe0 build/kernel/processes/scheduler.o
 .eh_frame      0xffffffff8010d538      0x2d8 build/kernel/processes/syscall.o
 .eh_frame      0xffffffff8010d810       0x58 build/kernel/architecture/x86_64/gdt.o
 .eh_frame      0xffffffff8010d868       0xb0 build/kernel/architecture/x86_64/idt.o
 .eh_frame      0xffffffff8010d918       0x68 build/kernel/architecture/x86_64/pic.o
 .eh_frame      0xffffffff8010d980       0x50 build/kernel/architecture/x86_64/tss.o
 .eh_frame      0xffffffff8010d9d0      0x278 build/kernel/architecture/x86_64/paging.o
 .eh_frame      0xffffffff8010dc48       0x40 build/kernel/architecture/x86_64/usermode.o
 .eh_frame      0xffffffff8010dc88      0x108 build/kernel/core/elf.o
 .eh_frame      0xffffffff8010dd90       0xc8 build/drivers/display/vga.o
 .eh_frame      0xffffffff8010de58       0xb8 build/drivers/input/keyboard.o
 .eh_frame      0xffffffff8010df10       0x78 build/drivers/timer/timer.o
 .eh_frame      0xffffffff8010df88       0xd8 build/drivers/serial/serial.o
 .eh_frame      0xffffffff8010e060       0x40 build/drivers/null/null.o
 .eh_frame      0xffffffff8010e0a0       0x48 build/drivers/random/random.o
 .eh_frame      0xffffffff8010e0e8       0xc0 build/drivers/rtc/rtc.o
 .eh_frame      0xffffffff8010e1a8      0x2d0 build/file_system/vfs/vfs.o
 .eh_frame      0xffffffff8010e478      0x250 build/file_system/shadowfs/shadowfs.o
 .eh_frame      0xffffffff8010e6c8      0x188 build/file_system/devfs/devfs.o
 .eh_frame      0xffffffff8010e850      0x158 build/file_system/procfs/procfs.o
 .eh_frame      0xffffffff8010e9a8      0x2a0 build/apps/shell/shell.o

.data           0xffffffff8010ec60      0x140
 *(.data)
 .data          0xffffffff8010ec60       0x10 build/kernel/architecture/x86_64/syscall_entry.asm.o
 .data          0xffffffff8010ec70        0x0 build/kernel/core/kernel.o
 .data          0xffffffff8010ec70        0x0 build/kernel/core/kprintf.o
 .data          0xffffffff8010ec70        0x0 build/kernel/core/panic.o
 .data          0xffffffff8010ec70        0x0 build/kernel/memory/mem.o
 .data          0xffffffff8010ec70        0x0 build/kernel/memory/pmm.o
 .data          0xffffffff8010ec70        0x0 build/kernel/processes/process.o
 .data          0xffffffff8010ec70        0x0 build/kernel/processes/scheduler.o
 .data          0xffffffff8010ec70        0x0 build/kernel/processes/syscall.o
 .data          0xffffffff8010ec70        0x0 build/kernel/architecture/x86_64/gdt.o
 .data          0xffffffff8010ec70        0x0 build/kernel/architecture/x86_64/idt.o
 .data          0xffffffff8010ec70        0x0 build/kernel/architecture/x86_64/pic.o
 .data          0xffffffff8010ec70        0x0 build/kernel/architecture/x86_64/tss.o
 .data          0xffffffff8010ec70        0x0 build/kernel/architecture/x86_64/paging.o
 .data          0xffffffff8010ec70        0x0 build/kernel/architecture/x86_64/usermode.o
 .data          0xffffffff8010ec70        0x0 build/kernel/core/elf.o
 .data          0xffffffff8010ec70        0x0 build/drivers/display/vga.o
 .data          0xffffffff8010ec70        0x0 build/drivers/input/keyboard.o
 .data          0xffffffff8010ec70        0x0 build/drivers/timer/timer.o
 .data          0xffffffff8010ec70        0x0 build/drivers/serial/serial.o
 .data          0xffffffff8010ec70        0x0 build/drivers/null/null.o
 .data          0xffffffff8010ec70        0x0 build/drivers/random/random.o
 .data          0xffffffff8010ec70        0x0 build/drivers/rtc/rtc.o
 .data          0xffffffff8010ec70        0x0 build/file_system/vfs/vfs.o
 *fill*         0xffffffff8010ec70       0x10 
 .data          0xffffffff8010ec80       0x60 build/file_system/shadowfs/shadowfs.o
 .data          0xffffffff8010ece0       0x60 build/file_system/devfs/devfs.o
 .data          0xffffffff8010ed40       0x60 build/file_system/procfs/procfs.o
 .data          0xffffffff8010eda0        0x0 build/apps/shell/shell.o

.bss            0xffffffff8010f000     0x4480
                0xffffffff8010f000                __bss_start = .
 *(.bss)
 .bss           0xffffffff8010f000        0x0 build/kernel/core/kernel.o
 .bss           0xffffffff8010f000        0x0 build/kernel/core/kprintf.o
 .bss           0xffffffff8010f000        0x0 build/kernel/core/panic.o
 .bss           0xffffffff8010f000       0x10 build/kernel/memory/mem.o
 .bss           0xffffffff8010f010       0x10 build/kernel/memory/pmm.o
 .bss           0xffffffff8010f020       0xa0 build/kernel/processes/process.o
                0xffffffff8010f020                next_pid
                0xffffffff8010f028                current_process
                0xffffffff8010f040                process_table
 .bss           0xffffffff8010f0c0       0x10 build/kernel/processes/scheduler.o
 .bss           0xffffffff8010f0d0        0x0 build/kernel/processes/syscall.o
 *fill*         0xffffffff8010f0d0       0x10 
 .bss           0xffffffff8010f0e0       0x60 build/kernel/architecture/x86_64/gdt.o
 .bss           0xffffffff8010f140     0x1020 build/kernel/architecture/x86_64/idt.o
 .bss           0xffffffff80110160        0x0 build/kernel/architecture/x86_64/pic.o
 .bss           0xffffffff80110160       0x68 build/kernel/architecture/x86_64/tss.o
 .bss           0xffffffff801101c8        0x8 build/kernel/architecture/x86_64/paging.o
                0xffffffff801101c8                kernel_pml4
 *fill*         0xffffffff801101d0      0xe30 
 .bss           0xffffffff80111000     0x1000 build/kernel/architecture/x86_64/usermode.o
 .bss           0xffffffff80112000        0x0 build/kernel/core/elf.o
 .bss           0xffffffff80112000        0xc build/drivers/display/vga.o
 *fill*         0xffffffff8011200c        0x4 
 .bss           0xffffffff80112010        0x9 build/drivers/input/keyboard.o
                0xffffffff80112010                keyboard_waiting
 *fill*         0xffffffff80112019        0x3 
 .bss           0xffffffff8011201c        0x4 build/drivers/timer/timer.o
 .bss           0xffffffff80112020        0x0 build/drivers/serial/serial.o
 .bss           0xffffffff80112020        0x0 build/drivers/null/null.o
 .bss           0xffffffff80112020        0x0 build/drivers/random/random.o
 .bss           0xffffffff80112020        0x0 build/drivers/rtc/rtc.o
 .bss           0xffffffff80112020      0xe20 build/file_system/vfs/vfs.o
 .bss           0xffffffff80112e40        0x0 build/file_system/shadowfs/shadowfs.o
 .bss           0xffffffff80112e40      0x518 build/file_system/devfs/devfs.o
 .bss           0xffffffff80113358        0x0 build/file_system/procfs/procfs.o
 *fill*         0xffffffff80113358        0x8 
 .bss           0xffffffff80113360      0x120 build/apps/shell/shell.o
 *(COMMON)
                0xffffffff80113480                __bss_end = .
LOAD build/kernel/architecture/x86_64/start.asm.o
LOAD build/kernel/architecture/x86_64/gdt_flush.asm.o
LOAD build/kernel/architecture/x86_64/idt_flush.asm.o
LOAD build/kernel/architecture/x86_64/isr.asm.o
LOAD build/kernel/architecture/x86_64/switch.asm.o
LOAD build/kernel/architecture/x86_64/usermode.asm.o
LOAD build/kernel/architecture/x86_64/syscall_entry.asm.o
LOAD build/kernel/core/kernel.o
LOAD build/kernel/core/kprintf.o
LOAD build/kernel/core/panic.o
LOAD build/kernel/memory/mem.o
LOAD build/kernel/memory/pmm.o
LOAD build/kernel/processes/process.o
LOAD build/kernel/processes/scheduler.o
LOAD build/kernel/processes/syscall.o
LOAD build/kernel/architecture/x86_64/gdt.o
LOAD build/kernel/architecture/x86_64/idt.o
LOAD build/kernel/architecture/x86_64/pic.o
LOAD build/kernel/architecture/x86_64/tss.o
LOAD build/kernel/architecture/x86_64/paging.o
LOAD build/kernel/architecture/x86_64/usermode.o
LOAD build/kernel/core/elf.o
LOAD build/drivers/display/vga.o
LOAD build/drivers/input/keyboard.o
LOAD build/drivers/timer/timer.o
LOAD build/drivers/serial/serial.o
LOAD build/drivers/null/null.o
LOAD build/drivers/random/random.o
LOAD build/drivers/rtc/rtc.o
LOAD build/file_system/vfs/vfs.o
LOAD build/file_system/shadowfs/shadowfs.o
LOAD build/file_system/devfs/devfs.o
LOAD build/file_system/procfs/procfs.o
LOAD build/apps/shell/shell.o
OUTPUT(build/kernel.bin binary)

.comment        0x0000000000000000      0x201
 .comment       0x0000000000000000       0x13 build/kernel/core/kernel.o
 .comment       0x0000000000000013       0x13 build/kernel/core/kprintf.o
 .comment       0x0000000000000026       0x13 build/kernel/core/panic.o
 .comment       0x0000000000000039       0x13 build/kernel/memory/mem.o
 .comment       0x000000000000004c       0x13 build/kernel/memory/pmm.o
 .comment       0x000000000000005f       0x13 build/kernel/processes/process.o
 .comment       0x0000000000000072       0x13 build/kernel/processes/scheduler.o
 .comment       0x0000000000000085       0x13 build/kernel/processes/syscall.o
 .comment       0x0000000000000098       0x13 build/kernel/architecture/x86_64/gdt.o
 .comment       0x00000000000000ab       0x13 build/kernel/architecture/x86_64/idt.o
 .comment       0x00000000000000be       0x13 build/kernel/architecture/x86_64/pic.o
 .comment       0x00000000000000d1       0x13 build/kernel/architecture/x86_64/tss.o
 .comment       0x00000000000000e4       0x13 build/kernel/architecture/x86_64/paging.o
 .comment       0x00000000000000f7       0x13 build/kernel/architecture/x86_64/usermode.o
 .comment       0x000000000000010a       0x13 build/kernel/core/elf.o
 .comment       0x000000000000011d       0x13 build/drivers/display/vga.o
 .comment       0x0000000000000130       0x13 build/drivers/input/keyboard.o
 .comment       0x0000000000000143       0x13 build/drivers/timer/timer.o
 .comment       0x0000000000000156       0x13 build/drivers/serial/serial.o
 .comment       0x0000000000000169       0x13 build/drivers/null/null.o
 .comment       0x000000000000017c       0x13 build/drivers/random/random.o
 .comment       0x000000000000018f       0x13 build/drivers/rtc/rtc.o
 .comment       0x00000000000001a2       0x13 build/file_system/vfs/vfs.o
 .comment       0x00000000000001b5       0x13 build/file_system/shadowfs/shadowfs.o
 .comment       0x00000000000001c8       0x13 build/file_system/devfs/devfs.o
 .comment       0x00000000000001db       0x13 build/file_system/procfs/procfs.o
 .comment       0x00000000000001ee       0x13 build/apps/shell/shell.o
