
There are no discarded input sections

Memory Configuration

Name             Origin             Length             Attributes
*default*        0x0000000000000000 0xffffffffffffffff

Linker script and memory map

                0xffffffff80100000                . = 0xffffffff80100000

.text           0xffffffff80100000     0x5ceb
 *(.text.boot)
 .text.boot     0xffffffff80100000       0x48 build/kernel/architecture/x86_64/start.asm.o
                0xffffffff80100000                _start
 *(.text)
 *fill*         0xffffffff80100048        0x8 
 .text          0xffffffff80100050       0x18 build/kernel/architecture/x86_64/gdt_flush.asm.o
                0xffffffff80100050                gdt_flush
 *fill*         0xffffffff80100068        0x8 
 .text          0xffffffff80100070        0x4 build/kernel/architecture/x86_64/idt_flush.asm.o
                0xffffffff80100070                idt_flush
 *fill*         0xffffffff80100074        0xc 
 .text          0xffffffff80100080       0xe5 build/kernel/architecture/x86_64/isr.asm.o
                0xffffffff80100080                isr0
                0xffffffff80100087                isr1
                0xffffffff8010008e                isr2
                0xffffffff80100095                isr3
                0xffffffff8010009c                isr128
                0xffffffff801000a6                isr14
                0xffffffff801000ab                irq0
                0xffffffff801000b2                irq1
 *fill*         0xffffffff80100165        0xb 
 .text          0xffffffff80100170       0xa1 build/kernel/architecture/x86_64/switch.asm.o
                0xffffffff80100170                switch_context
 *fill*         0xffffffff80100211        0xf 
 .text          0xffffffff80100220       0x28 build/kernel/architecture/x86_64/usermode.asm.o
                0xffffffff80100220                enter_usermode
                0xffffffff80100239                iret_to_usermode
 .text          0xffffffff80100248      0x6a7 build/kernel/core/kernel.o
                0xffffffff8010026d                kernel_main
 *fill*         0xffffffff801008ef       0x11 
 .text          0xffffffff80100900      0x870 build/kernel/core/kprintf.o
                0xffffffff80100a89                kvsnprintf
                0xffffffff8010103e                kprintf
                0xffffffff801010ca                kserial_printf
 .text          0xffffffff80101170       0x6f build/kernel/core/panic.o
                0xffffffff80101170                kpanic
 *fill*         0xffffffff801011df        0x1 
 .text          0xffffffff801011e0      0x2e6 build/kernel/memory/mem.o
                0xffffffff801011e0                mem_init
                0xffffffff80101246                kmalloc
                0xffffffff80101362                kfree
                0xffffffff801013d6                mem_print_stats
 *fill*         0xffffffff801014c6       0x1a 
 .text          0xffffffff801014e0      0x4e7 build/kernel/memory/pmm.o
                0xffffffff80101526                pmm_init
                0xffffffff80101863                pmm_alloc
                0xffffffff801018ee                pmm_free
                0xffffffff8010190b                pmm_free_pages
                0xffffffff8010191a                pmm_used_pages
                0xffffffff80101922                pmm_print_stats
 *fill*         0xffffffff801019c7       0x39 
 .text          0xffffffff80101a00      0xb25 build/kernel/processes/process.o
                0xffffffff80101a00                process_init
                0xffffffff80101a59                process_create
                0xffffffff80101cd7                process_exit
                0xffffffff80101cff                process_print_all
                0xffffffff80101dbc                process_block
                0xffffffff80101dc9                process_wake
                0xffffffff80101ddc                create_user_process
                0xffffffff8010208d                process_fork
                0xffffffff8010239a                process_exec
 .text          0xffffffff80102525      0x2b7 build/kernel/processes/scheduler.o
                0xffffffff80102525                scheduler_init
                0xffffffff80102552                scheduler_add
                0xffffffff801025d1                scheduler_tick
                0xffffffff801026f0                scheduler_yield
                0xffffffff80102717                scheduler_start
 *fill*         0xffffffff801027dc        0x4 
 .text          0xffffffff801027e0      0x492 build/kernel/processes/syscall.o
                0xffffffff80102bdc                syscall_handler
                0xffffffff80102c5b                syscall_init
 .text          0xffffffff80102c72      0x1f9 build/kernel/architecture/x86_64/gdt.o
                0xffffffff80102c72                gdt_init
                0xffffffff80102e11                gdt_set_tss_entry
 *fill*         0xffffffff80102e6b        0x1 
 .text          0xffffffff80102e6c      0x22c build/kernel/architecture/x86_64/idt.o
                0xffffffff80102e6c                idt_set_entry
                0xffffffff80102ea6                idt_init
                0xffffffff80102fa4                isr_handler
                0xffffffff80103044                irq_handler
 .text          0xffffffff80103098       0xb8 build/kernel/architecture/x86_64/pic.o
                0xffffffff80103098                pic_init
                0xffffffff80103104                pic_send_eoi
                0xffffffff80103118                pic_mask
                0xffffffff80103138                pic_unmask
 .text          0xffffffff80103150       0x92 build/kernel/architecture/x86_64/tss.o
                0xffffffff80103150                tss_init
                0xffffffff801031da                tss_set_kernel_stack
 *fill*         0xffffffff801031e2       0x1e 
 .text          0xffffffff80103200      0xa8a build/kernel/architecture/x86_64/paging.o
                0xffffffff801034ba                physical_to_virtual
                0xffffffff801034c8                virtual_to_physical
                0xffffffff801034d6                paging_init
                0xffffffff80103515                map_page
                0xffffffff801035e3                map_page_in
                0xffffffff801036ca                unmap_page
                0xffffffff80103701                get_physical
                0xffffffff80103791                paging_clone_directory
                0xffffffff80103805                paging_switch_directory
                0xffffffff80103841                paging_deep_copy_directory
                0xffffffff80103b73                page_fault_handler
 .text          0xffffffff80103c8a       0x3f build/kernel/architecture/x86_64/usermode.o
                0xffffffff80103c8a                jump_to_usermode
 *fill*         0xffffffff80103cc9       0x17 
 .text          0xffffffff80103ce0      0x20b build/drivers/display/vga.o
                0xffffffff80103ce0                vga_set_colour
                0xffffffff80103ced                vga_clear
                0xffffffff80103d31                vga_putchar
                0xffffffff80103ea5                vga_print
                0xffffffff80103ed4                vga_init
 .text          0xffffffff80103eeb       0xa0 build/drivers/input/keyboard.o
                0xffffffff80103eeb                keyboard_handler
                0xffffffff80103f28                keyboard_init
                0xffffffff80103f29                keyboard_wait
                0xffffffff80103f54                keyboard_getchar
 *fill*         0xffffffff80103f8b       0x15 
 .text          0xffffffff80103fa0      0x12b build/drivers/timer/timer.o
                0xffffffff80103fa0                timer_handler
                0xffffffff8010409c                timer_get_ticks
                0xffffffff801040a3                timer_get_seconds
                0xffffffff801040b5                timer_init
 .text          0xffffffff801040cb       0xcd build/drivers/serial/serial.o
                0xffffffff801040cb                serial_putchar
                0xffffffff801040de                serial_print
                0xffffffff8010411a                serial_println
                0xffffffff80104131                serial_init
 *fill*         0xffffffff80104198       0x28 
 .text          0xffffffff801041c0      0xe1e build/file_system/vfs/vfs.o
                0xffffffff801041c0                vfs_init
                0xffffffff8010426d                vfs_mount
                0xffffffff801043f0                vfs_find_mount
                0xffffffff801044a5                vfs_resolve_path
                0xffffffff80104677                vfs_alloc_fd
                0xffffffff801046c4                vfs_free_fd
                0xffffffff801046dc                vfs_get_file
                0xffffffff801046f6                vfs_open
                0xffffffff801049f9                vfs_close
                0xffffffff80104a85                vfs_read
                0xffffffff80104b26                vfs_write
                0xffffffff80104bc7                vfs_mkdir
                0xffffffff80104db0                vfs_readdir
                0xffffffff80104e3f                vfs_delete
 *fill*         0xffffffff80104fde        0x2 
 .text          0xffffffff80104fe0      0x6fa build/file_system/shadowfs/shadowfs.o
                0xffffffff8010555c                shadowfs_get_ops
                0xffffffff80105564                shadowfs_mount
 *fill*         0xffffffff801056da        0x6 
 .text          0xffffffff801056e0      0x60b build/apps/shell/shell.o
                0xffffffff8010573c                shell_handle_key
                0xffffffff80105cd1                shell_init

.rodata         0xffffffff80105d00     0x2010
 *(.rodata)
 .rodata        0xffffffff80105d00      0x160 build/kernel/core/kprintf.o
 .rodata        0xffffffff80105e60       0x40 build/kernel/processes/syscall.o
 .rodata        0xffffffff80105ea0       0x3b build/drivers/input/keyboard.o
 *(.rodata.*)
 .rodata.str1.1
                0xffffffff80105edb      0x38f build/kernel/core/kernel.o
 *fill*         0xffffffff8010626a        0x6 
 .rodata.str1.8
                0xffffffff80106270      0x120 build/kernel/core/kernel.o
 .rodata.str1.1
                0xffffffff80106390       0x18 build/kernel/core/kprintf.o
 .rodata.str1.1
                0xffffffff801063a8       0x55 build/kernel/core/panic.o
 .rodata.str1.1
                0xffffffff801063fd       0xe0 build/kernel/memory/mem.o
 *fill*         0xffffffff801064dd        0x3 
 .rodata.str1.8
                0xffffffff801064e0       0x6f build/kernel/memory/mem.o
 .rodata.str1.1
                0xffffffff8010654f      0x1f8 build/kernel/memory/pmm.o
 *fill*         0xffffffff80106747        0x1 
 .rodata.str1.8
                0xffffffff80106748       0xdb build/kernel/memory/pmm.o
 *fill*         0xffffffff80106823        0x5 
 .rodata.str1.8
                0xffffffff80106828      0x340 build/kernel/processes/process.o
 .rodata.str1.1
                0xffffffff80106b68      0x129 build/kernel/processes/process.o
 .rodata.str1.1
                0xffffffff80106c91       0x86 build/kernel/processes/scheduler.o
 *fill*         0xffffffff80106d17        0x1 
 .rodata.str1.8
                0xffffffff80106d18       0xbf build/kernel/processes/scheduler.o
 .rodata.str1.1
                0xffffffff80106dd7      0x114 build/kernel/processes/syscall.o
 *fill*         0xffffffff80106eeb        0x5 
 .rodata.str1.8
                0xffffffff80106ef0       0xc1 build/kernel/processes/syscall.o
 .rodata.str1.1
                0xffffffff80106fb1       0x34 build/kernel/architecture/x86_64/gdt.o
 .rodata.str1.1
                0xffffffff80106fe5       0x5e build/kernel/architecture/x86_64/idt.o
 .rodata.str1.1
                0xffffffff80107043       0x29 build/kernel/architecture/x86_64/tss.o
 *fill*         0xffffffff8010706c        0x4 
 .rodata.str1.8
                0xffffffff80107070      0x1cc build/kernel/architecture/x86_64/paging.o
 .rodata.str1.1
                0xffffffff8010723c       0xc6 build/kernel/architecture/x86_64/paging.o
 *fill*         0xffffffff80107302        0x6 
 .rodata.str1.8
                0xffffffff80107308       0x28 build/kernel/architecture/x86_64/usermode.o
 .rodata.str1.1
                0xffffffff80107330       0x3e build/drivers/serial/serial.o
 .rodata.str1.1
                0xffffffff8010736e      0x169 build/file_system/vfs/vfs.o
 *fill*         0xffffffff801074d7        0x1 
 .rodata.str1.8
                0xffffffff801074d8      0x361 build/file_system/vfs/vfs.o
 *fill*         0xffffffff80107839        0x7 
 .rodata.str1.8
                0xffffffff80107840      0x1fc build/file_system/shadowfs/shadowfs.o
 .rodata.str1.1
                0xffffffff80107a3c       0xbf build/file_system/shadowfs/shadowfs.o
 .rodata.str1.1
                0xffffffff80107afb       0xb0 build/apps/shell/shell.o
 *fill*         0xffffffff80107bab        0x5 
 .rodata.str1.8
                0xffffffff80107bb0      0x160 build/apps/shell/shell.o

.eh_frame       0xffffffff80107d10     0x11d0
 .eh_frame      0xffffffff80107d10       0x68 build/kernel/core/kernel.o
 .eh_frame      0xffffffff80107d78       0xe8 build/kernel/core/kprintf.o
 .eh_frame      0xffffffff80107e60       0x38 build/kernel/core/panic.o
 .eh_frame      0xffffffff80107e98       0xa0 build/kernel/memory/mem.o
 .eh_frame      0xffffffff80107f38      0x108 build/kernel/memory/pmm.o
 .eh_frame      0xffffffff80108040      0x180 build/kernel/processes/process.o
 .eh_frame      0xffffffff801081c0       0xd0 build/kernel/processes/scheduler.o
 .eh_frame      0xffffffff80108290      0x198 build/kernel/processes/syscall.o
 .eh_frame      0xffffffff80108428       0x58 build/kernel/architecture/x86_64/gdt.o
 .eh_frame      0xffffffff80108480       0x98 build/kernel/architecture/x86_64/idt.o
 .eh_frame      0xffffffff80108518       0x68 build/kernel/architecture/x86_64/pic.o
 .eh_frame      0xffffffff80108580       0x50 build/kernel/architecture/x86_64/tss.o
 .eh_frame      0xffffffff801085d0      0x218 build/kernel/architecture/x86_64/paging.o
 .eh_frame      0xffffffff801087e8       0x40 build/kernel/architecture/x86_64/usermode.o
 .eh_frame      0xffffffff80108828       0x98 build/drivers/display/vga.o
 .eh_frame      0xffffffff801088c0       0x90 build/drivers/input/keyboard.o
 .eh_frame      0xffffffff80108950       0x78 build/drivers/timer/timer.o
 .eh_frame      0xffffffff801089c8       0x98 build/drivers/serial/serial.o
 .eh_frame      0xffffffff80108a60      0x238 build/file_system/vfs/vfs.o
 .eh_frame      0xffffffff80108c98      0x1a8 build/file_system/shadowfs/shadowfs.o
 .eh_frame      0xffffffff80108e40       0xa0 build/apps/shell/shell.o

.data           0xffffffff80108ee0       0x60
 *(.data)
 .data          0xffffffff80108ee0        0x0 build/kernel/core/kernel.o
 .data          0xffffffff80108ee0        0x0 build/kernel/core/kprintf.o
 .data          0xffffffff80108ee0        0x0 build/kernel/core/panic.o
 .data          0xffffffff80108ee0        0x0 build/kernel/memory/mem.o
 .data          0xffffffff80108ee0        0x0 build/kernel/memory/pmm.o
 .data          0xffffffff80108ee0        0x0 build/kernel/processes/process.o
 .data          0xffffffff80108ee0        0x0 build/kernel/processes/scheduler.o
 .data          0xffffffff80108ee0        0x0 build/kernel/processes/syscall.o
 .data          0xffffffff80108ee0        0x0 build/kernel/architecture/x86_64/gdt.o
 .data          0xffffffff80108ee0        0x0 build/kernel/architecture/x86_64/idt.o
 .data          0xffffffff80108ee0        0x0 build/kernel/architecture/x86_64/pic.o
 .data          0xffffffff80108ee0        0x0 build/kernel/architecture/x86_64/tss.o
 .data          0xffffffff80108ee0        0x0 build/kernel/architecture/x86_64/paging.o
 .data          0xffffffff80108ee0        0x0 build/kernel/architecture/x86_64/usermode.o
 .data          0xffffffff80108ee0        0x0 build/drivers/display/vga.o
 .data          0xffffffff80108ee0        0x0 build/drivers/input/keyboard.o
 .data          0xffffffff80108ee0        0x0 build/drivers/timer/timer.o
 .data          0xffffffff80108ee0        0x0 build/drivers/serial/serial.o
 .data          0xffffffff80108ee0        0x0 build/file_system/vfs/vfs.o
 .data          0xffffffff80108ee0       0x60 build/file_system/shadowfs/shadowfs.o
 .data          0xffffffff80108f40        0x0 build/apps/shell/shell.o

.bss            0xffffffff80109000     0x3f60
                0xffffffff80109000                __bss_start = .
 *(.bss)
 .bss           0xffffffff80109000        0x0 build/kernel/core/kernel.o
 .bss           0xffffffff80109000        0x0 build/kernel/core/kprintf.o
 .bss           0xffffffff80109000        0x0 build/kernel/core/panic.o
 .bss           0xffffffff80109000       0x10 build/kernel/memory/mem.o
 .bss           0xffffffff80109010       0x10 build/kernel/memory/pmm.o
 .bss           0xffffffff80109020       0xa0 build/kernel/processes/process.o
                0xffffffff80109020                next_pid
                0xffffffff80109028                current_process
                0xffffffff80109040                process_table
 .bss           0xffffffff801090c0       0x10 build/kernel/processes/scheduler.o
 .bss           0xffffffff801090d0        0x0 build/kernel/processes/syscall.o
 *fill*         0xffffffff801090d0       0x10 
 .bss           0xffffffff801090e0       0x58 build/kernel/architecture/x86_64/gdt.o
 *fill*         0xffffffff80109138        0x8 
 .bss           0xffffffff80109140     0x1020 build/kernel/architecture/x86_64/idt.o
 .bss           0xffffffff8010a160        0x0 build/kernel/architecture/x86_64/pic.o
 .bss           0xffffffff8010a160       0x68 build/kernel/architecture/x86_64/tss.o
 .bss           0xffffffff8010a1c8        0x8 build/kernel/architecture/x86_64/paging.o
                0xffffffff8010a1c8                kernel_pml4
 *fill*         0xffffffff8010a1d0      0xe30 
 .bss           0xffffffff8010b000     0x1000 build/kernel/architecture/x86_64/usermode.o
 .bss           0xffffffff8010c000        0xc build/drivers/display/vga.o
 *fill*         0xffffffff8010c00c        0x4 
 .bss           0xffffffff8010c010        0x9 build/drivers/input/keyboard.o
                0xffffffff8010c010                keyboard_waiting
 *fill*         0xffffffff8010c019        0x3 
 .bss           0xffffffff8010c01c        0x4 build/drivers/timer/timer.o
 .bss           0xffffffff8010c020        0x0 build/drivers/serial/serial.o
 .bss           0xffffffff8010c020      0xe20 build/file_system/vfs/vfs.o
 .bss           0xffffffff8010ce40        0x0 build/file_system/shadowfs/shadowfs.o
 .bss           0xffffffff8010ce40      0x120 build/apps/shell/shell.o
 *(COMMON)
                0xffffffff8010cf60                __bss_end = .
LOAD build/kernel/architecture/x86_64/start.asm.o
LOAD build/kernel/architecture/x86_64/gdt_flush.asm.o
LOAD build/kernel/architecture/x86_64/idt_flush.asm.o
LOAD build/kernel/architecture/x86_64/isr.asm.o
LOAD build/kernel/architecture/x86_64/switch.asm.o
LOAD build/kernel/architecture/x86_64/usermode.asm.o
LOAD build/kernel/core/kernel.o
LOAD build/kernel/core/kprintf.o
LOAD build/kernel/core/panic.o
LOAD build/kernel/memory/mem.o
LOAD build/kernel/memory/pmm.o
LOAD build/kernel/processes/process.o
LOAD build/kernel/processes/scheduler.o
LOAD build/kernel/processes/syscall.o
LOAD build/kernel/architecture/x86_64/gdt.o
LOAD build/kernel/architecture/x86_64/idt.o
LOAD build/kernel/architecture/x86_64/pic.o
LOAD build/kernel/architecture/x86_64/tss.o
LOAD build/kernel/architecture/x86_64/paging.o
LOAD build/kernel/architecture/x86_64/usermode.o
LOAD build/drivers/display/vga.o
LOAD build/drivers/input/keyboard.o
LOAD build/drivers/timer/timer.o
LOAD build/drivers/serial/serial.o
LOAD build/file_system/vfs/vfs.o
LOAD build/file_system/shadowfs/shadowfs.o
LOAD build/apps/shell/shell.o
OUTPUT(build/kernel.bin binary)

.comment        0x0000000000000000      0x18f
 .comment       0x0000000000000000       0x13 build/kernel/core/kernel.o
 .comment       0x0000000000000013       0x13 build/kernel/core/kprintf.o
 .comment       0x0000000000000026       0x13 build/kernel/core/panic.o
 .comment       0x0000000000000039       0x13 build/kernel/memory/mem.o
 .comment       0x000000000000004c       0x13 build/kernel/memory/pmm.o
 .comment       0x000000000000005f       0x13 build/kernel/processes/process.o
 .comment       0x0000000000000072       0x13 build/kernel/processes/scheduler.o
 .comment       0x0000000000000085       0x13 build/kernel/processes/syscall.o
 .comment       0x0000000000000098       0x13 build/kernel/architecture/x86_64/gdt.o
 .comment       0x00000000000000ab       0x13 build/kernel/architecture/x86_64/idt.o
 .comment       0x00000000000000be       0x13 build/kernel/architecture/x86_64/pic.o
 .comment       0x00000000000000d1       0x13 build/kernel/architecture/x86_64/tss.o
 .comment       0x00000000000000e4       0x13 build/kernel/architecture/x86_64/paging.o
 .comment       0x00000000000000f7       0x13 build/kernel/architecture/x86_64/usermode.o
 .comment       0x000000000000010a       0x13 build/drivers/display/vga.o
 .comment       0x000000000000011d       0x13 build/drivers/input/keyboard.o
 .comment       0x0000000000000130       0x13 build/drivers/timer/timer.o
 .comment       0x0000000000000143       0x13 build/drivers/serial/serial.o
 .comment       0x0000000000000156       0x13 build/file_system/vfs/vfs.o
 .comment       0x0000000000000169       0x13 build/file_system/shadowfs/shadowfs.o
 .comment       0x000000000000017c       0x13 build/apps/shell/shell.o
