
There are no discarded input sections

Memory Configuration

Name             Origin             Length             Attributes
*default*        0x0000000000000000 0xffffffffffffffff

Linker script and memory map

                0xffffffff80100000                . = 0xffffffff80100000

.text           0xffffffff80100000     0x90c4
 *(.text.boot)
 .text.boot     0xffffffff80100000       0x48 build/kernel/architecture/x86_64/start.asm.o
                0xffffffff80100000                _start
 *(.text)
 *fill*         0xffffffff80100048        0x8 
 .text          0xffffffff80100050       0x18 build/kernel/architecture/x86_64/gdt_flush.asm.o
                0xffffffff80100050                gdt_flush
 *fill*         0xffffffff80100068        0x8 
 .text          0xffffffff80100070        0x4 build/kernel/architecture/x86_64/idt_flush.asm.o
                0xffffffff80100070                idt_flush
 *fill*         0xffffffff80100074        0xc 
 .text          0xffffffff80100080       0xef build/kernel/architecture/x86_64/isr.asm.o
                0xffffffff80100080                isr0
                0xffffffff80100087                isr1
                0xffffffff8010008e                isr2
                0xffffffff80100095                isr3
                0xffffffff8010009c                isr128
                0xffffffff801000a6                isr8
                0xffffffff801000ab                isr13
                0xffffffff801000b0                isr14
                0xffffffff801000b5                irq0
                0xffffffff801000bc                irq1
 *fill*         0xffffffff8010016f        0x1 
 .text          0xffffffff80100170       0xa0 build/kernel/architecture/x86_64/switch.asm.o
                0xffffffff80100170                switch_context
 .text          0xffffffff80100210       0x52 build/kernel/architecture/x86_64/usermode.asm.o
                0xffffffff80100210                enter_usermode
                0xffffffff80100229                iret_to_usermode
                0xffffffff80100238                enter_ring3
 *fill*         0xffffffff80100262        0xe 
 .text          0xffffffff80100270       0x80 build/kernel/architecture/x86_64/syscall_entry.asm.o
                0xffffffff80100270                syscall_entry
                0xffffffff801002e7                syscall_set_kernel_stack
 .text          0xffffffff801002f0      0xeef build/kernel/core/kernel.o
                0xffffffff80100316                kernel_main
 *fill*         0xffffffff801011df       0x21 
 .text          0xffffffff80101200      0x8a6 build/kernel/core/kprintf.o
                0xffffffff80101389                kvsnprintf
                0xffffffff8010193e                kprintf
                0xffffffff801019ca                kserial_printf
                0xffffffff80101a70                ksnprintf
 .text          0xffffffff80101aa6       0x6f build/kernel/core/panic.o
                0xffffffff80101aa6                kpanic
 *fill*         0xffffffff80101b15        0xb 
 .text          0xffffffff80101b20      0x2e6 build/kernel/memory/mem.o
                0xffffffff80101b20                mem_init
                0xffffffff80101b86                kmalloc
                0xffffffff80101ca2                kfree
                0xffffffff80101d16                mem_print_stats
 *fill*         0xffffffff80101e06       0x1a 
 .text          0xffffffff80101e20      0x4e7 build/kernel/memory/pmm.o
                0xffffffff80101e66                pmm_init
                0xffffffff801021a3                pmm_alloc
                0xffffffff8010222e                pmm_free
                0xffffffff8010224b                pmm_free_pages
                0xffffffff8010225a                pmm_used_pages
                0xffffffff80102262                pmm_print_stats
 *fill*         0xffffffff80102307       0x39 
 .text          0xffffffff80102340      0xe21 build/kernel/processes/process.o
                0xffffffff80102340                process_init
                0xffffffff80102399                process_create
                0xffffffff8010269f                process_exit
                0xffffffff801026c7                process_print_all
                0xffffffff8010279c                process_block
                0xffffffff801027a9                process_wake
                0xffffffff801027bc                process_wait
                0xffffffff80102866                process_spawn
                0xffffffff80102927                create_user_process
                0xffffffff80102bc9                process_fork
                0xffffffff80102f95                process_exec
 .text          0xffffffff80103161      0x2b6 build/kernel/processes/scheduler.o
                0xffffffff80103161                scheduler_init
                0xffffffff8010318e                scheduler_add
                0xffffffff8010320d                scheduler_tick
                0xffffffff8010332c                scheduler_yield
                0xffffffff80103353                scheduler_start
 *fill*         0xffffffff80103417        0x9 
 .text          0xffffffff80103420      0x612 build/kernel/processes/syscall.o
                0xffffffff8010399c                syscall_handler
                0xffffffff80103a1b                syscall_init
 .text          0xffffffff80103a32      0x227 build/kernel/architecture/x86_64/gdt.o
                0xffffffff80103a32                gdt_init
                0xffffffff80103bff                gdt_set_tss_entry
 *fill*         0xffffffff80103c59        0x1 
 .text          0xffffffff80103c5a      0x314 build/kernel/architecture/x86_64/idt.o
                0xffffffff80103c5a                idt_set_entry
                0xffffffff80103c94                idt_init
                0xffffffff80103dad                syscall_msr_init
                0xffffffff80103ded                isr_handler
                0xffffffff80103f1a                irq_handler
 .text          0xffffffff80103f6e       0xb8 build/kernel/architecture/x86_64/pic.o
                0xffffffff80103f6e                pic_init
                0xffffffff80103fda                pic_send_eoi
                0xffffffff80103fee                pic_mask
                0xffffffff8010400e                pic_unmask
 *fill*         0xffffffff80104026        0xa 
 .text          0xffffffff80104030       0x92 build/kernel/architecture/x86_64/tss.o
                0xffffffff80104030                tss_init
                0xffffffff801040ba                tss_set_kernel_stack
 *fill*         0xffffffff801040c2       0x1e 
 .text          0xffffffff801040e0      0xd18 build/kernel/architecture/x86_64/paging.o
                0xffffffff8010439a                physical_to_virtual
                0xffffffff801043a8                virtual_to_physical
                0xffffffff801043b6                paging_init
                0xffffffff8010441a                map_page
                0xffffffff801044ec                map_page_in
                0xffffffff801045d7                unmap_page
                0xffffffff8010460e                get_physical
                0xffffffff8010469e                get_physical_in
                0xffffffff80104724                paging_clone_directory
                0xffffffff80104785                paging_switch_directory
                0xffffffff801047c1                paging_deep_copy_directory
                0xffffffff80104b36                paging_free_directory
                0xffffffff80104cce                page_fault_handler
 .text          0xffffffff80104df8       0x3f build/kernel/architecture/x86_64/usermode.o
                0xffffffff80104df8                jump_to_usermode
 *fill*         0xffffffff80104e37        0x9 
 .text          0xffffffff80104e40      0x569 build/kernel/core/elf.o
                0xffffffff80104e40                elf_get_entry
                0xffffffff80104efd                elf_load
                0xffffffff80105282                elf_load_from_path
 *fill*         0xffffffff801053a9       0x17 
 .text          0xffffffff801053c0      0x247 build/drivers/display/vga.o
                0xffffffff801053c0                vga_set_colour
                0xffffffff801053cd                vga_clear
                0xffffffff80105411                vga_putchar
                0xffffffff80105585                vga_print
                0xffffffff801055b4                vga_init
                0xffffffff801055cb                dev_display_write
 .text          0xffffffff80105607       0xe0 build/drivers/input/keyboard.o
                0xffffffff80105607                keyboard_handler
                0xffffffff80105644                keyboard_init
                0xffffffff80105645                keyboard_wait
                0xffffffff80105670                keyboard_getchar
                0xffffffff801056a7                dev_keyboard_read
 *fill*         0xffffffff801056e7       0x19 
 .text          0xffffffff80105700      0x12b build/drivers/timer/timer.o
                0xffffffff80105700                timer_handler
                0xffffffff801057fc                timer_get_ticks
                0xffffffff80105803                timer_get_seconds
                0xffffffff80105815                timer_init
 .text          0xffffffff8010582b      0x10f build/drivers/serial/serial.o
                0xffffffff8010582b                serial_putchar
                0xffffffff8010583e                serial_print
                0xffffffff8010587a                serial_println
                0xffffffff80105891                serial_init
                0xffffffff801058f8                dev_serial_read
                0xffffffff801058fe                dev_serial_write
 .text          0xffffffff8010593a        0x9 build/drivers/null/null.o
                0xffffffff8010593a                dev_null_read
                0xffffffff80105940                dev_null_write
 *fill*         0xffffffff80105943       0x1d 
 .text          0xffffffff80105960       0xbe build/drivers/random/random.o
                0xffffffff80105960                dev_random_read
 *fill*         0xffffffff80105a1e       0x22 
 .text          0xffffffff80105a40      0xecd build/file_system/vfs/vfs.o
                0xffffffff80105a40                vfs_init
                0xffffffff80105aed                vfs_mount
                0xffffffff80105c70                vfs_find_mount
                0xffffffff80105d25                vfs_resolve_path
                0xffffffff80105ef7                vfs_alloc_fd
                0xffffffff80105f44                vfs_free_fd
                0xffffffff80105f5c                vfs_get_file
                0xffffffff80105f76                vfs_open
                0xffffffff80106279                vfs_close
                0xffffffff80106305                vfs_read
                0xffffffff801063a6                vfs_seek
                0xffffffff8010642d                vfs_write
                0xffffffff801064ce                vfs_mkdir
                0xffffffff801066ae                vfs_readdir
                0xffffffff8010673d                vfs_delete
 *fill*         0xffffffff8010690d       0x13 
 .text          0xffffffff80106920      0xc6d build/file_system/shadowfs/shadowfs.o
                0xffffffff801073c7                shadowfs_get_ops
                0xffffffff801073cf                shadowfs_mount
                0xffffffff8010754a                shadowfs_stats
 *fill*         0xffffffff8010758d       0x13 
 .text          0xffffffff801075a0      0x518 build/file_system/devfs/devfs.o
                0xffffffff80107859                devfs_get_ops
                0xffffffff80107861                devfs_mount
                0xffffffff80107979                devfs_register
 *fill*         0xffffffff80107ab8        0x8 
 .text          0xffffffff80107ac0      0xb90 build/file_system/procfs/procfs.o
                0xffffffff80108590                procfs_get_ops
                0xffffffff80108598                procfs_mount
 *fill*         0xffffffff80108650       0x10 
 .text          0xffffffff80108660      0xa64 build/apps/shell/shell.o
                0xffffffff80108ed2                shell_handle_key
                0xffffffff801090aa                shell_init

.rodata         0xffffffff801090e0     0x2e7b
 *(.rodata)
 .rodata        0xffffffff801090e0      0x160 build/kernel/core/kprintf.o
 .rodata        0xffffffff80109240       0x70 build/kernel/processes/syscall.o
 *fill*         0xffffffff801092b0       0x10 
 .rodata        0xffffffff801092c0       0x3b build/drivers/input/keyboard.o
 *fill*         0xffffffff801092fb        0x5 
 .rodata        0xffffffff80109300       0x20 build/file_system/procfs/procfs.o
 .rodata        0xffffffff80109320       0xd0 build/apps/shell/shell.o
 *(.rodata.*)
 .rodata.str1.1
                0xffffffff801093f0      0x4ce build/kernel/core/kernel.o
 *fill*         0xffffffff801098be        0x2 
 .rodata.str1.8
                0xffffffff801098c0      0x2bd build/kernel/core/kernel.o
 .rodata.str1.1
                0xffffffff80109b7d       0x18 build/kernel/core/kprintf.o
 .rodata.str1.1
                0xffffffff80109b95       0x55 build/kernel/core/panic.o
 .rodata.str1.1
                0xffffffff80109bea       0xe0 build/kernel/memory/mem.o
 *fill*         0xffffffff80109cca        0x6 
 .rodata.str1.8
                0xffffffff80109cd0       0x6f build/kernel/memory/mem.o
 .rodata.str1.1
                0xffffffff80109d3f      0x1f8 build/kernel/memory/pmm.o
 *fill*         0xffffffff80109f37        0x1 
 .rodata.str1.8
                0xffffffff80109f38       0xdb build/kernel/memory/pmm.o
 *fill*         0xffffffff8010a013        0x5 
 .rodata.str1.8
                0xffffffff8010a018      0x347 build/kernel/processes/process.o
 .rodata.str1.1
                0xffffffff8010a35f      0x13d build/kernel/processes/process.o
 .rodata.str1.1
                0xffffffff8010a49c       0x86 build/kernel/processes/scheduler.o
 *fill*         0xffffffff8010a522        0x6 
 .rodata.str1.8
                0xffffffff8010a528       0xbf build/kernel/processes/scheduler.o
 .rodata.str1.1
                0xffffffff8010a5e7      0x123 build/kernel/processes/syscall.o
 *fill*         0xffffffff8010a70a        0x6 
 .rodata.str1.8
                0xffffffff8010a710       0xc1 build/kernel/processes/syscall.o
 .rodata.str1.1
                0xffffffff8010a7d1       0x34 build/kernel/architecture/x86_64/gdt.o
 .rodata.str1.1
                0xffffffff8010a805       0x90 build/kernel/architecture/x86_64/idt.o
 *fill*         0xffffffff8010a895        0x3 
 .rodata.str1.8
                0xffffffff8010a898       0x2a build/kernel/architecture/x86_64/idt.o
 .rodata.str1.1
                0xffffffff8010a8c2       0x29 build/kernel/architecture/x86_64/tss.o
 *fill*         0xffffffff8010a8eb        0x5 
 .rodata.str1.8
                0xffffffff8010a8f0      0x1f4 build/kernel/architecture/x86_64/paging.o
 .rodata.str1.1
                0xffffffff8010aae4      0x114 build/kernel/architecture/x86_64/paging.o
 .rodata.str1.8
                0xffffffff8010abf8       0x28 build/kernel/architecture/x86_64/usermode.o
 .rodata.str1.1
                0xffffffff8010ac20       0x5f build/kernel/core/elf.o
 *fill*         0xffffffff8010ac7f        0x1 
 .rodata.str1.8
                0xffffffff8010ac80       0xfd build/kernel/core/elf.o
 .rodata.str1.1
                0xffffffff8010ad7d       0x3e build/drivers/serial/serial.o
 *fill*         0xffffffff8010adbb        0x5 
 .rodata.str1.8
                0xffffffff8010adc0       0x1f build/drivers/random/random.o
 .rodata.str1.1
                0xffffffff8010addf      0x184 build/file_system/vfs/vfs.o
 *fill*         0xffffffff8010af63        0x5 
 .rodata.str1.8
                0xffffffff8010af68      0x3ab build/file_system/vfs/vfs.o
 *fill*         0xffffffff8010b313        0x5 
 .rodata.str1.8
                0xffffffff8010b318      0x296 build/file_system/shadowfs/shadowfs.o
 .rodata.str1.1
                0xffffffff8010b5ae      0x109 build/file_system/shadowfs/shadowfs.o
 *fill*         0xffffffff8010b6b7        0x1 
 .rodata.str1.8
                0xffffffff8010b6b8      0x127 build/file_system/devfs/devfs.o
 .rodata.str1.1
                0xffffffff8010b7df       0x68 build/file_system/devfs/devfs.o
 .rodata.str1.1
                0xffffffff8010b847       0xe7 build/file_system/procfs/procfs.o
 *fill*         0xffffffff8010b92e        0x2 
 .rodata.str1.8
                0xffffffff8010b930      0x1d6 build/file_system/procfs/procfs.o
 .rodata.str1.1
                0xffffffff8010bb06      0x220 build/apps/shell/shell.o
 *fill*         0xffffffff8010bd26        0x2 
 .rodata.str1.8
                0xffffffff8010bd28      0x233 build/apps/shell/shell.o

.eh_frame       0xffffffff8010bf60     0x1b18
 .eh_frame      0xffffffff8010bf60       0x68 build/kernel/core/kernel.o
 .eh_frame      0xffffffff8010bfc8      0x108 build/kernel/core/kprintf.o
 .eh_frame      0xffffffff8010c0d0       0x38 build/kernel/core/panic.o
 .eh_frame      0xffffffff8010c108       0xa0 build/kernel/memory/mem.o
 .eh_frame      0xffffffff8010c1a8      0x108 build/kernel/memory/pmm.o
 .eh_frame      0xffffffff8010c2b0      0x1e8 build/kernel/processes/process.o
 .eh_frame      0xffffffff8010c498       0xd0 build/kernel/processes/scheduler.o
 .eh_frame      0xffffffff8010c568      0x280 build/kernel/processes/syscall.o
 .eh_frame      0xffffffff8010c7e8       0x58 build/kernel/architecture/x86_64/gdt.o
 .eh_frame      0xffffffff8010c840       0xb0 build/kernel/architecture/x86_64/idt.o
 .eh_frame      0xffffffff8010c8f0       0x68 build/kernel/architecture/x86_64/pic.o
 .eh_frame      0xffffffff8010c958       0x50 build/kernel/architecture/x86_64/tss.o
 .eh_frame      0xffffffff8010c9a8      0x278 build/kernel/architecture/x86_64/paging.o
 .eh_frame      0xffffffff8010cc20       0x40 build/kernel/architecture/x86_64/usermode.o
 .eh_frame      0xffffffff8010cc60       0xb0 build/kernel/core/elf.o
 .eh_frame      0xffffffff8010cd10       0xc8 build/drivers/display/vga.o
 .eh_frame      0xffffffff8010cdd8       0xb8 build/drivers/input/keyboard.o
 .eh_frame      0xffffffff8010ce90       0x78 build/drivers/timer/timer.o
 .eh_frame      0xffffffff8010cf08       0xd8 build/drivers/serial/serial.o
 .eh_frame      0xffffffff8010cfe0       0x40 build/drivers/null/null.o
 .eh_frame      0xffffffff8010d020       0x48 build/drivers/random/random.o
 .eh_frame      0xffffffff8010d068      0x268 build/file_system/vfs/vfs.o
 .eh_frame      0xffffffff8010d2d0      0x250 build/file_system/shadowfs/shadowfs.o
 .eh_frame      0xffffffff8010d520      0x188 build/file_system/devfs/devfs.o
 .eh_frame      0xffffffff8010d6a8      0x158 build/file_system/procfs/procfs.o
 .eh_frame      0xffffffff8010d800      0x278 build/apps/shell/shell.o

.data           0xffffffff8010da80      0x140
 *(.data)
 .data          0xffffffff8010da80       0x10 build/kernel/architecture/x86_64/syscall_entry.asm.o
 .data          0xffffffff8010da90        0x0 build/kernel/core/kernel.o
 .data          0xffffffff8010da90        0x0 build/kernel/core/kprintf.o
 .data          0xffffffff8010da90        0x0 build/kernel/core/panic.o
 .data          0xffffffff8010da90        0x0 build/kernel/memory/mem.o
 .data          0xffffffff8010da90        0x0 build/kernel/memory/pmm.o
 .data          0xffffffff8010da90        0x0 build/kernel/processes/process.o
 .data          0xffffffff8010da90        0x0 build/kernel/processes/scheduler.o
 .data          0xffffffff8010da90        0x0 build/kernel/processes/syscall.o
 .data          0xffffffff8010da90        0x0 build/kernel/architecture/x86_64/gdt.o
 .data          0xffffffff8010da90        0x0 build/kernel/architecture/x86_64/idt.o
 .data          0xffffffff8010da90        0x0 build/kernel/architecture/x86_64/pic.o
 .data          0xffffffff8010da90        0x0 build/kernel/architecture/x86_64/tss.o
 .data          0xffffffff8010da90        0x0 build/kernel/architecture/x86_64/paging.o
 .data          0xffffffff8010da90        0x0 build/kernel/architecture/x86_64/usermode.o
 .data          0xffffffff8010da90        0x0 build/kernel/core/elf.o
 .data          0xffffffff8010da90        0x0 build/drivers/display/vga.o
 .data          0xffffffff8010da90        0x0 build/drivers/input/keyboard.o
 .data          0xffffffff8010da90        0x0 build/drivers/timer/timer.o
 .data          0xffffffff8010da90        0x0 build/drivers/serial/serial.o
 .data          0xffffffff8010da90        0x0 build/drivers/null/null.o
 .data          0xffffffff8010da90        0x0 build/drivers/random/random.o
 .data          0xffffffff8010da90        0x0 build/file_system/vfs/vfs.o
 *fill*         0xffffffff8010da90       0x10 
 .data          0xffffffff8010daa0       0x60 build/file_system/shadowfs/shadowfs.o
 .data          0xffffffff8010db00       0x60 build/file_system/devfs/devfs.o
 .data          0xffffffff8010db60       0x60 build/file_system/procfs/procfs.o
 .data          0xffffffff8010dbc0        0x0 build/apps/shell/shell.o

.bss            0xffffffff8010e000     0x4480
                0xffffffff8010e000                __bss_start = .
 *(.bss)
 .bss           0xffffffff8010e000        0x0 build/kernel/core/kernel.o
 .bss           0xffffffff8010e000        0x0 build/kernel/core/kprintf.o
 .bss           0xffffffff8010e000        0x0 build/kernel/core/panic.o
 .bss           0xffffffff8010e000       0x10 build/kernel/memory/mem.o
 .bss           0xffffffff8010e010       0x10 build/kernel/memory/pmm.o
 .bss           0xffffffff8010e020       0xa0 build/kernel/processes/process.o
                0xffffffff8010e020                next_pid
                0xffffffff8010e028                current_process
                0xffffffff8010e040                process_table
 .bss           0xffffffff8010e0c0       0x10 build/kernel/processes/scheduler.o
 .bss           0xffffffff8010e0d0        0x0 build/kernel/processes/syscall.o
 *fill*         0xffffffff8010e0d0       0x10 
 .bss           0xffffffff8010e0e0       0x60 build/kernel/architecture/x86_64/gdt.o
 .bss           0xffffffff8010e140     0x1020 build/kernel/architecture/x86_64/idt.o
 .bss           0xffffffff8010f160        0x0 build/kernel/architecture/x86_64/pic.o
 .bss           0xffffffff8010f160       0x68 build/kernel/architecture/x86_64/tss.o
 .bss           0xffffffff8010f1c8        0x8 build/kernel/architecture/x86_64/paging.o
                0xffffffff8010f1c8                kernel_pml4
 *fill*         0xffffffff8010f1d0      0xe30 
 .bss           0xffffffff80110000     0x1000 build/kernel/architecture/x86_64/usermode.o
 .bss           0xffffffff80111000        0x0 build/kernel/core/elf.o
 .bss           0xffffffff80111000        0xc build/drivers/display/vga.o
 *fill*         0xffffffff8011100c        0x4 
 .bss           0xffffffff80111010        0x9 build/drivers/input/keyboard.o
                0xffffffff80111010                keyboard_waiting
 *fill*         0xffffffff80111019        0x3 
 .bss           0xffffffff8011101c        0x4 build/drivers/timer/timer.o
 .bss           0xffffffff80111020        0x0 build/drivers/serial/serial.o
 .bss           0xffffffff80111020        0x0 build/drivers/null/null.o
 .bss           0xffffffff80111020        0x0 build/drivers/random/random.o
 .bss           0xffffffff80111020      0xe20 build/file_system/vfs/vfs.o
 .bss           0xffffffff80111e40        0x0 build/file_system/shadowfs/shadowfs.o
 .bss           0xffffffff80111e40      0x518 build/file_system/devfs/devfs.o
 .bss           0xffffffff80112358        0x0 build/file_system/procfs/procfs.o
 *fill*         0xffffffff80112358        0x8 
 .bss           0xffffffff80112360      0x120 build/apps/shell/shell.o
 *(COMMON)
                0xffffffff80112480                __bss_end = .
LOAD build/kernel/architecture/x86_64/start.asm.o
LOAD build/kernel/architecture/x86_64/gdt_flush.asm.o
LOAD build/kernel/architecture/x86_64/idt_flush.asm.o
LOAD build/kernel/architecture/x86_64/isr.asm.o
LOAD build/kernel/architecture/x86_64/switch.asm.o
LOAD build/kernel/architecture/x86_64/usermode.asm.o
LOAD build/kernel/architecture/x86_64/syscall_entry.asm.o
LOAD build/kernel/core/kernel.o
LOAD build/kernel/core/kprintf.o
LOAD build/kernel/core/panic.o
LOAD build/kernel/memory/mem.o
LOAD build/kernel/memory/pmm.o
LOAD build/kernel/processes/process.o
LOAD build/kernel/processes/scheduler.o
LOAD build/kernel/processes/syscall.o
LOAD build/kernel/architecture/x86_64/gdt.o
LOAD build/kernel/architecture/x86_64/idt.o
LOAD build/kernel/architecture/x86_64/pic.o
LOAD build/kernel/architecture/x86_64/tss.o
LOAD build/kernel/architecture/x86_64/paging.o
LOAD build/kernel/architecture/x86_64/usermode.o
LOAD build/kernel/core/elf.o
LOAD build/drivers/display/vga.o
LOAD build/drivers/input/keyboard.o
LOAD build/drivers/timer/timer.o
LOAD build/drivers/serial/serial.o
LOAD build/drivers/null/null.o
LOAD build/drivers/random/random.o
LOAD build/file_system/vfs/vfs.o
LOAD build/file_system/shadowfs/shadowfs.o
LOAD build/file_system/devfs/devfs.o
LOAD build/file_system/procfs/procfs.o
LOAD build/apps/shell/shell.o
OUTPUT(build/kernel.bin binary)

.comment        0x0000000000000000      0x1ee
 .comment       0x0000000000000000       0x13 build/kernel/core/kernel.o
 .comment       0x0000000000000013       0x13 build/kernel/core/kprintf.o
 .comment       0x0000000000000026       0x13 build/kernel/core/panic.o
 .comment       0x0000000000000039       0x13 build/kernel/memory/mem.o
 .comment       0x000000000000004c       0x13 build/kernel/memory/pmm.o
 .comment       0x000000000000005f       0x13 build/kernel/processes/process.o
 .comment       0x0000000000000072       0x13 build/kernel/processes/scheduler.o
 .comment       0x0000000000000085       0x13 build/kernel/processes/syscall.o
 .comment       0x0000000000000098       0x13 build/kernel/architecture/x86_64/gdt.o
 .comment       0x00000000000000ab       0x13 build/kernel/architecture/x86_64/idt.o
 .comment       0x00000000000000be       0x13 build/kernel/architecture/x86_64/pic.o
 .comment       0x00000000000000d1       0x13 build/kernel/architecture/x86_64/tss.o
 .comment       0x00000000000000e4       0x13 build/kernel/architecture/x86_64/paging.o
 .comment       0x00000000000000f7       0x13 build/kernel/architecture/x86_64/usermode.o
 .comment       0x000000000000010a       0x13 build/kernel/core/elf.o
 .comment       0x000000000000011d       0x13 build/drivers/display/vga.o
 .comment       0x0000000000000130       0x13 build/drivers/input/keyboard.o
 .comment       0x0000000000000143       0x13 build/drivers/timer/timer.o
 .comment       0x0000000000000156       0x13 build/drivers/serial/serial.o
 .comment       0x0000000000000169       0x13 build/drivers/null/null.o
 .comment       0x000000000000017c       0x13 build/drivers/random/random.o
 .comment       0x000000000000018f       0x13 build/file_system/vfs/vfs.o
 .comment       0x00000000000001a2       0x13 build/file_system/shadowfs/shadowfs.o
 .comment       0x00000000000001b5       0x13 build/file_system/devfs/devfs.o
 .comment       0x00000000000001c8       0x13 build/file_system/procfs/procfs.o
 .comment       0x00000000000001db       0x13 build/apps/shell/shell.o
