
There are no discarded input sections

Memory Configuration

Name             Origin             Length             Attributes
*default*        0x0000000000000000 0xffffffffffffffff

Linker script and memory map

                0xffffffff80100000                . = 0xffffffff80100000

.text           0xffffffff80100000     0x682b
 *(.text.boot)
 .text.boot     0xffffffff80100000       0x48 build/kernel/architecture/x86_64/start.asm.o
                0xffffffff80100000                _start
 *(.text)
 *fill*         0xffffffff80100048        0x8 
 .text          0xffffffff80100050       0x18 build/kernel/architecture/x86_64/gdt_flush.asm.o
                0xffffffff80100050                gdt_flush
 *fill*         0xffffffff80100068        0x8 
 .text          0xffffffff80100070        0x4 build/kernel/architecture/x86_64/idt_flush.asm.o
                0xffffffff80100070                idt_flush
 *fill*         0xffffffff80100074        0xc 
 .text          0xffffffff80100080       0xe5 build/kernel/architecture/x86_64/isr.asm.o
                0xffffffff80100080                isr0
                0xffffffff80100087                isr1
                0xffffffff8010008e                isr2
                0xffffffff80100095                isr3
                0xffffffff8010009c                isr128
                0xffffffff801000a6                isr14
                0xffffffff801000ab                irq0
                0xffffffff801000b2                irq1
 *fill*         0xffffffff80100165        0xb 
 .text          0xffffffff80100170       0xa1 build/kernel/architecture/x86_64/switch.asm.o
                0xffffffff80100170                switch_context
 *fill*         0xffffffff80100211        0xf 
 .text          0xffffffff80100220       0x28 build/kernel/architecture/x86_64/usermode.asm.o
                0xffffffff80100220                enter_usermode
                0xffffffff80100239                iret_to_usermode
 .text          0xffffffff80100248      0xa54 build/kernel/core/kernel.o
                0xffffffff8010037c                kernel_main
 *fill*         0xffffffff80100c9c       0x24 
 .text          0xffffffff80100cc0      0x870 build/kernel/core/kprintf.o
                0xffffffff80100e49                kvsnprintf
                0xffffffff801013fe                kprintf
                0xffffffff8010148a                kserial_printf
 .text          0xffffffff80101530       0x6f build/kernel/core/panic.o
                0xffffffff80101530                kpanic
 *fill*         0xffffffff8010159f        0x1 
 .text          0xffffffff801015a0      0x2e6 build/kernel/memory/mem.o
                0xffffffff801015a0                mem_init
                0xffffffff80101606                kmalloc
                0xffffffff80101722                kfree
                0xffffffff80101796                mem_print_stats
 *fill*         0xffffffff80101886       0x1a 
 .text          0xffffffff801018a0      0x4e7 build/kernel/memory/pmm.o
                0xffffffff801018e6                pmm_init
                0xffffffff80101c23                pmm_alloc
                0xffffffff80101cae                pmm_free
                0xffffffff80101ccb                pmm_free_pages
                0xffffffff80101cda                pmm_used_pages
                0xffffffff80101ce2                pmm_print_stats
 *fill*         0xffffffff80101d87       0x39 
 .text          0xffffffff80101dc0      0xc9c build/kernel/processes/process.o
                0xffffffff80101dc0                process_init
                0xffffffff80101e19                process_create
                0xffffffff80102097                process_exit
                0xffffffff801020bf                process_print_all
                0xffffffff8010217c                process_block
                0xffffffff80102189                process_wake
                0xffffffff8010219c                create_user_process
                0xffffffff8010244d                process_fork
                0xffffffff80102855                process_exec
 .text          0xffffffff80102a5c      0x2b7 build/kernel/processes/scheduler.o
                0xffffffff80102a5c                scheduler_init
                0xffffffff80102a89                scheduler_add
                0xffffffff80102b08                scheduler_tick
                0xffffffff80102c27                scheduler_yield
                0xffffffff80102c4e                scheduler_start
 *fill*         0xffffffff80102d13        0xd 
 .text          0xffffffff80102d20      0x512 build/kernel/processes/syscall.o
                0xffffffff8010319c                syscall_handler
                0xffffffff8010321b                syscall_init
 .text          0xffffffff80103232      0x1f9 build/kernel/architecture/x86_64/gdt.o
                0xffffffff80103232                gdt_init
                0xffffffff801033d1                gdt_set_tss_entry
 *fill*         0xffffffff8010342b        0x1 
 .text          0xffffffff8010342c      0x22c build/kernel/architecture/x86_64/idt.o
                0xffffffff8010342c                idt_set_entry
                0xffffffff80103466                idt_init
                0xffffffff80103564                isr_handler
                0xffffffff80103604                irq_handler
 .text          0xffffffff80103658       0xb8 build/kernel/architecture/x86_64/pic.o
                0xffffffff80103658                pic_init
                0xffffffff801036c4                pic_send_eoi
                0xffffffff801036d8                pic_mask
                0xffffffff801036f8                pic_unmask
 .text          0xffffffff80103710       0x92 build/kernel/architecture/x86_64/tss.o
                0xffffffff80103710                tss_init
                0xffffffff8010379a                tss_set_kernel_stack
 *fill*         0xffffffff801037a2       0x1e 
 .text          0xffffffff801037c0      0xa8a build/kernel/architecture/x86_64/paging.o
                0xffffffff80103a7a                physical_to_virtual
                0xffffffff80103a88                virtual_to_physical
                0xffffffff80103a96                paging_init
                0xffffffff80103ad5                map_page
                0xffffffff80103ba3                map_page_in
                0xffffffff80103c8a                unmap_page
                0xffffffff80103cc1                get_physical
                0xffffffff80103d51                paging_clone_directory
                0xffffffff80103dc5                paging_switch_directory
                0xffffffff80103e01                paging_deep_copy_directory
                0xffffffff80104133                page_fault_handler
 .text          0xffffffff8010424a       0x3f build/kernel/architecture/x86_64/usermode.o
                0xffffffff8010424a                jump_to_usermode
 *fill*         0xffffffff80104289       0x17 
 .text          0xffffffff801042a0      0x20b build/drivers/display/vga.o
                0xffffffff801042a0                vga_set_colour
                0xffffffff801042ad                vga_clear
                0xffffffff801042f1                vga_putchar
                0xffffffff80104465                vga_print
                0xffffffff80104494                vga_init
 .text          0xffffffff801044ab       0xa0 build/drivers/input/keyboard.o
                0xffffffff801044ab                keyboard_handler
                0xffffffff801044e8                keyboard_init
                0xffffffff801044e9                keyboard_wait
                0xffffffff80104514                keyboard_getchar
 *fill*         0xffffffff8010454b       0x15 
 .text          0xffffffff80104560      0x12b build/drivers/timer/timer.o
                0xffffffff80104560                timer_handler
                0xffffffff8010465c                timer_get_ticks
                0xffffffff80104663                timer_get_seconds
                0xffffffff80104675                timer_init
 .text          0xffffffff8010468b       0xcd build/drivers/serial/serial.o
                0xffffffff8010468b                serial_putchar
                0xffffffff8010469e                serial_print
                0xffffffff801046da                serial_println
                0xffffffff801046f1                serial_init
 *fill*         0xffffffff80104758       0x28 
 .text          0xffffffff80104780      0xe4d build/file_system/vfs/vfs.o
                0xffffffff80104780                vfs_init
                0xffffffff8010482d                vfs_mount
                0xffffffff801049b0                vfs_find_mount
                0xffffffff80104a65                vfs_resolve_path
                0xffffffff80104c37                vfs_alloc_fd
                0xffffffff80104c84                vfs_free_fd
                0xffffffff80104c9c                vfs_get_file
                0xffffffff80104cb6                vfs_open
                0xffffffff80104fb9                vfs_close
                0xffffffff80105045                vfs_read
                0xffffffff801050e6                vfs_write
                0xffffffff80105187                vfs_mkdir
                0xffffffff8010536e                vfs_readdir
                0xffffffff801053fd                vfs_delete
 *fill*         0xffffffff801055cd       0x13 
 .text          0xffffffff801055e0      0xc2a build/file_system/shadowfs/shadowfs.o
                0xffffffff80106087                shadowfs_get_ops
                0xffffffff8010608f                shadowfs_mount
 *fill*         0xffffffff8010620a       0x16 
 .text          0xffffffff80106220      0x60b build/apps/shell/shell.o
                0xffffffff8010627c                shell_handle_key
                0xffffffff80106811                shell_init

.rodata         0xffffffff80106840     0x2310
 *(.rodata)
 .rodata        0xffffffff80106840      0x160 build/kernel/core/kprintf.o
 .rodata        0xffffffff801069a0       0x40 build/kernel/processes/syscall.o
 .rodata        0xffffffff801069e0       0x3b build/drivers/input/keyboard.o
 *(.rodata.*)
 *fill*         0xffffffff80106a1b        0x5 
 .rodata.str1.8
                0xffffffff80106a20      0x1f0 build/kernel/core/kernel.o
 .rodata.str1.1
                0xffffffff80106c10      0x49f build/kernel/core/kernel.o
 .rodata.str1.1
                0xffffffff801070af       0x18 build/kernel/core/kprintf.o
 .rodata.str1.1
                0xffffffff801070c7       0x55 build/kernel/core/panic.o
 .rodata.str1.1
                0xffffffff8010711c       0xe0 build/kernel/memory/mem.o
 *fill*         0xffffffff801071fc        0x4 
 .rodata.str1.8
                0xffffffff80107200       0x6f build/kernel/memory/mem.o
 .rodata.str1.1
                0xffffffff8010726f      0x1f8 build/kernel/memory/pmm.o
 *fill*         0xffffffff80107467        0x1 
 .rodata.str1.8
                0xffffffff80107468       0xdb build/kernel/memory/pmm.o
 *fill*         0xffffffff80107543        0x5 
 .rodata.str1.8
                0xffffffff80107548      0x367 build/kernel/processes/process.o
 .rodata.str1.1
                0xffffffff801078af      0x129 build/kernel/processes/process.o
 .rodata.str1.1
                0xffffffff801079d8       0x86 build/kernel/processes/scheduler.o
 *fill*         0xffffffff80107a5e        0x2 
 .rodata.str1.8
                0xffffffff80107a60       0xbf build/kernel/processes/scheduler.o
 *fill*         0xffffffff80107b1f        0x1 
 .rodata.str1.8
                0xffffffff80107b20       0xe9 build/kernel/processes/syscall.o
 .rodata.str1.1
                0xffffffff80107c09      0x114 build/kernel/processes/syscall.o
 .rodata.str1.1
                0xffffffff80107d1d       0x34 build/kernel/architecture/x86_64/gdt.o
 .rodata.str1.1
                0xffffffff80107d51       0x5e build/kernel/architecture/x86_64/idt.o
 .rodata.str1.1
                0xffffffff80107daf       0x29 build/kernel/architecture/x86_64/tss.o
 .rodata.str1.8
                0xffffffff80107dd8      0x1cc build/kernel/architecture/x86_64/paging.o
 .rodata.str1.1
                0xffffffff80107fa4       0xc6 build/kernel/architecture/x86_64/paging.o
 *fill*         0xffffffff8010806a        0x6 
 .rodata.str1.8
                0xffffffff80108070       0x28 build/kernel/architecture/x86_64/usermode.o
 .rodata.str1.1
                0xffffffff80108098       0x3e build/drivers/serial/serial.o
 .rodata.str1.1
                0xffffffff801080d6      0x169 build/file_system/vfs/vfs.o
 *fill*         0xffffffff8010823f        0x1 
 .rodata.str1.8
                0xffffffff80108240      0x38b build/file_system/vfs/vfs.o
 *fill*         0xffffffff801085cb        0x5 
 .rodata.str1.8
                0xffffffff801085d0      0x26c build/file_system/shadowfs/shadowfs.o
 .rodata.str1.1
                0xffffffff8010883c      0x103 build/file_system/shadowfs/shadowfs.o
 .rodata.str1.1
                0xffffffff8010893f       0xb0 build/apps/shell/shell.o
 *fill*         0xffffffff801089ef        0x1 
 .rodata.str1.8
                0xffffffff801089f0      0x160 build/apps/shell/shell.o

.eh_frame       0xffffffff80108b50     0x12b0
 .eh_frame      0xffffffff80108b50       0xc0 build/kernel/core/kernel.o
 .eh_frame      0xffffffff80108c10       0xe8 build/kernel/core/kprintf.o
 .eh_frame      0xffffffff80108cf8       0x38 build/kernel/core/panic.o
 .eh_frame      0xffffffff80108d30       0xa0 build/kernel/memory/mem.o
 .eh_frame      0xffffffff80108dd0      0x108 build/kernel/memory/pmm.o
 .eh_frame      0xffffffff80108ed8      0x180 build/kernel/processes/process.o
 .eh_frame      0xffffffff80109058       0xd0 build/kernel/processes/scheduler.o
 .eh_frame      0xffffffff80109128      0x198 build/kernel/processes/syscall.o
 .eh_frame      0xffffffff801092c0       0x58 build/kernel/architecture/x86_64/gdt.o
 .eh_frame      0xffffffff80109318       0x98 build/kernel/architecture/x86_64/idt.o
 .eh_frame      0xffffffff801093b0       0x68 build/kernel/architecture/x86_64/pic.o
 .eh_frame      0xffffffff80109418       0x50 build/kernel/architecture/x86_64/tss.o
 .eh_frame      0xffffffff80109468      0x218 build/kernel/architecture/x86_64/paging.o
 .eh_frame      0xffffffff80109680       0x40 build/kernel/architecture/x86_64/usermode.o
 .eh_frame      0xffffffff801096c0       0x98 build/drivers/display/vga.o
 .eh_frame      0xffffffff80109758       0x90 build/drivers/input/keyboard.o
 .eh_frame      0xffffffff801097e8       0x78 build/drivers/timer/timer.o
 .eh_frame      0xffffffff80109860       0x98 build/drivers/serial/serial.o
 .eh_frame      0xffffffff801098f8      0x238 build/file_system/vfs/vfs.o
 .eh_frame      0xffffffff80109b30      0x230 build/file_system/shadowfs/shadowfs.o
 .eh_frame      0xffffffff80109d60       0xa0 build/apps/shell/shell.o

.data           0xffffffff80109e00       0x60
 *(.data)
 .data          0xffffffff80109e00        0x0 build/kernel/core/kernel.o
 .data          0xffffffff80109e00        0x0 build/kernel/core/kprintf.o
 .data          0xffffffff80109e00        0x0 build/kernel/core/panic.o
 .data          0xffffffff80109e00        0x0 build/kernel/memory/mem.o
 .data          0xffffffff80109e00        0x0 build/kernel/memory/pmm.o
 .data          0xffffffff80109e00        0x0 build/kernel/processes/process.o
 .data          0xffffffff80109e00        0x0 build/kernel/processes/scheduler.o
 .data          0xffffffff80109e00        0x0 build/kernel/processes/syscall.o
 .data          0xffffffff80109e00        0x0 build/kernel/architecture/x86_64/gdt.o
 .data          0xffffffff80109e00        0x0 build/kernel/architecture/x86_64/idt.o
 .data          0xffffffff80109e00        0x0 build/kernel/architecture/x86_64/pic.o
 .data          0xffffffff80109e00        0x0 build/kernel/architecture/x86_64/tss.o
 .data          0xffffffff80109e00        0x0 build/kernel/architecture/x86_64/paging.o
 .data          0xffffffff80109e00        0x0 build/kernel/architecture/x86_64/usermode.o
 .data          0xffffffff80109e00        0x0 build/drivers/display/vga.o
 .data          0xffffffff80109e00        0x0 build/drivers/input/keyboard.o
 .data          0xffffffff80109e00        0x0 build/drivers/timer/timer.o
 .data          0xffffffff80109e00        0x0 build/drivers/serial/serial.o
 .data          0xffffffff80109e00        0x0 build/file_system/vfs/vfs.o
 .data          0xffffffff80109e00       0x60 build/file_system/shadowfs/shadowfs.o
 .data          0xffffffff80109e60        0x0 build/apps/shell/shell.o

.bss            0xffffffff8010a000     0x3f60
                0xffffffff8010a000                __bss_start = .
 *(.bss)
 .bss           0xffffffff8010a000        0x0 build/kernel/core/kernel.o
 .bss           0xffffffff8010a000        0x0 build/kernel/core/kprintf.o
 .bss           0xffffffff8010a000        0x0 build/kernel/core/panic.o
 .bss           0xffffffff8010a000       0x10 build/kernel/memory/mem.o
 .bss           0xffffffff8010a010       0x10 build/kernel/memory/pmm.o
 .bss           0xffffffff8010a020       0xa0 build/kernel/processes/process.o
                0xffffffff8010a020                next_pid
                0xffffffff8010a028                current_process
                0xffffffff8010a040                process_table
 .bss           0xffffffff8010a0c0       0x10 build/kernel/processes/scheduler.o
 .bss           0xffffffff8010a0d0        0x0 build/kernel/processes/syscall.o
 *fill*         0xffffffff8010a0d0       0x10 
 .bss           0xffffffff8010a0e0       0x58 build/kernel/architecture/x86_64/gdt.o
 *fill*         0xffffffff8010a138        0x8 
 .bss           0xffffffff8010a140     0x1020 build/kernel/architecture/x86_64/idt.o
 .bss           0xffffffff8010b160        0x0 build/kernel/architecture/x86_64/pic.o
 .bss           0xffffffff8010b160       0x68 build/kernel/architecture/x86_64/tss.o
 .bss           0xffffffff8010b1c8        0x8 build/kernel/architecture/x86_64/paging.o
                0xffffffff8010b1c8                kernel_pml4
 *fill*         0xffffffff8010b1d0      0xe30 
 .bss           0xffffffff8010c000     0x1000 build/kernel/architecture/x86_64/usermode.o
 .bss           0xffffffff8010d000        0xc build/drivers/display/vga.o
 *fill*         0xffffffff8010d00c        0x4 
 .bss           0xffffffff8010d010        0x9 build/drivers/input/keyboard.o
                0xffffffff8010d010                keyboard_waiting
 *fill*         0xffffffff8010d019        0x3 
 .bss           0xffffffff8010d01c        0x4 build/drivers/timer/timer.o
 .bss           0xffffffff8010d020        0x0 build/drivers/serial/serial.o
 .bss           0xffffffff8010d020      0xe20 build/file_system/vfs/vfs.o
 .bss           0xffffffff8010de40        0x0 build/file_system/shadowfs/shadowfs.o
 .bss           0xffffffff8010de40      0x120 build/apps/shell/shell.o
 *(COMMON)
                0xffffffff8010df60                __bss_end = .
LOAD build/kernel/architecture/x86_64/start.asm.o
LOAD build/kernel/architecture/x86_64/gdt_flush.asm.o
LOAD build/kernel/architecture/x86_64/idt_flush.asm.o
LOAD build/kernel/architecture/x86_64/isr.asm.o
LOAD build/kernel/architecture/x86_64/switch.asm.o
LOAD build/kernel/architecture/x86_64/usermode.asm.o
LOAD build/kernel/core/kernel.o
LOAD build/kernel/core/kprintf.o
LOAD build/kernel/core/panic.o
LOAD build/kernel/memory/mem.o
LOAD build/kernel/memory/pmm.o
LOAD build/kernel/processes/process.o
LOAD build/kernel/processes/scheduler.o
LOAD build/kernel/processes/syscall.o
LOAD build/kernel/architecture/x86_64/gdt.o
LOAD build/kernel/architecture/x86_64/idt.o
LOAD build/kernel/architecture/x86_64/pic.o
LOAD build/kernel/architecture/x86_64/tss.o
LOAD build/kernel/architecture/x86_64/paging.o
LOAD build/kernel/architecture/x86_64/usermode.o
LOAD build/drivers/display/vga.o
LOAD build/drivers/input/keyboard.o
LOAD build/drivers/timer/timer.o
LOAD build/drivers/serial/serial.o
LOAD build/file_system/vfs/vfs.o
LOAD build/file_system/shadowfs/shadowfs.o
LOAD build/apps/shell/shell.o
OUTPUT(build/kernel.bin binary)

.comment        0x0000000000000000      0x18f
 .comment       0x0000000000000000       0x13 build/kernel/core/kernel.o
 .comment       0x0000000000000013       0x13 build/kernel/core/kprintf.o
 .comment       0x0000000000000026       0x13 build/kernel/core/panic.o
 .comment       0x0000000000000039       0x13 build/kernel/memory/mem.o
 .comment       0x000000000000004c       0x13 build/kernel/memory/pmm.o
 .comment       0x000000000000005f       0x13 build/kernel/processes/process.o
 .comment       0x0000000000000072       0x13 build/kernel/processes/scheduler.o
 .comment       0x0000000000000085       0x13 build/kernel/processes/syscall.o
 .comment       0x0000000000000098       0x13 build/kernel/architecture/x86_64/gdt.o
 .comment       0x00000000000000ab       0x13 build/kernel/architecture/x86_64/idt.o
 .comment       0x00000000000000be       0x13 build/kernel/architecture/x86_64/pic.o
 .comment       0x00000000000000d1       0x13 build/kernel/architecture/x86_64/tss.o
 .comment       0x00000000000000e4       0x13 build/kernel/architecture/x86_64/paging.o
 .comment       0x00000000000000f7       0x13 build/kernel/architecture/x86_64/usermode.o
 .comment       0x000000000000010a       0x13 build/drivers/display/vga.o
 .comment       0x000000000000011d       0x13 build/drivers/input/keyboard.o
 .comment       0x0000000000000130       0x13 build/drivers/timer/timer.o
 .comment       0x0000000000000143       0x13 build/drivers/serial/serial.o
 .comment       0x0000000000000156       0x13 build/file_system/vfs/vfs.o
 .comment       0x0000000000000169       0x13 build/file_system/shadowfs/shadowfs.o
 .comment       0x000000000000017c       0x13 build/apps/shell/shell.o
