
There are no discarded input sections

Memory Configuration

Name             Origin             Length             Attributes
*default*        0x0000000000000000 0xffffffffffffffff

Linker script and memory map

                0xffffffff80100000                . = 0xffffffff80100000

.text           0xffffffff80100000     0x66ab
 *(.text.boot)
 .text.boot     0xffffffff80100000       0x48 build/kernel/architecture/x86_64/start.asm.o
                0xffffffff80100000                _start
 *(.text)
 *fill*         0xffffffff80100048        0x8 
 .text          0xffffffff80100050       0x18 build/kernel/architecture/x86_64/gdt_flush.asm.o
                0xffffffff80100050                gdt_flush
 *fill*         0xffffffff80100068        0x8 
 .text          0xffffffff80100070        0x4 build/kernel/architecture/x86_64/idt_flush.asm.o
                0xffffffff80100070                idt_flush
 *fill*         0xffffffff80100074        0xc 
 .text          0xffffffff80100080       0xe5 build/kernel/architecture/x86_64/isr.asm.o
                0xffffffff80100080                isr0
                0xffffffff80100087                isr1
                0xffffffff8010008e                isr2
                0xffffffff80100095                isr3
                0xffffffff8010009c                isr128
                0xffffffff801000a6                isr14
                0xffffffff801000ab                irq0
                0xffffffff801000b2                irq1
 *fill*         0xffffffff80100165        0xb 
 .text          0xffffffff80100170       0xa1 build/kernel/architecture/x86_64/switch.asm.o
                0xffffffff80100170                switch_context
 *fill*         0xffffffff80100211        0xf 
 .text          0xffffffff80100220       0x28 build/kernel/architecture/x86_64/usermode.asm.o
                0xffffffff80100220                enter_usermode
                0xffffffff80100239                iret_to_usermode
 .text          0xffffffff80100248      0x9a6 build/kernel/core/kernel.o
                0xffffffff801002f8                kernel_main
 *fill*         0xffffffff80100bee       0x12 
 .text          0xffffffff80100c00      0x870 build/kernel/core/kprintf.o
                0xffffffff80100d89                kvsnprintf
                0xffffffff8010133e                kprintf
                0xffffffff801013ca                kserial_printf
 .text          0xffffffff80101470       0x6f build/kernel/core/panic.o
                0xffffffff80101470                kpanic
 *fill*         0xffffffff801014df        0x1 
 .text          0xffffffff801014e0      0x2e6 build/kernel/memory/mem.o
                0xffffffff801014e0                mem_init
                0xffffffff80101546                kmalloc
                0xffffffff80101662                kfree
                0xffffffff801016d6                mem_print_stats
 *fill*         0xffffffff801017c6       0x1a 
 .text          0xffffffff801017e0      0x4e7 build/kernel/memory/pmm.o
                0xffffffff80101826                pmm_init
                0xffffffff80101b63                pmm_alloc
                0xffffffff80101bee                pmm_free
                0xffffffff80101c0b                pmm_free_pages
                0xffffffff80101c1a                pmm_used_pages
                0xffffffff80101c22                pmm_print_stats
 *fill*         0xffffffff80101cc7       0x39 
 .text          0xffffffff80101d00      0xc20 build/kernel/processes/process.o
                0xffffffff80101d00                process_init
                0xffffffff80101d59                process_create
                0xffffffff80101fd7                process_exit
                0xffffffff80101fff                process_print_all
                0xffffffff801020bc                process_block
                0xffffffff801020c9                process_wake
                0xffffffff801020dc                create_user_process
                0xffffffff8010238d                process_fork
                0xffffffff80102795                process_exec
 .text          0xffffffff80102920      0x2b7 build/kernel/processes/scheduler.o
                0xffffffff80102920                scheduler_init
                0xffffffff8010294d                scheduler_add
                0xffffffff801029cc                scheduler_tick
                0xffffffff80102aeb                scheduler_yield
                0xffffffff80102b12                scheduler_start
 *fill*         0xffffffff80102bd7        0x9 
 .text          0xffffffff80102be0      0x4f2 build/kernel/processes/syscall.o
                0xffffffff8010303c                syscall_handler
                0xffffffff801030bb                syscall_init
 .text          0xffffffff801030d2      0x1f9 build/kernel/architecture/x86_64/gdt.o
                0xffffffff801030d2                gdt_init
                0xffffffff80103271                gdt_set_tss_entry
 *fill*         0xffffffff801032cb        0x1 
 .text          0xffffffff801032cc      0x22c build/kernel/architecture/x86_64/idt.o
                0xffffffff801032cc                idt_set_entry
                0xffffffff80103306                idt_init
                0xffffffff80103404                isr_handler
                0xffffffff801034a4                irq_handler
 .text          0xffffffff801034f8       0xb8 build/kernel/architecture/x86_64/pic.o
                0xffffffff801034f8                pic_init
                0xffffffff80103564                pic_send_eoi
                0xffffffff80103578                pic_mask
                0xffffffff80103598                pic_unmask
 .text          0xffffffff801035b0       0x92 build/kernel/architecture/x86_64/tss.o
                0xffffffff801035b0                tss_init
                0xffffffff8010363a                tss_set_kernel_stack
 *fill*         0xffffffff80103642       0x1e 
 .text          0xffffffff80103660      0xa8a build/kernel/architecture/x86_64/paging.o
                0xffffffff8010391a                physical_to_virtual
                0xffffffff80103928                virtual_to_physical
                0xffffffff80103936                paging_init
                0xffffffff80103975                map_page
                0xffffffff80103a43                map_page_in
                0xffffffff80103b2a                unmap_page
                0xffffffff80103b61                get_physical
                0xffffffff80103bf1                paging_clone_directory
                0xffffffff80103c65                paging_switch_directory
                0xffffffff80103ca1                paging_deep_copy_directory
                0xffffffff80103fd3                page_fault_handler
 .text          0xffffffff801040ea       0x3f build/kernel/architecture/x86_64/usermode.o
                0xffffffff801040ea                jump_to_usermode
 *fill*         0xffffffff80104129       0x17 
 .text          0xffffffff80104140      0x20b build/drivers/display/vga.o
                0xffffffff80104140                vga_set_colour
                0xffffffff8010414d                vga_clear
                0xffffffff80104191                vga_putchar
                0xffffffff80104305                vga_print
                0xffffffff80104334                vga_init
 .text          0xffffffff8010434b       0xa0 build/drivers/input/keyboard.o
                0xffffffff8010434b                keyboard_handler
                0xffffffff80104388                keyboard_init
                0xffffffff80104389                keyboard_wait
                0xffffffff801043b4                keyboard_getchar
 *fill*         0xffffffff801043eb       0x15 
 .text          0xffffffff80104400      0x12b build/drivers/timer/timer.o
                0xffffffff80104400                timer_handler
                0xffffffff801044fc                timer_get_ticks
                0xffffffff80104503                timer_get_seconds
                0xffffffff80104515                timer_init
 .text          0xffffffff8010452b       0xcd build/drivers/serial/serial.o
                0xffffffff8010452b                serial_putchar
                0xffffffff8010453e                serial_print
                0xffffffff8010457a                serial_println
                0xffffffff80104591                serial_init
 *fill*         0xffffffff801045f8        0x8 
 .text          0xffffffff80104600      0xe4d build/file_system/vfs/vfs.o
                0xffffffff80104600                vfs_init
                0xffffffff801046ad                vfs_mount
                0xffffffff80104830                vfs_find_mount
                0xffffffff801048e5                vfs_resolve_path
                0xffffffff80104ab7                vfs_alloc_fd
                0xffffffff80104b04                vfs_free_fd
                0xffffffff80104b1c                vfs_get_file
                0xffffffff80104b36                vfs_open
                0xffffffff80104e39                vfs_close
                0xffffffff80104ec5                vfs_read
                0xffffffff80104f66                vfs_write
                0xffffffff80105007                vfs_mkdir
                0xffffffff801051ee                vfs_readdir
                0xffffffff8010527d                vfs_delete
 *fill*         0xffffffff8010544d       0x13 
 .text          0xffffffff80105460      0xc2a build/file_system/shadowfs/shadowfs.o
                0xffffffff80105f07                shadowfs_get_ops
                0xffffffff80105f0f                shadowfs_mount
 *fill*         0xffffffff8010608a       0x16 
 .text          0xffffffff801060a0      0x60b build/apps/shell/shell.o
                0xffffffff801060fc                shell_handle_key
                0xffffffff80106691                shell_init

.rodata         0xffffffff801066c0     0x2250
 *(.rodata)
 .rodata        0xffffffff801066c0      0x160 build/kernel/core/kprintf.o
 .rodata        0xffffffff80106820       0x40 build/kernel/processes/syscall.o
 .rodata        0xffffffff80106860       0x3b build/drivers/input/keyboard.o
 *(.rodata.*)
 .rodata.str1.1
                0xffffffff8010689b      0x477 build/kernel/core/kernel.o
 *fill*         0xffffffff80106d12        0x6 
 .rodata.str1.8
                0xffffffff80106d18      0x1a0 build/kernel/core/kernel.o
 .rodata.str1.1
                0xffffffff80106eb8       0x18 build/kernel/core/kprintf.o
 .rodata.str1.1
                0xffffffff80106ed0       0x55 build/kernel/core/panic.o
 .rodata.str1.1
                0xffffffff80106f25       0xe0 build/kernel/memory/mem.o
 *fill*         0xffffffff80107005        0x3 
 .rodata.str1.8
                0xffffffff80107008       0x6f build/kernel/memory/mem.o
 .rodata.str1.1
                0xffffffff80107077      0x1f8 build/kernel/memory/pmm.o
 *fill*         0xffffffff8010726f        0x1 
 .rodata.str1.8
                0xffffffff80107270       0xdb build/kernel/memory/pmm.o
 *fill*         0xffffffff8010734b        0x5 
 .rodata.str1.8
                0xffffffff80107350      0x340 build/kernel/processes/process.o
 .rodata.str1.1
                0xffffffff80107690      0x129 build/kernel/processes/process.o
 .rodata.str1.1
                0xffffffff801077b9       0x86 build/kernel/processes/scheduler.o
 *fill*         0xffffffff8010783f        0x1 
 .rodata.str1.8
                0xffffffff80107840       0xbf build/kernel/processes/scheduler.o
 .rodata.str1.1
                0xffffffff801078ff      0x114 build/kernel/processes/syscall.o
 *fill*         0xffffffff80107a13        0x5 
 .rodata.str1.8
                0xffffffff80107a18       0xc1 build/kernel/processes/syscall.o
 .rodata.str1.1
                0xffffffff80107ad9       0x34 build/kernel/architecture/x86_64/gdt.o
 .rodata.str1.1
                0xffffffff80107b0d       0x5e build/kernel/architecture/x86_64/idt.o
 .rodata.str1.1
                0xffffffff80107b6b       0x29 build/kernel/architecture/x86_64/tss.o
 *fill*         0xffffffff80107b94        0x4 
 .rodata.str1.8
                0xffffffff80107b98      0x1cc build/kernel/architecture/x86_64/paging.o
 .rodata.str1.1
                0xffffffff80107d64       0xc6 build/kernel/architecture/x86_64/paging.o
 *fill*         0xffffffff80107e2a        0x6 
 .rodata.str1.8
                0xffffffff80107e30       0x28 build/kernel/architecture/x86_64/usermode.o
 .rodata.str1.1
                0xffffffff80107e58       0x3e build/drivers/serial/serial.o
 .rodata.str1.1
                0xffffffff80107e96      0x169 build/file_system/vfs/vfs.o
 *fill*         0xffffffff80107fff        0x1 
 .rodata.str1.8
                0xffffffff80108000      0x38b build/file_system/vfs/vfs.o
 *fill*         0xffffffff8010838b        0x5 
 .rodata.str1.8
                0xffffffff80108390      0x26c build/file_system/shadowfs/shadowfs.o
 .rodata.str1.1
                0xffffffff801085fc      0x103 build/file_system/shadowfs/shadowfs.o
 .rodata.str1.1
                0xffffffff801086ff       0xb0 build/apps/shell/shell.o
 *fill*         0xffffffff801087af        0x1 
 .rodata.str1.8
                0xffffffff801087b0      0x160 build/apps/shell/shell.o

.eh_frame       0xffffffff80108910     0x1278
 .eh_frame      0xffffffff80108910       0x88 build/kernel/core/kernel.o
 .eh_frame      0xffffffff80108998       0xe8 build/kernel/core/kprintf.o
 .eh_frame      0xffffffff80108a80       0x38 build/kernel/core/panic.o
 .eh_frame      0xffffffff80108ab8       0xa0 build/kernel/memory/mem.o
 .eh_frame      0xffffffff80108b58      0x108 build/kernel/memory/pmm.o
 .eh_frame      0xffffffff80108c60      0x180 build/kernel/processes/process.o
 .eh_frame      0xffffffff80108de0       0xd0 build/kernel/processes/scheduler.o
 .eh_frame      0xffffffff80108eb0      0x198 build/kernel/processes/syscall.o
 .eh_frame      0xffffffff80109048       0x58 build/kernel/architecture/x86_64/gdt.o
 .eh_frame      0xffffffff801090a0       0x98 build/kernel/architecture/x86_64/idt.o
 .eh_frame      0xffffffff80109138       0x68 build/kernel/architecture/x86_64/pic.o
 .eh_frame      0xffffffff801091a0       0x50 build/kernel/architecture/x86_64/tss.o
 .eh_frame      0xffffffff801091f0      0x218 build/kernel/architecture/x86_64/paging.o
 .eh_frame      0xffffffff80109408       0x40 build/kernel/architecture/x86_64/usermode.o
 .eh_frame      0xffffffff80109448       0x98 build/drivers/display/vga.o
 .eh_frame      0xffffffff801094e0       0x90 build/drivers/input/keyboard.o
 .eh_frame      0xffffffff80109570       0x78 build/drivers/timer/timer.o
 .eh_frame      0xffffffff801095e8       0x98 build/drivers/serial/serial.o
 .eh_frame      0xffffffff80109680      0x238 build/file_system/vfs/vfs.o
 .eh_frame      0xffffffff801098b8      0x230 build/file_system/shadowfs/shadowfs.o
 .eh_frame      0xffffffff80109ae8       0xa0 build/apps/shell/shell.o

.data           0xffffffff80109ba0       0x60
 *(.data)
 .data          0xffffffff80109ba0        0x0 build/kernel/core/kernel.o
 .data          0xffffffff80109ba0        0x0 build/kernel/core/kprintf.o
 .data          0xffffffff80109ba0        0x0 build/kernel/core/panic.o
 .data          0xffffffff80109ba0        0x0 build/kernel/memory/mem.o
 .data          0xffffffff80109ba0        0x0 build/kernel/memory/pmm.o
 .data          0xffffffff80109ba0        0x0 build/kernel/processes/process.o
 .data          0xffffffff80109ba0        0x0 build/kernel/processes/scheduler.o
 .data          0xffffffff80109ba0        0x0 build/kernel/processes/syscall.o
 .data          0xffffffff80109ba0        0x0 build/kernel/architecture/x86_64/gdt.o
 .data          0xffffffff80109ba0        0x0 build/kernel/architecture/x86_64/idt.o
 .data          0xffffffff80109ba0        0x0 build/kernel/architecture/x86_64/pic.o
 .data          0xffffffff80109ba0        0x0 build/kernel/architecture/x86_64/tss.o
 .data          0xffffffff80109ba0        0x0 build/kernel/architecture/x86_64/paging.o
 .data          0xffffffff80109ba0        0x0 build/kernel/architecture/x86_64/usermode.o
 .data          0xffffffff80109ba0        0x0 build/drivers/display/vga.o
 .data          0xffffffff80109ba0        0x0 build/drivers/input/keyboard.o
 .data          0xffffffff80109ba0        0x0 build/drivers/timer/timer.o
 .data          0xffffffff80109ba0        0x0 build/drivers/serial/serial.o
 .data          0xffffffff80109ba0        0x0 build/file_system/vfs/vfs.o
 .data          0xffffffff80109ba0       0x60 build/file_system/shadowfs/shadowfs.o
 .data          0xffffffff80109c00        0x0 build/apps/shell/shell.o

.bss            0xffffffff8010a000     0x3f60
                0xffffffff8010a000                __bss_start = .
 *(.bss)
 .bss           0xffffffff8010a000        0x0 build/kernel/core/kernel.o
 .bss           0xffffffff8010a000        0x0 build/kernel/core/kprintf.o
 .bss           0xffffffff8010a000        0x0 build/kernel/core/panic.o
 .bss           0xffffffff8010a000       0x10 build/kernel/memory/mem.o
 .bss           0xffffffff8010a010       0x10 build/kernel/memory/pmm.o
 .bss           0xffffffff8010a020       0xa0 build/kernel/processes/process.o
                0xffffffff8010a020                next_pid
                0xffffffff8010a028                current_process
                0xffffffff8010a040                process_table
 .bss           0xffffffff8010a0c0       0x10 build/kernel/processes/scheduler.o
 .bss           0xffffffff8010a0d0        0x0 build/kernel/processes/syscall.o
 *fill*         0xffffffff8010a0d0       0x10 
 .bss           0xffffffff8010a0e0       0x58 build/kernel/architecture/x86_64/gdt.o
 *fill*         0xffffffff8010a138        0x8 
 .bss           0xffffffff8010a140     0x1020 build/kernel/architecture/x86_64/idt.o
 .bss           0xffffffff8010b160        0x0 build/kernel/architecture/x86_64/pic.o
 .bss           0xffffffff8010b160       0x68 build/kernel/architecture/x86_64/tss.o
 .bss           0xffffffff8010b1c8        0x8 build/kernel/architecture/x86_64/paging.o
                0xffffffff8010b1c8                kernel_pml4
 *fill*         0xffffffff8010b1d0      0xe30 
 .bss           0xffffffff8010c000     0x1000 build/kernel/architecture/x86_64/usermode.o
 .bss           0xffffffff8010d000        0xc build/drivers/display/vga.o
 *fill*         0xffffffff8010d00c        0x4 
 .bss           0xffffffff8010d010        0x9 build/drivers/input/keyboard.o
                0xffffffff8010d010                keyboard_waiting
 *fill*         0xffffffff8010d019        0x3 
 .bss           0xffffffff8010d01c        0x4 build/drivers/timer/timer.o
 .bss           0xffffffff8010d020        0x0 build/drivers/serial/serial.o
 .bss           0xffffffff8010d020      0xe20 build/file_system/vfs/vfs.o
 .bss           0xffffffff8010de40        0x0 build/file_system/shadowfs/shadowfs.o
 .bss           0xffffffff8010de40      0x120 build/apps/shell/shell.o
 *(COMMON)
                0xffffffff8010df60                __bss_end = .
LOAD build/kernel/architecture/x86_64/start.asm.o
LOAD build/kernel/architecture/x86_64/gdt_flush.asm.o
LOAD build/kernel/architecture/x86_64/idt_flush.asm.o
LOAD build/kernel/architecture/x86_64/isr.asm.o
LOAD build/kernel/architecture/x86_64/switch.asm.o
LOAD build/kernel/architecture/x86_64/usermode.asm.o
LOAD build/kernel/core/kernel.o
LOAD build/kernel/core/kprintf.o
LOAD build/kernel/core/panic.o
LOAD build/kernel/memory/mem.o
LOAD build/kernel/memory/pmm.o
LOAD build/kernel/processes/process.o
LOAD build/kernel/processes/scheduler.o
LOAD build/kernel/processes/syscall.o
LOAD build/kernel/architecture/x86_64/gdt.o
LOAD build/kernel/architecture/x86_64/idt.o
LOAD build/kernel/architecture/x86_64/pic.o
LOAD build/kernel/architecture/x86_64/tss.o
LOAD build/kernel/architecture/x86_64/paging.o
LOAD build/kernel/architecture/x86_64/usermode.o
LOAD build/drivers/display/vga.o
LOAD build/drivers/input/keyboard.o
LOAD build/drivers/timer/timer.o
LOAD build/drivers/serial/serial.o
LOAD build/file_system/vfs/vfs.o
LOAD build/file_system/shadowfs/shadowfs.o
LOAD build/apps/shell/shell.o
OUTPUT(build/kernel.bin binary)

.comment        0x0000000000000000      0x18f
 .comment       0x0000000000000000       0x13 build/kernel/core/kernel.o
 .comment       0x0000000000000013       0x13 build/kernel/core/kprintf.o
 .comment       0x0000000000000026       0x13 build/kernel/core/panic.o
 .comment       0x0000000000000039       0x13 build/kernel/memory/mem.o
 .comment       0x000000000000004c       0x13 build/kernel/memory/pmm.o
 .comment       0x000000000000005f       0x13 build/kernel/processes/process.o
 .comment       0x0000000000000072       0x13 build/kernel/processes/scheduler.o
 .comment       0x0000000000000085       0x13 build/kernel/processes/syscall.o
 .comment       0x0000000000000098       0x13 build/kernel/architecture/x86_64/gdt.o
 .comment       0x00000000000000ab       0x13 build/kernel/architecture/x86_64/idt.o
 .comment       0x00000000000000be       0x13 build/kernel/architecture/x86_64/pic.o
 .comment       0x00000000000000d1       0x13 build/kernel/architecture/x86_64/tss.o
 .comment       0x00000000000000e4       0x13 build/kernel/architecture/x86_64/paging.o
 .comment       0x00000000000000f7       0x13 build/kernel/architecture/x86_64/usermode.o
 .comment       0x000000000000010a       0x13 build/drivers/display/vga.o
 .comment       0x000000000000011d       0x13 build/drivers/input/keyboard.o
 .comment       0x0000000000000130       0x13 build/drivers/timer/timer.o
 .comment       0x0000000000000143       0x13 build/drivers/serial/serial.o
 .comment       0x0000000000000156       0x13 build/file_system/vfs/vfs.o
 .comment       0x0000000000000169       0x13 build/file_system/shadowfs/shadowfs.o
 .comment       0x000000000000017c       0x13 build/apps/shell/shell.o
